[resume] starting fresh (no snapshot to resume from)
wandb: [wandb.login()] Loaded credentials for https://api.wandb.ai from /root/.netrc.
wandb: Currently logged in as: jasonna24 (jasonna24-) to https://api.wandb.ai. Use `wandb login --relogin` to force relogin
wandb: setting up run ifgwj3g7
wandb: Tracking run with wandb version 0.26.1
wandb: Run data is saved locally in /workspace/wandb/run-20260514_032921-ifgwj3g7
wandb: Run `wandb offline` to turn off syncing.
wandb: Syncing run trial4
wandb: ⭐️ View project at https://wandb.ai/jasonna24-/triplane-ae
wandb: 🚀 View run at https://wandb.ai/jasonna24-/triplane-ae/runs/ifgwj3g7
[train] latent data_range (p99-p1) = 4.8088
/opt/conda/lib/python3.11/site-packages/torch/nn/modules/transformer.py:382: UserWarning: enable_nested_tensor is True, but self.use_nested_tensor is False because encoder_layer.norm_first was True
  warnings.warn(
[train] exp=trial4  model=TriplaneAE  device=cuda
[train] batches=5000  batch_size=1  epochs=50
[eval] Loading MAISI decoder for image-domain validation...
[load_state] missing=0 unexpected=0
[eval] torch.compile disabled (eval.compile_maisi=false).
[eval] MAISI decoder ready.
[train] AMP mode: bfloat16 autocast (no GradScaler needed)
[epoch 1 step 000]  loss=1.12e+00  l1=0.00e+00  l2=1.12e+00  psnr=13.1  cos=0.0040
[epoch 1 step 050]  loss=8.36e-01  l1=0.00e+00  l2=8.36e-01  psnr=14.4  cos=0.2038
[epoch 1 step 100]  loss=7.25e-01  l1=0.00e+00  l2=7.25e-01  psnr=15.0  cos=0.3373
[epoch 1 step 150]  loss=7.48e-01  l1=0.00e+00  l2=7.48e-01  psnr=14.9  cos=0.3602
[epoch 1 step 200]  loss=8.46e-01  l1=0.00e+00  l2=8.46e-01  psnr=14.4  cos=0.4939
[epoch 1 step 250]  loss=6.35e-01  l1=0.00e+00  l2=6.35e-01  psnr=15.6  cos=0.5709
[epoch 1 step 300]  loss=9.04e-01  l1=0.00e+00  l2=9.04e-01  psnr=14.1  cos=0.4331
[epoch 1 step 350]  loss=6.78e-01  l1=0.00e+00  l2=6.78e-01  psnr=15.3  cos=0.5236
[epoch 1 step 400]  loss=9.44e-01  l1=0.00e+00  l2=9.44e-01  psnr=13.9  cos=0.4803
[epoch 1 step 450]  loss=1.14e+00  l1=0.00e+00  l2=1.14e+00  psnr=13.1  cos=0.4113
[epoch 1 step 500]  loss=7.34e-01  l1=0.00e+00  l2=7.34e-01  psnr=15.0  cos=0.3942
[epoch 1 step 550]  loss=8.46e-01  l1=0.00e+00  l2=8.46e-01  psnr=14.4  cos=0.4169
[epoch 1 step 600]  loss=6.75e-01  l1=0.00e+00  l2=6.75e-01  psnr=15.3  cos=0.4775
[epoch 1 step 650]  loss=7.75e-01  l1=0.00e+00  l2=7.75e-01  psnr=14.7  cos=0.4441
[epoch 1 step 700]  loss=7.40e-01  l1=0.00e+00  l2=7.40e-01  psnr=14.9  cos=0.4399
[epoch 1 step 750]  loss=7.66e-01  l1=0.00e+00  l2=7.66e-01  psnr=14.8  cos=0.4264
[epoch 1 step 800]  loss=8.48e-01  l1=0.00e+00  l2=8.48e-01  psnr=14.4  cos=0.3968
[epoch 1 step 850]  loss=7.10e-01  l1=0.00e+00  l2=7.10e-01  psnr=15.1  cos=0.4084
[epoch 1 step 900]  loss=1.00e+00  l1=0.00e+00  l2=1.00e+00  psnr=13.6  cos=0.4221
[epoch 1 step 950]  loss=6.96e-01  l1=0.00e+00  l2=6.96e-01  psnr=15.2  cos=0.4230
[epoch 1 step 1000]  loss=6.96e-01  l1=0.00e+00  l2=6.96e-01  psnr=15.2  cos=0.4228
[epoch 1 step 1050]  loss=9.29e-01  l1=0.00e+00  l2=9.29e-01  psnr=14.0  cos=0.4729
[epoch 1 step 1100]  loss=9.00e-01  l1=0.00e+00  l2=9.00e-01  psnr=14.1  cos=0.4899
[epoch 1 step 1150]  loss=6.96e-01  l1=0.00e+00  l2=6.96e-01  psnr=15.2  cos=0.4683
[epoch 1 step 1200]  loss=5.28e-01  l1=0.00e+00  l2=5.28e-01  psnr=16.4  cos=0.6434
[epoch 1 step 1250]  loss=7.24e-01  l1=0.00e+00  l2=7.24e-01  psnr=15.0  cos=0.5696
[epoch 1 step 1300]  loss=8.45e-01  l1=0.00e+00  l2=8.45e-01  psnr=14.4  cos=0.4819
[epoch 1 step 1350]  loss=6.86e-01  l1=0.00e+00  l2=6.86e-01  psnr=15.3  cos=0.5008
[epoch 1 step 1400]  loss=7.60e-01  l1=0.00e+00  l2=7.60e-01  psnr=14.8  cos=0.4146
[epoch 1 step 1450]  loss=6.37e-01  l1=0.00e+00  l2=6.37e-01  psnr=15.6  cos=0.5843
[epoch 1 step 1500]  loss=7.82e-01  l1=0.00e+00  l2=7.82e-01  psnr=14.7  cos=0.4787
[epoch 1 step 1550]  loss=7.59e-01  l1=0.00e+00  l2=7.59e-01  psnr=14.8  cos=0.4352
[epoch 1 step 1600]  loss=6.86e-01  l1=0.00e+00  l2=6.86e-01  psnr=15.3  cos=0.4971
[epoch 1 step 1650]  loss=6.52e-01  l1=0.00e+00  l2=6.52e-01  psnr=15.5  cos=0.4763
[epoch 1 step 1700]  loss=7.72e-01  l1=0.00e+00  l2=7.72e-01  psnr=14.8  cos=0.4926
[epoch 1 step 1750]  loss=6.73e-01  l1=0.00e+00  l2=6.73e-01  psnr=15.4  cos=0.4767
[epoch 1 step 1800]  loss=7.56e-01  l1=0.00e+00  l2=7.56e-01  psnr=14.9  cos=0.4290
[epoch 1 step 1850]  loss=7.04e-01  l1=0.00e+00  l2=7.04e-01  psnr=15.2  cos=0.4585
[epoch 1 step 1900]  loss=7.12e-01  l1=0.00e+00  l2=7.12e-01  psnr=15.1  cos=0.4590
[epoch 1 step 1950]  loss=7.14e-01  l1=0.00e+00  l2=7.14e-01  psnr=15.1  cos=0.4345
[epoch 1 step 2000]  loss=6.78e-01  l1=0.00e+00  l2=6.78e-01  psnr=15.3  cos=0.5032
[epoch 1 step 2050]  loss=1.16e+00  l1=0.00e+00  l2=1.16e+00  psnr=13.0  cos=0.4152
[epoch 1 step 2100]  loss=6.63e-01  l1=0.00e+00  l2=6.63e-01  psnr=15.4  cos=0.5826
[epoch 1 step 2150]  loss=6.49e-01  l1=0.00e+00  l2=6.49e-01  psnr=15.5  cos=0.4552
[epoch 1 step 2200]  loss=6.28e-01  l1=0.00e+00  l2=6.28e-01  psnr=15.7  cos=0.5614
[epoch 1 step 2250]  loss=6.41e-01  l1=0.00e+00  l2=6.41e-01  psnr=15.6  cos=0.5031
[epoch 1 step 2300]  loss=7.33e-01  l1=0.00e+00  l2=7.33e-01  psnr=15.0  cos=0.5248
[epoch 1 step 2350]  loss=7.17e-01  l1=0.00e+00  l2=7.17e-01  psnr=15.1  cos=0.4542
[epoch 1 step 2400]  loss=6.19e-01  l1=0.00e+00  l2=6.19e-01  psnr=15.7  cos=0.5417
[epoch 1 step 2450]  loss=9.59e-01  l1=0.00e+00  l2=9.59e-01  psnr=13.8  cos=0.5097
[epoch 1 step 2500]  loss=6.90e-01  l1=0.00e+00  l2=6.90e-01  psnr=15.3  cos=0.4443
[epoch 1 step 2550]  loss=7.49e-01  l1=0.00e+00  l2=7.49e-01  psnr=14.9  cos=0.4343
[epoch 1 step 2600]  loss=5.82e-01  l1=0.00e+00  l2=5.82e-01  psnr=16.0  cos=0.6151
[epoch 1 step 2650]  loss=6.98e-01  l1=0.00e+00  l2=6.98e-01  psnr=15.2  cos=0.4495
[epoch 1 step 2700]  loss=7.38e-01  l1=0.00e+00  l2=7.38e-01  psnr=15.0  cos=0.4553
[epoch 1 step 2750]  loss=7.00e-01  l1=0.00e+00  l2=7.00e-01  psnr=15.2  cos=0.4913
[epoch 1 step 2800]  loss=6.92e-01  l1=0.00e+00  l2=6.92e-01  psnr=15.2  cos=0.5115
[epoch 1 step 2850]  loss=6.31e-01  l1=0.00e+00  l2=6.31e-01  psnr=15.6  cos=0.5804
[epoch 1 step 2900]  loss=7.34e-01  l1=0.00e+00  l2=7.34e-01  psnr=15.0  cos=0.4733
[epoch 1 step 2950]  loss=9.10e-01  l1=0.00e+00  l2=9.10e-01  psnr=14.1  cos=0.5152
[epoch 1 step 3000]  loss=6.72e-01  l1=0.00e+00  l2=6.72e-01  psnr=15.4  cos=0.4733
[epoch 1 step 3050]  loss=6.62e-01  l1=0.00e+00  l2=6.62e-01  psnr=15.4  cos=0.4780
[epoch 1 step 3100]  loss=7.08e-01  l1=0.00e+00  l2=7.08e-01  psnr=15.1  cos=0.5503
[epoch 1 step 3150]  loss=8.11e-01  l1=0.00e+00  l2=8.11e-01  psnr=14.6  cos=0.5436
[epoch 1 step 3200]  loss=6.54e-01  l1=0.00e+00  l2=6.54e-01  psnr=15.5  cos=0.5031
[epoch 1 step 3250]  loss=6.92e-01  l1=0.00e+00  l2=6.92e-01  psnr=15.2  cos=0.4740
[epoch 1 step 3300]  loss=6.73e-01  l1=0.00e+00  l2=6.73e-01  psnr=15.4  cos=0.4720
[epoch 1 step 3350]  loss=8.57e-01  l1=0.00e+00  l2=8.57e-01  psnr=14.3  cos=0.5056
[epoch 1 step 3400]  loss=6.96e-01  l1=0.00e+00  l2=6.96e-01  psnr=15.2  cos=0.4254
[epoch 1 step 3450]  loss=7.25e-01  l1=0.00e+00  l2=7.25e-01  psnr=15.0  cos=0.4333
[epoch 1 step 3500]  loss=6.84e-01  l1=0.00e+00  l2=6.84e-01  psnr=15.3  cos=0.4507
[epoch 1 step 3550]  loss=9.58e-01  l1=0.00e+00  l2=9.58e-01  psnr=13.8  cos=0.4440
[epoch 1 step 3600]  loss=7.17e-01  l1=0.00e+00  l2=7.17e-01  psnr=15.1  cos=0.4651
[epoch 1 step 3650]  loss=6.93e-01  l1=0.00e+00  l2=6.93e-01  psnr=15.2  cos=0.4486
[epoch 1 step 3700]  loss=1.02e+00  l1=0.00e+00  l2=1.02e+00  psnr=13.6  cos=0.4502
[epoch 1 step 3750]  loss=7.08e-01  l1=0.00e+00  l2=7.08e-01  psnr=15.1  cos=0.4781
[epoch 1 step 3800]  loss=7.49e-01  l1=0.00e+00  l2=7.49e-01  psnr=14.9  cos=0.4557
[epoch 1 step 3850]  loss=7.43e-01  l1=0.00e+00  l2=7.43e-01  psnr=14.9  cos=0.5395
[epoch 1 step 3900]  loss=7.11e-01  l1=0.00e+00  l2=7.11e-01  psnr=15.1  cos=0.4609
[epoch 1 step 3950]  loss=6.54e-01  l1=0.00e+00  l2=6.54e-01  psnr=15.5  cos=0.4807
[epoch 1 step 4000]  loss=6.48e-01  l1=0.00e+00  l2=6.48e-01  psnr=15.5  cos=0.5189
[epoch 1 step 4050]  loss=1.02e+00  l1=0.00e+00  l2=1.02e+00  psnr=13.6  cos=0.4446
[epoch 1 step 4100]  loss=6.36e-01  l1=0.00e+00  l2=6.36e-01  psnr=15.6  cos=0.5859
[epoch 1 step 4150]  loss=9.08e-01  l1=0.00e+00  l2=9.08e-01  psnr=14.1  cos=0.4692
[epoch 1 step 4200]  loss=9.34e-01  l1=0.00e+00  l2=9.34e-01  psnr=13.9  cos=0.5082
[epoch 1 step 4250]  loss=6.42e-01  l1=0.00e+00  l2=6.42e-01  psnr=15.6  cos=0.5438
[epoch 1 step 4300]  loss=6.85e-01  l1=0.00e+00  l2=6.85e-01  psnr=15.3  cos=0.4552
[epoch 1 step 4350]  loss=7.47e-01  l1=0.00e+00  l2=7.47e-01  psnr=14.9  cos=0.4453
[epoch 1 step 4400]  loss=8.53e-01  l1=0.00e+00  l2=8.53e-01  psnr=14.3  cos=0.5255
[epoch 1 step 4450]  loss=8.73e-01  l1=0.00e+00  l2=8.73e-01  psnr=14.2  cos=0.5323
[epoch 1 step 4500]  loss=6.46e-01  l1=0.00e+00  l2=6.46e-01  psnr=15.5  cos=0.5171
[epoch 1 step 4550]  loss=8.99e-01  l1=0.00e+00  l2=8.99e-01  psnr=14.1  cos=0.4905
[epoch 1 step 4600]  loss=6.78e-01  l1=0.00e+00  l2=6.78e-01  psnr=15.3  cos=0.4931
[epoch 1 step 4650]  loss=8.75e-01  l1=0.00e+00  l2=8.75e-01  psnr=14.2  cos=0.4653
[epoch 1 step 4700]  loss=6.74e-01  l1=0.00e+00  l2=6.74e-01  psnr=15.4  cos=0.4792
[epoch 1 step 4750]  loss=6.73e-01  l1=0.00e+00  l2=6.73e-01  psnr=15.4  cos=0.4744
[epoch 1 step 4800]  loss=6.17e-01  l1=0.00e+00  l2=6.17e-01  psnr=15.7  cos=0.5589
[epoch 1 step 4850]  loss=6.69e-01  l1=0.00e+00  l2=6.69e-01  psnr=15.4  cos=0.4522
[epoch 1 step 4900]  loss=8.37e-01  l1=0.00e+00  l2=8.37e-01  psnr=14.4  cos=0.5202
[epoch 1 step 4950]  loss=6.94e-01  l1=0.00e+00  l2=6.94e-01  psnr=15.2  cos=0.4533
[epoch 1 DONE]  final_loss=8.55e-01  psnr=15.23  cos=0.4533
[checkpoint] /workspace/runs/trial4/checkpoints/epoch_0001.pt
[val epoch 1]  latent_l1=0.6174  latent_l2=0.8567  latent_psnr=26.0674
[epoch 2 step 000]  loss=5.96e-01  l1=0.00e+00  l2=5.96e-01  psnr=15.9  cos=0.5850
[epoch 2 step 050]  loss=1.11e+00  l1=0.00e+00  l2=1.11e+00  psnr=13.2  cos=0.4284
[epoch 2 step 100]  loss=5.31e-01  l1=0.00e+00  l2=5.31e-01  psnr=16.4  cos=0.6463
[epoch 2 step 150]  loss=6.80e-01  l1=0.00e+00  l2=6.80e-01  psnr=15.3  cos=0.5156
[epoch 2 step 200]  loss=8.61e-01  l1=0.00e+00  l2=8.61e-01  psnr=14.3  cos=0.5225
[epoch 2 step 250]  loss=6.73e-01  l1=0.00e+00  l2=6.73e-01  psnr=15.4  cos=0.5575
[epoch 2 step 300]  loss=6.79e-01  l1=0.00e+00  l2=6.79e-01  psnr=15.3  cos=0.4676
[epoch 2 step 350]  loss=8.19e-01  l1=0.00e+00  l2=8.19e-01  psnr=14.5  cos=0.5485
[epoch 2 step 400]  loss=6.71e-01  l1=0.00e+00  l2=6.71e-01  psnr=15.4  cos=0.4852
[epoch 2 step 450]  loss=6.75e-01  l1=0.00e+00  l2=6.75e-01  psnr=15.3  cos=0.4703
[epoch 2 step 500]  loss=7.91e-01  l1=0.00e+00  l2=7.91e-01  psnr=14.7  cos=0.4468
[epoch 2 step 550]  loss=7.49e-01  l1=0.00e+00  l2=7.49e-01  psnr=14.9  cos=0.4660
[epoch 2 step 600]  loss=6.46e-01  l1=0.00e+00  l2=6.46e-01  psnr=15.5  cos=0.5256
[epoch 2 step 650]  loss=6.60e-01  l1=0.00e+00  l2=6.60e-01  psnr=15.4  cos=0.4956
[epoch 2 step 700]  loss=6.58e-01  l1=0.00e+00  l2=6.58e-01  psnr=15.5  cos=0.5768
[epoch 2 step 750]  loss=6.89e-01  l1=0.00e+00  l2=6.89e-01  psnr=15.3  cos=0.5074
[epoch 2 step 800]  loss=6.69e-01  l1=0.00e+00  l2=6.69e-01  psnr=15.4  cos=0.5004
[epoch 2 step 850]  loss=7.25e-01  l1=0.00e+00  l2=7.25e-01  psnr=15.0  cos=0.5782
[epoch 2 step 900]  loss=8.47e-01  l1=0.00e+00  l2=8.47e-01  psnr=14.4  cos=0.4966
[epoch 2 step 950]  loss=6.77e-01  l1=0.00e+00  l2=6.77e-01  psnr=15.3  cos=0.4992
[epoch 2 step 1000]  loss=6.34e-01  l1=0.00e+00  l2=6.34e-01  psnr=15.6  cos=0.6231
[epoch 2 step 1050]  loss=6.99e-01  l1=0.00e+00  l2=6.99e-01  psnr=15.2  cos=0.4946
[epoch 2 step 1100]  loss=6.02e-01  l1=0.00e+00  l2=6.02e-01  psnr=15.8  cos=0.5932
[epoch 2 step 1150]  loss=7.96e-01  l1=0.00e+00  l2=7.96e-01  psnr=14.6  cos=0.5690
[epoch 2 step 1200]  loss=6.36e-01  l1=0.00e+00  l2=6.36e-01  psnr=15.6  cos=0.5254
[epoch 2 step 1250]  loss=9.01e-01  l1=0.00e+00  l2=9.01e-01  psnr=14.1  cos=0.4563
[epoch 2 step 1300]  loss=8.36e-01  l1=0.00e+00  l2=8.36e-01  psnr=14.4  cos=0.5447
[epoch 2 step 1350]  loss=6.77e-01  l1=0.00e+00  l2=6.77e-01  psnr=15.3  cos=0.5936
[epoch 2 step 1400]  loss=8.01e-01  l1=0.00e+00  l2=8.01e-01  psnr=14.6  cos=0.5542
[epoch 2 step 1450]  loss=6.48e-01  l1=0.00e+00  l2=6.48e-01  psnr=15.5  cos=0.4972
[epoch 2 step 1500]  loss=7.81e-01  l1=0.00e+00  l2=7.81e-01  psnr=14.7  cos=0.5497
[epoch 2 step 1550]  loss=6.42e-01  l1=0.00e+00  l2=6.42e-01  psnr=15.6  cos=0.5869
[epoch 2 step 1600]  loss=6.34e-01  l1=0.00e+00  l2=6.34e-01  psnr=15.6  cos=0.4556
[epoch 2 step 1650]  loss=6.65e-01  l1=0.00e+00  l2=6.65e-01  psnr=15.4  cos=0.4968
[epoch 2 step 1700]  loss=8.56e-01  l1=0.00e+00  l2=8.56e-01  psnr=14.3  cos=0.5084
[epoch 2 step 1750]  loss=6.73e-01  l1=0.00e+00  l2=6.73e-01  psnr=15.4  cos=0.4725
[epoch 2 step 1800]  loss=6.11e-01  l1=0.00e+00  l2=6.11e-01  psnr=15.8  cos=0.6055
[epoch 2 step 1850]  loss=6.66e-01  l1=0.00e+00  l2=6.66e-01  psnr=15.4  cos=0.5530
[epoch 2 step 1900]  loss=6.66e-01  l1=0.00e+00  l2=6.66e-01  psnr=15.4  cos=0.4883
[epoch 2 step 1950]  loss=6.22e-01  l1=0.00e+00  l2=6.22e-01  psnr=15.7  cos=0.5193
[epoch 2 step 2000]  loss=6.36e-01  l1=0.00e+00  l2=6.36e-01  psnr=15.6  cos=0.4626
[epoch 2 step 2050]  loss=8.45e-01  l1=0.00e+00  l2=8.45e-01  psnr=14.4  cos=0.5362
[epoch 2 step 2100]  loss=6.65e-01  l1=0.00e+00  l2=6.65e-01  psnr=15.4  cos=0.4557
[epoch 2 step 2150]  loss=1.06e+00  l1=0.00e+00  l2=1.06e+00  psnr=13.4  cos=0.4945
[epoch 2 step 2200]  loss=5.66e-01  l1=0.00e+00  l2=5.66e-01  psnr=16.1  cos=0.6255
[epoch 2 step 2250]  loss=7.93e-01  l1=0.00e+00  l2=7.93e-01  psnr=14.6  cos=0.5113
[epoch 2 step 2300]  loss=6.62e-01  l1=0.00e+00  l2=6.62e-01  psnr=15.4  cos=0.4665
[epoch 2 step 2350]  loss=7.77e-01  l1=0.00e+00  l2=7.77e-01  psnr=14.7  cos=0.5382
[epoch 2 step 2400]  loss=7.90e-01  l1=0.00e+00  l2=7.90e-01  psnr=14.7  cos=0.5670
[epoch 2 step 2450]  loss=5.96e-01  l1=0.00e+00  l2=5.96e-01  psnr=15.9  cos=0.6237
[epoch 2 step 2500]  loss=9.99e-01  l1=0.00e+00  l2=9.99e-01  psnr=13.6  cos=0.4784
[epoch 2 step 2550]  loss=6.66e-01  l1=0.00e+00  l2=6.66e-01  psnr=15.4  cos=0.4842
[epoch 2 step 2600]  loss=6.62e-01  l1=0.00e+00  l2=6.62e-01  psnr=15.4  cos=0.4902
[epoch 2 step 2650]  loss=6.41e-01  l1=0.00e+00  l2=6.41e-01  psnr=15.6  cos=0.5143
[epoch 2 step 2700]  loss=7.61e-01  l1=0.00e+00  l2=7.61e-01  psnr=14.8  cos=0.4997
[epoch 2 step 2750]  loss=1.01e+00  l1=0.00e+00  l2=1.01e+00  psnr=13.6  cos=0.4913
[epoch 2 step 2800]  loss=6.50e-01  l1=0.00e+00  l2=6.50e-01  psnr=15.5  cos=0.5778
[epoch 2 step 2850]  loss=5.87e-01  l1=0.00e+00  l2=5.87e-01  psnr=16.0  cos=0.6304
[epoch 2 step 2900]  loss=9.41e-01  l1=0.00e+00  l2=9.41e-01  psnr=13.9  cos=0.4967
[epoch 2 step 2950]  loss=7.02e-01  l1=0.00e+00  l2=7.02e-01  psnr=15.2  cos=0.3875
[epoch 2 step 3000]  loss=7.33e-01  l1=0.00e+00  l2=7.33e-01  psnr=15.0  cos=0.5535
[epoch 2 step 3050]  loss=6.18e-01  l1=0.00e+00  l2=6.18e-01  psnr=15.7  cos=0.6082
[epoch 2 step 3100]  loss=1.04e+00  l1=0.00e+00  l2=1.04e+00  psnr=13.5  cos=0.4499
[epoch 2 step 3150]  loss=6.67e-01  l1=0.00e+00  l2=6.67e-01  psnr=15.4  cos=0.4704
[epoch 2 step 3200]  loss=5.68e-01  l1=0.00e+00  l2=5.68e-01  psnr=16.1  cos=0.5756
[epoch 2 step 3250]  loss=6.19e-01  l1=0.00e+00  l2=6.19e-01  psnr=15.7  cos=0.5767
[epoch 2 step 3300]  loss=5.97e-01  l1=0.00e+00  l2=5.97e-01  psnr=15.9  cos=0.5412
[epoch 2 step 3350]  loss=7.23e-01  l1=0.00e+00  l2=7.23e-01  psnr=15.1  cos=0.5039
[epoch 2 step 3400]  loss=6.29e-01  l1=0.00e+00  l2=6.29e-01  psnr=15.7  cos=0.4664
[epoch 2 step 3450]  loss=7.38e-01  l1=0.00e+00  l2=7.38e-01  psnr=15.0  cos=0.5569
[epoch 2 step 3500]  loss=6.38e-01  l1=0.00e+00  l2=6.38e-01  psnr=15.6  cos=0.4835
[epoch 2 step 3550]  loss=6.35e-01  l1=0.00e+00  l2=6.35e-01  psnr=15.6  cos=0.5331
[epoch 2 step 3600]  loss=1.00e+00  l1=0.00e+00  l2=1.00e+00  psnr=13.6  cos=0.4531
[epoch 2 step 3650]  loss=7.01e-01  l1=0.00e+00  l2=7.01e-01  psnr=15.2  cos=0.4396
[epoch 2 step 3700]  loss=6.02e-01  l1=0.00e+00  l2=6.02e-01  psnr=15.8  cos=0.5408
[epoch 2 step 3750]  loss=9.29e-01  l1=0.00e+00  l2=9.29e-01  psnr=14.0  cos=0.4746
[epoch 2 step 3800]  loss=1.03e+00  l1=0.00e+00  l2=1.03e+00  psnr=13.5  cos=0.4307
[epoch 2 step 3850]  loss=6.34e-01  l1=0.00e+00  l2=6.34e-01  psnr=15.6  cos=0.4955
[epoch 2 step 3900]  loss=6.72e-01  l1=0.00e+00  l2=6.72e-01  psnr=15.4  cos=0.4696
[epoch 2 step 3950]  loss=9.53e-01  l1=0.00e+00  l2=9.53e-01  psnr=13.9  cos=0.4801
[epoch 2 step 4000]  loss=6.93e-01  l1=0.00e+00  l2=6.93e-01  psnr=15.2  cos=0.4618
[epoch 2 step 4050]  loss=7.47e-01  l1=0.00e+00  l2=7.47e-01  psnr=14.9  cos=0.4291
[epoch 2 step 4100]  loss=6.27e-01  l1=0.00e+00  l2=6.27e-01  psnr=15.7  cos=0.6289
[epoch 2 step 4150]  loss=7.09e-01  l1=0.00e+00  l2=7.09e-01  psnr=15.1  cos=0.4830
[epoch 2 step 4200]  loss=8.66e-01  l1=0.00e+00  l2=8.66e-01  psnr=14.3  cos=0.4763
[epoch 2 step 4250]  loss=6.36e-01  l1=0.00e+00  l2=6.36e-01  psnr=15.6  cos=0.4939
[epoch 2 step 4300]  loss=6.05e-01  l1=0.00e+00  l2=6.05e-01  psnr=15.8  cos=0.6163
[epoch 2 step 4350]  loss=6.46e-01  l1=0.00e+00  l2=6.46e-01  psnr=15.5  cos=0.4401
[epoch 2 step 4400]  loss=8.05e-01  l1=0.00e+00  l2=8.05e-01  psnr=14.6  cos=0.5393
[epoch 2 step 4450]  loss=9.28e-01  l1=0.00e+00  l2=9.28e-01  psnr=14.0  cos=0.4926
[epoch 2 step 4500]  loss=6.38e-01  l1=0.00e+00  l2=6.38e-01  psnr=15.6  cos=0.5557
[epoch 2 step 4550]  loss=6.96e-01  l1=0.00e+00  l2=6.96e-01  psnr=15.2  cos=0.4652
[epoch 2 step 4600]  loss=7.94e-01  l1=0.00e+00  l2=7.94e-01  psnr=14.6  cos=0.5252
[epoch 2 step 4650]  loss=6.03e-01  l1=0.00e+00  l2=6.03e-01  psnr=15.8  cos=0.6238
[epoch 2 step 4700]  loss=7.91e-01  l1=0.00e+00  l2=7.91e-01  psnr=14.7  cos=0.4207
[epoch 2 step 4750]  loss=7.42e-01  l1=0.00e+00  l2=7.42e-01  psnr=14.9  cos=0.4489
[epoch 2 step 4800]  loss=6.34e-01  l1=0.00e+00  l2=6.34e-01  psnr=15.6  cos=0.5457
[epoch 2 step 4850]  loss=7.43e-01  l1=0.00e+00  l2=7.43e-01  psnr=14.9  cos=0.5466
[epoch 2 step 4900]  loss=6.33e-01  l1=0.00e+00  l2=6.33e-01  psnr=15.6  cos=0.5110
[epoch 2 step 4950]  loss=7.77e-01  l1=0.00e+00  l2=7.77e-01  psnr=14.7  cos=0.4835
[epoch 2 DONE]  final_loss=9.69e-01  psnr=14.73  cos=0.4835
[checkpoint] /workspace/runs/trial4/checkpoints/epoch_0002.pt
[val epoch 2]  latent_l1=0.6106  latent_l2=0.8502  latent_psnr=26.1332
[epoch 3 step 000]  loss=6.85e-01  l1=0.00e+00  l2=6.85e-01  psnr=15.3  cos=0.4742
[epoch 3 step 050]  loss=6.63e-01  l1=0.00e+00  l2=6.63e-01  psnr=15.4  cos=0.4751
[epoch 3 step 100]  loss=7.67e-01  l1=0.00e+00  l2=7.67e-01  psnr=14.8  cos=0.4789
[epoch 3 step 150]  loss=8.87e-01  l1=0.00e+00  l2=8.87e-01  psnr=14.2  cos=0.5334
[epoch 3 step 200]  loss=8.90e-01  l1=0.00e+00  l2=8.90e-01  psnr=14.1  cos=0.5147
[epoch 3 step 250]  loss=7.14e-01  l1=0.00e+00  l2=7.14e-01  psnr=15.1  cos=0.5743
[epoch 3 step 300]  loss=6.73e-01  l1=0.00e+00  l2=6.73e-01  psnr=15.4  cos=0.4556
[epoch 3 step 350]  loss=6.51e-01  l1=0.00e+00  l2=6.51e-01  psnr=15.5  cos=0.4733
[epoch 3 step 400]  loss=8.47e-01  l1=0.00e+00  l2=8.47e-01  psnr=14.4  cos=0.5141
[epoch 3 step 450]  loss=6.91e-01  l1=0.00e+00  l2=6.91e-01  psnr=15.2  cos=0.4890
[epoch 3 step 500]  loss=7.12e-01  l1=0.00e+00  l2=7.12e-01  psnr=15.1  cos=0.5048
[epoch 3 step 550]  loss=7.58e-01  l1=0.00e+00  l2=7.58e-01  psnr=14.8  cos=0.4871
[epoch 3 step 600]  loss=7.97e-01  l1=0.00e+00  l2=7.97e-01  psnr=14.6  cos=0.5849
[epoch 3 step 650]  loss=9.83e-01  l1=0.00e+00  l2=9.83e-01  psnr=13.7  cos=0.4681
[epoch 3 step 700]  loss=6.10e-01  l1=0.00e+00  l2=6.10e-01  psnr=15.8  cos=0.5041
[epoch 3 step 750]  loss=8.09e-01  l1=0.00e+00  l2=8.09e-01  psnr=14.6  cos=0.5057
[epoch 3 step 800]  loss=8.82e-01  l1=0.00e+00  l2=8.82e-01  psnr=14.2  cos=0.5116
[epoch 3 step 850]  loss=6.71e-01  l1=0.00e+00  l2=6.71e-01  psnr=15.4  cos=0.4886
[epoch 3 step 900]  loss=7.92e-01  l1=0.00e+00  l2=7.92e-01  psnr=14.7  cos=0.5345
[epoch 3 step 950]  loss=8.94e-01  l1=0.00e+00  l2=8.94e-01  psnr=14.1  cos=0.5203
[epoch 3 step 1000]  loss=6.26e-01  l1=0.00e+00  l2=6.26e-01  psnr=15.7  cos=0.5080
[epoch 3 step 1050]  loss=8.69e-01  l1=0.00e+00  l2=8.69e-01  psnr=14.3  cos=0.5264
[epoch 3 step 1100]  loss=9.89e-01  l1=0.00e+00  l2=9.89e-01  psnr=13.7  cos=0.4750
[epoch 3 step 1150]  loss=5.57e-01  l1=0.00e+00  l2=5.57e-01  psnr=16.2  cos=0.6505
[epoch 3 step 1200]  loss=8.19e-01  l1=0.00e+00  l2=8.19e-01  psnr=14.5  cos=0.5377
[epoch 3 step 1250]  loss=6.20e-01  l1=0.00e+00  l2=6.20e-01  psnr=15.7  cos=0.5812
[epoch 3 step 1300]  loss=8.35e-01  l1=0.00e+00  l2=8.35e-01  psnr=14.4  cos=0.5401
[epoch 3 step 1350]  loss=6.54e-01  l1=0.00e+00  l2=6.54e-01  psnr=15.5  cos=0.4979
[epoch 3 step 1400]  loss=6.62e-01  l1=0.00e+00  l2=6.62e-01  psnr=15.4  cos=0.5300
[epoch 3 step 1450]  loss=7.51e-01  l1=0.00e+00  l2=7.51e-01  psnr=14.9  cos=0.4999
[epoch 3 step 1500]  loss=1.02e+00  l1=0.00e+00  l2=1.02e+00  psnr=13.6  cos=0.4828
[epoch 3 step 1550]  loss=7.65e-01  l1=0.00e+00  l2=7.65e-01  psnr=14.8  cos=0.5294
[epoch 3 step 1600]  loss=8.40e-01  l1=0.00e+00  l2=8.40e-01  psnr=14.4  cos=0.5274
[epoch 3 step 1650]  loss=4.90e-01  l1=0.00e+00  l2=4.90e-01  psnr=16.7  cos=0.7070
[epoch 3 step 1700]  loss=5.57e-01  l1=0.00e+00  l2=5.57e-01  psnr=16.2  cos=0.6440
[epoch 3 step 1750]  loss=6.41e-01  l1=0.00e+00  l2=6.41e-01  psnr=15.6  cos=0.4651
[epoch 3 step 1800]  loss=6.72e-01  l1=0.00e+00  l2=6.72e-01  psnr=15.4  cos=0.4922
[epoch 3 step 1850]  loss=7.12e-01  l1=0.00e+00  l2=7.12e-01  psnr=15.1  cos=0.5620
[epoch 3 step 1900]  loss=7.25e-01  l1=0.00e+00  l2=7.25e-01  psnr=15.0  cos=0.4906
[epoch 3 step 1950]  loss=6.98e-01  l1=0.00e+00  l2=6.98e-01  psnr=15.2  cos=0.5027
[epoch 3 step 2000]  loss=6.42e-01  l1=0.00e+00  l2=6.42e-01  psnr=15.6  cos=0.5842
[epoch 3 step 2050]  loss=6.04e-01  l1=0.00e+00  l2=6.04e-01  psnr=15.8  cos=0.5616
[epoch 3 step 2100]  loss=6.99e-01  l1=0.00e+00  l2=6.99e-01  psnr=15.2  cos=0.4774
[epoch 3 step 2150]  loss=5.78e-01  l1=0.00e+00  l2=5.78e-01  psnr=16.0  cos=0.6079
[epoch 3 step 2200]  loss=7.63e-01  l1=0.00e+00  l2=7.63e-01  psnr=14.8  cos=0.5547
[epoch 3 step 2250]  loss=6.60e-01  l1=0.00e+00  l2=6.60e-01  psnr=15.4  cos=0.4564
[epoch 3 step 2300]  loss=6.79e-01  l1=0.00e+00  l2=6.79e-01  psnr=15.3  cos=0.4738
[epoch 3 step 2350]  loss=8.47e-01  l1=0.00e+00  l2=8.47e-01  psnr=14.4  cos=0.5335
[epoch 3 step 2400]  loss=1.05e+00  l1=0.00e+00  l2=1.05e+00  psnr=13.4  cos=0.4778
[epoch 3 step 2450]  loss=5.73e-01  l1=0.00e+00  l2=5.73e-01  psnr=16.1  cos=0.5683
[epoch 3 step 2500]  loss=7.08e-01  l1=0.00e+00  l2=7.08e-01  psnr=15.1  cos=0.4583
[epoch 3 step 2550]  loss=9.67e-01  l1=0.00e+00  l2=9.67e-01  psnr=13.8  cos=0.4919
[epoch 3 step 2600]  loss=8.76e-01  l1=0.00e+00  l2=8.76e-01  psnr=14.2  cos=0.4974
[epoch 3 step 2650]  loss=6.25e-01  l1=0.00e+00  l2=6.25e-01  psnr=15.7  cos=0.5455
[epoch 3 step 2700]  loss=6.88e-01  l1=0.00e+00  l2=6.88e-01  psnr=15.3  cos=0.4916
[epoch 3 step 2750]  loss=7.11e-01  l1=0.00e+00  l2=7.11e-01  psnr=15.1  cos=0.4662
[epoch 3 step 2800]  loss=6.15e-01  l1=0.00e+00  l2=6.15e-01  psnr=15.7  cos=0.5152
[epoch 3 step 2850]  loss=7.12e-01  l1=0.00e+00  l2=7.12e-01  psnr=15.1  cos=0.4608
[epoch 3 step 2900]  loss=6.38e-01  l1=0.00e+00  l2=6.38e-01  psnr=15.6  cos=0.4841
[epoch 3 step 2950]  loss=6.85e-01  l1=0.00e+00  l2=6.85e-01  psnr=15.3  cos=0.4909
[epoch 3 step 3000]  loss=5.99e-01  l1=0.00e+00  l2=5.99e-01  psnr=15.9  cos=0.4961
[epoch 3 step 3050]  loss=6.91e-01  l1=0.00e+00  l2=6.91e-01  psnr=15.2  cos=0.5617
[epoch 3 step 3100]  loss=6.03e-01  l1=0.00e+00  l2=6.03e-01  psnr=15.8  cos=0.5348
[epoch 3 step 3150]  loss=7.56e-01  l1=0.00e+00  l2=7.56e-01  psnr=14.9  cos=0.5558
[epoch 3 step 3200]  loss=8.25e-01  l1=0.00e+00  l2=8.25e-01  psnr=14.5  cos=0.5453
[epoch 3 step 3250]  loss=6.79e-01  l1=0.00e+00  l2=6.79e-01  psnr=15.3  cos=0.4664
[epoch 3 step 3300]  loss=6.61e-01  l1=0.00e+00  l2=6.61e-01  psnr=15.4  cos=0.4924
[epoch 3 step 3350]  loss=7.78e-01  l1=0.00e+00  l2=7.78e-01  psnr=14.7  cos=0.5515
[epoch 3 step 3400]  loss=7.18e-01  l1=0.00e+00  l2=7.18e-01  psnr=15.1  cos=0.4996
[epoch 3 step 3450]  loss=7.46e-01  l1=0.00e+00  l2=7.46e-01  psnr=14.9  cos=0.5810
[epoch 3 step 3500]  loss=9.71e-01  l1=0.00e+00  l2=9.71e-01  psnr=13.8  cos=0.4775
[epoch 3 step 3550]  loss=7.16e-01  l1=0.00e+00  l2=7.16e-01  psnr=15.1  cos=0.4847
[epoch 3 step 3600]  loss=7.82e-01  l1=0.00e+00  l2=7.82e-01  psnr=14.7  cos=0.5164
[epoch 3 step 3650]  loss=6.28e-01  l1=0.00e+00  l2=6.28e-01  psnr=15.7  cos=0.5101
[epoch 3 step 3700]  loss=6.71e-01  l1=0.00e+00  l2=6.71e-01  psnr=15.4  cos=0.4627
[epoch 3 step 3750]  loss=1.08e+00  l1=0.00e+00  l2=1.08e+00  psnr=13.3  cos=0.4305
[epoch 3 step 3800]  loss=1.09e+00  l1=0.00e+00  l2=1.09e+00  psnr=13.3  cos=0.4665
[epoch 3 step 3850]  loss=6.18e-01  l1=0.00e+00  l2=6.18e-01  psnr=15.7  cos=0.5260
[epoch 3 step 3900]  loss=7.34e-01  l1=0.00e+00  l2=7.34e-01  psnr=15.0  cos=0.4652
[epoch 3 step 3950]  loss=9.64e-01  l1=0.00e+00  l2=9.64e-01  psnr=13.8  cos=0.4783
[epoch 3 step 4000]  loss=4.91e-01  l1=0.00e+00  l2=4.91e-01  psnr=16.7  cos=0.6839
[epoch 3 step 4050]  loss=7.26e-01  l1=0.00e+00  l2=7.26e-01  psnr=15.0  cos=0.5224
[epoch 3 step 4100]  loss=6.97e-01  l1=0.00e+00  l2=6.97e-01  psnr=15.2  cos=0.5552
[epoch 3 step 4150]  loss=7.44e-01  l1=0.00e+00  l2=7.44e-01  psnr=14.9  cos=0.5850
[epoch 3 step 4200]  loss=6.48e-01  l1=0.00e+00  l2=6.48e-01  psnr=15.5  cos=0.5324
[epoch 3 step 4250]  loss=6.63e-01  l1=0.00e+00  l2=6.63e-01  psnr=15.4  cos=0.4579
[epoch 3 step 4300]  loss=6.84e-01  l1=0.00e+00  l2=6.84e-01  psnr=15.3  cos=0.4945
[epoch 3 step 4350]  loss=8.96e-01  l1=0.00e+00  l2=8.96e-01  psnr=14.1  cos=0.4859
[epoch 3 step 4400]  loss=6.45e-01  l1=0.00e+00  l2=6.45e-01  psnr=15.5  cos=0.5451
[epoch 3 step 4450]  loss=6.94e-01  l1=0.00e+00  l2=6.94e-01  psnr=15.2  cos=0.5800
[epoch 3 step 4500]  loss=8.67e-01  l1=0.00e+00  l2=8.67e-01  psnr=14.3  cos=0.5390
[epoch 3 step 4550]  loss=5.89e-01  l1=0.00e+00  l2=5.89e-01  psnr=15.9  cos=0.5122
[epoch 3 step 4600]  loss=6.82e-01  l1=0.00e+00  l2=6.82e-01  psnr=15.3  cos=0.5087
[epoch 3 step 4650]  loss=8.01e-01  l1=0.00e+00  l2=8.01e-01  psnr=14.6  cos=0.5635
[epoch 3 step 4700]  loss=6.18e-01  l1=0.00e+00  l2=6.18e-01  psnr=15.7  cos=0.5412
[epoch 3 step 4750]  loss=7.21e-01  l1=0.00e+00  l2=7.21e-01  psnr=15.1  cos=0.4555
[epoch 3 step 4800]  loss=6.21e-01  l1=0.00e+00  l2=6.21e-01  psnr=15.7  cos=0.5097
[epoch 3 step 4850]  loss=9.09e-01  l1=0.00e+00  l2=9.09e-01  psnr=14.1  cos=0.4916
[epoch 3 step 4900]  loss=6.35e-01  l1=0.00e+00  l2=6.35e-01  psnr=15.6  cos=0.5366
[epoch 3 step 4950]  loss=6.39e-01  l1=0.00e+00  l2=6.39e-01  psnr=15.6  cos=0.5081
[epoch 3 DONE]  final_loss=6.54e-01  psnr=15.59  cos=0.5081
[checkpoint] /workspace/runs/trial4/checkpoints/epoch_0003.pt
[val epoch 3]  latent_l1=0.6065  latent_l2=0.8458  latent_psnr=26.1790
[epoch 4 step 000]  loss=6.39e-01  l1=0.00e+00  l2=6.39e-01  psnr=15.6  cos=0.4864
[epoch 4 step 050]  loss=7.74e-01  l1=0.00e+00  l2=7.74e-01  psnr=14.8  cos=0.4535
[epoch 4 step 100]  loss=8.53e-01  l1=0.00e+00  l2=8.53e-01  psnr=14.3  cos=0.5191
[epoch 4 step 150]  loss=9.26e-01  l1=0.00e+00  l2=9.26e-01  psnr=14.0  cos=0.4937
[epoch 4 step 200]  loss=8.60e-01  l1=0.00e+00  l2=8.60e-01  psnr=14.3  cos=0.5236
[epoch 4 step 250]  loss=6.94e-01  l1=0.00e+00  l2=6.94e-01  psnr=15.2  cos=0.4700
[epoch 4 step 300]  loss=6.76e-01  l1=0.00e+00  l2=6.76e-01  psnr=15.3  cos=0.4887
[epoch 4 step 350]  loss=6.34e-01  l1=0.00e+00  l2=6.34e-01  psnr=15.6  cos=0.4977
[epoch 4 step 400]  loss=5.57e-01  l1=0.00e+00  l2=5.57e-01  psnr=16.2  cos=0.5892
[epoch 4 step 450]  loss=7.30e-01  l1=0.00e+00  l2=7.30e-01  psnr=15.0  cos=0.5179
[epoch 4 step 500]  loss=7.12e-01  l1=0.00e+00  l2=7.12e-01  psnr=15.1  cos=0.4017
[epoch 4 step 550]  loss=6.22e-01  l1=0.00e+00  l2=6.22e-01  psnr=15.7  cos=0.4885
[epoch 4 step 600]  loss=6.64e-01  l1=0.00e+00  l2=6.64e-01  psnr=15.4  cos=0.4846
[epoch 4 step 650]  loss=5.65e-01  l1=0.00e+00  l2=5.65e-01  psnr=16.1  cos=0.6465
[epoch 4 step 700]  loss=7.00e-01  l1=0.00e+00  l2=7.00e-01  psnr=15.2  cos=0.5139
[epoch 4 step 750]  loss=6.11e-01  l1=0.00e+00  l2=6.11e-01  psnr=15.8  cos=0.5468
[epoch 4 step 800]  loss=8.26e-01  l1=0.00e+00  l2=8.26e-01  psnr=14.5  cos=0.5370
[epoch 4 step 850]  loss=5.63e-01  l1=0.00e+00  l2=5.63e-01  psnr=16.1  cos=0.6268
[epoch 4 step 900]  loss=6.93e-01  l1=0.00e+00  l2=6.93e-01  psnr=15.2  cos=0.4704
[epoch 4 step 950]  loss=8.26e-01  l1=0.00e+00  l2=8.26e-01  psnr=14.5  cos=0.5362
[epoch 4 step 1000]  loss=9.71e-01  l1=0.00e+00  l2=9.71e-01  psnr=13.8  cos=0.4872
[epoch 4 step 1050]  loss=7.66e-01  l1=0.00e+00  l2=7.66e-01  psnr=14.8  cos=0.5244
[epoch 4 step 1100]  loss=6.53e-01  l1=0.00e+00  l2=6.53e-01  psnr=15.5  cos=0.5034
[epoch 4 step 1150]  loss=6.11e-01  l1=0.00e+00  l2=6.11e-01  psnr=15.8  cos=0.5652
[epoch 4 step 1200]  loss=6.96e-01  l1=0.00e+00  l2=6.96e-01  psnr=15.2  cos=0.5866
[epoch 4 step 1250]  loss=7.07e-01  l1=0.00e+00  l2=7.07e-01  psnr=15.1  cos=0.5184
[epoch 4 step 1300]  loss=6.45e-01  l1=0.00e+00  l2=6.45e-01  psnr=15.5  cos=0.4936
[epoch 4 step 1350]  loss=1.00e+00  l1=0.00e+00  l2=1.00e+00  psnr=13.6  cos=0.5246
[epoch 4 step 1400]  loss=7.45e-01  l1=0.00e+00  l2=7.45e-01  psnr=14.9  cos=0.5061
[epoch 4 step 1450]  loss=6.40e-01  l1=0.00e+00  l2=6.40e-01  psnr=15.6  cos=0.5249
[epoch 4 step 1500]  loss=6.99e-01  l1=0.00e+00  l2=6.99e-01  psnr=15.2  cos=0.5576
[epoch 4 step 1550]  loss=8.69e-01  l1=0.00e+00  l2=8.69e-01  psnr=14.2  cos=0.5278
[epoch 4 step 1600]  loss=5.65e-01  l1=0.00e+00  l2=5.65e-01  psnr=16.1  cos=0.5968
[epoch 4 step 1650]  loss=8.55e-01  l1=0.00e+00  l2=8.55e-01  psnr=14.3  cos=0.5260
[epoch 4 step 1700]  loss=9.60e-01  l1=0.00e+00  l2=9.60e-01  psnr=13.8  cos=0.4533
[epoch 4 step 1750]  loss=6.89e-01  l1=0.00e+00  l2=6.89e-01  psnr=15.3  cos=0.5281
[epoch 4 step 1800]  loss=6.47e-01  l1=0.00e+00  l2=6.47e-01  psnr=15.5  cos=0.5227
[epoch 4 step 1850]  loss=6.63e-01  l1=0.00e+00  l2=6.63e-01  psnr=15.4  cos=0.4835
[epoch 4 step 1900]  loss=8.02e-01  l1=0.00e+00  l2=8.02e-01  psnr=14.6  cos=0.5487
[epoch 4 step 1950]  loss=8.86e-01  l1=0.00e+00  l2=8.86e-01  psnr=14.2  cos=0.5376
[epoch 4 step 2000]  loss=6.36e-01  l1=0.00e+00  l2=6.36e-01  psnr=15.6  cos=0.5435
[epoch 4 step 2050]  loss=6.09e-01  l1=0.00e+00  l2=6.09e-01  psnr=15.8  cos=0.5582
[epoch 4 step 2100]  loss=6.99e-01  l1=0.00e+00  l2=6.99e-01  psnr=15.2  cos=0.4677
[epoch 4 step 2150]  loss=9.93e-01  l1=0.00e+00  l2=9.93e-01  psnr=13.7  cos=0.5034
[epoch 4 step 2200]  loss=6.25e-01  l1=0.00e+00  l2=6.25e-01  psnr=15.7  cos=0.5270
[epoch 4 step 2250]  loss=6.76e-01  l1=0.00e+00  l2=6.76e-01  psnr=15.3  cos=0.4973
[epoch 4 step 2300]  loss=6.48e-01  l1=0.00e+00  l2=6.48e-01  psnr=15.5  cos=0.4706
[epoch 4 step 2350]  loss=7.83e-01  l1=0.00e+00  l2=7.83e-01  psnr=14.7  cos=0.5792
[epoch 4 step 2400]  loss=7.71e-01  l1=0.00e+00  l2=7.71e-01  psnr=14.8  cos=0.5551
[epoch 4 step 2450]  loss=8.62e-01  l1=0.00e+00  l2=8.62e-01  psnr=14.3  cos=0.5178
[epoch 4 step 2500]  loss=6.40e-01  l1=0.00e+00  l2=6.40e-01  psnr=15.6  cos=0.5410
[epoch 4 step 2550]  loss=9.98e-01  l1=0.00e+00  l2=9.98e-01  psnr=13.6  cos=0.4844
[epoch 4 step 2600]  loss=6.59e-01  l1=0.00e+00  l2=6.59e-01  psnr=15.5  cos=0.5832
[epoch 4 step 2650]  loss=6.83e-01  l1=0.00e+00  l2=6.83e-01  psnr=15.3  cos=0.4842
[epoch 4 step 2700]  loss=6.48e-01  l1=0.00e+00  l2=6.48e-01  psnr=15.5  cos=0.4967
[epoch 4 step 2750]  loss=6.24e-01  l1=0.00e+00  l2=6.24e-01  psnr=15.7  cos=0.5214
[epoch 4 step 2800]  loss=8.89e-01  l1=0.00e+00  l2=8.89e-01  psnr=14.2  cos=0.4979
[epoch 4 step 2850]  loss=7.75e-01  l1=0.00e+00  l2=7.75e-01  psnr=14.7  cos=0.4977
[epoch 4 step 2900]  loss=5.47e-01  l1=0.00e+00  l2=5.47e-01  psnr=16.3  cos=0.6404
[epoch 4 step 2950]  loss=6.17e-01  l1=0.00e+00  l2=6.17e-01  psnr=15.7  cos=0.5375
[epoch 4 step 3000]  loss=6.25e-01  l1=0.00e+00  l2=6.25e-01  psnr=15.7  cos=0.5991
[epoch 4 step 3050]  loss=6.51e-01  l1=0.00e+00  l2=6.51e-01  psnr=15.5  cos=0.4991
[epoch 4 step 3100]  loss=8.86e-01  l1=0.00e+00  l2=8.86e-01  psnr=14.2  cos=0.5371
[epoch 4 step 3150]  loss=7.74e-01  l1=0.00e+00  l2=7.74e-01  psnr=14.8  cos=0.5530
[epoch 4 step 3200]  loss=6.61e-01  l1=0.00e+00  l2=6.61e-01  psnr=15.4  cos=0.4797
[epoch 4 step 3250]  loss=6.83e-01  l1=0.00e+00  l2=6.83e-01  psnr=15.3  cos=0.6168
[epoch 4 step 3300]  loss=8.46e-01  l1=0.00e+00  l2=8.46e-01  psnr=14.4  cos=0.5093
[epoch 4 step 3350]  loss=6.48e-01  l1=0.00e+00  l2=6.48e-01  psnr=15.5  cos=0.5153
[epoch 4 step 3400]  loss=7.06e-01  l1=0.00e+00  l2=7.06e-01  psnr=15.2  cos=0.5012
[epoch 4 step 3450]  loss=6.15e-01  l1=0.00e+00  l2=6.15e-01  psnr=15.8  cos=0.5306
[epoch 4 step 3500]  loss=7.87e-01  l1=0.00e+00  l2=7.87e-01  psnr=14.7  cos=0.5599
[epoch 4 step 3550]  loss=6.84e-01  l1=0.00e+00  l2=6.84e-01  psnr=15.3  cos=0.5287
[epoch 4 step 3600]  loss=8.90e-01  l1=0.00e+00  l2=8.90e-01  psnr=14.1  cos=0.5303
[epoch 4 step 3650]  loss=9.51e-01  l1=0.00e+00  l2=9.51e-01  psnr=13.9  cos=0.4984
[epoch 4 step 3700]  loss=5.87e-01  l1=0.00e+00  l2=5.87e-01  psnr=16.0  cos=0.6116
[epoch 4 step 3750]  loss=7.19e-01  l1=0.00e+00  l2=7.19e-01  psnr=15.1  cos=0.5161
[epoch 4 step 3800]  loss=6.67e-01  l1=0.00e+00  l2=6.67e-01  psnr=15.4  cos=0.5131
[epoch 4 step 3850]  loss=7.20e-01  l1=0.00e+00  l2=7.20e-01  psnr=15.1  cos=0.5458
[epoch 4 step 3900]  loss=6.47e-01  l1=0.00e+00  l2=6.47e-01  psnr=15.5  cos=0.4680
[epoch 4 step 3950]  loss=6.54e-01  l1=0.00e+00  l2=6.54e-01  psnr=15.5  cos=0.5724
[epoch 4 step 4000]  loss=6.75e-01  l1=0.00e+00  l2=6.75e-01  psnr=15.3  cos=0.5028
[epoch 4 step 4050]  loss=8.38e-01  l1=0.00e+00  l2=8.38e-01  psnr=14.4  cos=0.4962
[epoch 4 step 4100]  loss=5.93e-01  l1=0.00e+00  l2=5.93e-01  psnr=15.9  cos=0.6346
[epoch 4 step 4150]  loss=8.26e-01  l1=0.00e+00  l2=8.26e-01  psnr=14.5  cos=0.5527
[epoch 4 step 4200]  loss=6.12e-01  l1=0.00e+00  l2=6.12e-01  psnr=15.8  cos=0.5235
[epoch 4 step 4250]  loss=7.10e-01  l1=0.00e+00  l2=7.10e-01  psnr=15.1  cos=0.4676
[epoch 4 step 4300]  loss=8.39e-01  l1=0.00e+00  l2=8.39e-01  psnr=14.4  cos=0.5262
[epoch 4 step 4350]  loss=6.43e-01  l1=0.00e+00  l2=6.43e-01  psnr=15.6  cos=0.4881
[epoch 4 step 4400]  loss=6.62e-01  l1=0.00e+00  l2=6.62e-01  psnr=15.4  cos=0.5103
[epoch 4 step 4450]  loss=9.32e-01  l1=0.00e+00  l2=9.32e-01  psnr=13.9  cos=0.5019
[epoch 4 step 4500]  loss=6.66e-01  l1=0.00e+00  l2=6.66e-01  psnr=15.4  cos=0.5152
[epoch 4 step 4550]  loss=1.13e+00  l1=0.00e+00  l2=1.13e+00  psnr=13.1  cos=0.4303
[epoch 4 step 4600]  loss=6.04e-01  l1=0.00e+00  l2=6.04e-01  psnr=15.8  cos=0.5590
[epoch 4 step 4650]  loss=6.53e-01  l1=0.00e+00  l2=6.53e-01  psnr=15.5  cos=0.4881
[epoch 4 step 4700]  loss=8.34e-01  l1=0.00e+00  l2=8.34e-01  psnr=14.4  cos=0.5189
[epoch 4 step 4750]  loss=7.40e-01  l1=0.00e+00  l2=7.40e-01  psnr=14.9  cos=0.4925
[epoch 4 step 4800]  loss=7.97e-01  l1=0.00e+00  l2=7.97e-01  psnr=14.6  cos=0.5509
[epoch 4 step 4850]  loss=9.04e-01  l1=0.00e+00  l2=9.04e-01  psnr=14.1  cos=0.5028
[epoch 4 step 4900]  loss=9.46e-01  l1=0.00e+00  l2=9.46e-01  psnr=13.9  cos=0.4965
[epoch 4 step 4950]  loss=6.48e-01  l1=0.00e+00  l2=6.48e-01  psnr=15.5  cos=0.5573
[epoch 4 DONE]  final_loss=6.01e-01  psnr=15.52  cos=0.5573
[checkpoint] /workspace/runs/trial4/checkpoints/epoch_0004.pt
[val epoch 4]  latent_l1=0.6065  latent_l2=0.8450  latent_psnr=26.1877
[epoch 5 step 000]  loss=8.51e-01  l1=0.00e+00  l2=8.51e-01  psnr=14.3  cos=0.5304
[epoch 5 step 050]  loss=6.24e-01  l1=0.00e+00  l2=6.24e-01  psnr=15.7  cos=0.5499
[epoch 5 step 100]  loss=6.98e-01  l1=0.00e+00  l2=6.98e-01  psnr=15.2  cos=0.5893
[epoch 5 step 150]  loss=6.41e-01  l1=0.00e+00  l2=6.41e-01  psnr=15.6  cos=0.5542
[epoch 5 step 200]  loss=9.05e-01  l1=0.00e+00  l2=9.05e-01  psnr=14.1  cos=0.5306
[epoch 5 step 250]  loss=6.66e-01  l1=0.00e+00  l2=6.66e-01  psnr=15.4  cos=0.5320
[epoch 5 step 300]  loss=8.29e-01  l1=0.00e+00  l2=8.29e-01  psnr=14.5  cos=0.5503
[epoch 5 step 350]  loss=6.77e-01  l1=0.00e+00  l2=6.77e-01  psnr=15.3  cos=0.5174
[epoch 5 step 400]  loss=9.12e-01  l1=0.00e+00  l2=9.12e-01  psnr=14.0  cos=0.5337
[epoch 5 step 450]  loss=6.79e-01  l1=0.00e+00  l2=6.79e-01  psnr=15.3  cos=0.4776
[epoch 5 step 500]  loss=7.30e-01  l1=0.00e+00  l2=7.30e-01  psnr=15.0  cos=0.4723
[epoch 5 step 550]  loss=6.17e-01  l1=0.00e+00  l2=6.17e-01  psnr=15.7  cos=0.6008
[epoch 5 step 600]  loss=6.59e-01  l1=0.00e+00  l2=6.59e-01  psnr=15.4  cos=0.5297
[epoch 5 step 650]  loss=6.63e-01  l1=0.00e+00  l2=6.63e-01  psnr=15.4  cos=0.5339
[epoch 5 step 700]  loss=5.97e-01  l1=0.00e+00  l2=5.97e-01  psnr=15.9  cos=0.5257
[epoch 5 step 750]  loss=7.76e-01  l1=0.00e+00  l2=7.76e-01  psnr=14.7  cos=0.5343
[epoch 5 step 800]  loss=7.74e-01  l1=0.00e+00  l2=7.74e-01  psnr=14.8  cos=0.5680
[epoch 5 step 850]  loss=7.55e-01  l1=0.00e+00  l2=7.55e-01  psnr=14.9  cos=0.4773
[epoch 5 step 900]  loss=7.15e-01  l1=0.00e+00  l2=7.15e-01  psnr=15.1  cos=0.5625
[epoch 5 step 950]  loss=6.57e-01  l1=0.00e+00  l2=6.57e-01  psnr=15.5  cos=0.4645
[epoch 5 step 1000]  loss=8.80e-01  l1=0.00e+00  l2=8.80e-01  psnr=14.2  cos=0.5228
[epoch 5 step 1050]  loss=8.23e-01  l1=0.00e+00  l2=8.23e-01  psnr=14.5  cos=0.5404
[epoch 5 step 1100]  loss=6.28e-01  l1=0.00e+00  l2=6.28e-01  psnr=15.7  cos=0.5438
[epoch 5 step 1150]  loss=6.79e-01  l1=0.00e+00  l2=6.79e-01  psnr=15.3  cos=0.4710
[epoch 5 step 1200]  loss=6.99e-01  l1=0.00e+00  l2=6.99e-01  psnr=15.2  cos=0.4909
[epoch 5 step 1250]  loss=7.72e-01  l1=0.00e+00  l2=7.72e-01  psnr=14.8  cos=0.5691
[epoch 5 step 1300]  loss=6.46e-01  l1=0.00e+00  l2=6.46e-01  psnr=15.5  cos=0.5692
[epoch 5 step 1350]  loss=6.41e-01  l1=0.00e+00  l2=6.41e-01  psnr=15.6  cos=0.4976
[epoch 5 step 1400]  loss=6.18e-01  l1=0.00e+00  l2=6.18e-01  psnr=15.7  cos=0.5126
[epoch 5 step 1450]  loss=9.52e-01  l1=0.00e+00  l2=9.52e-01  psnr=13.9  cos=0.5028
[epoch 5 step 1500]  loss=5.54e-01  l1=0.00e+00  l2=5.54e-01  psnr=16.2  cos=0.5892
[epoch 5 step 1550]  loss=9.05e-01  l1=0.00e+00  l2=9.05e-01  psnr=14.1  cos=0.5251
[epoch 5 step 1600]  loss=1.04e+00  l1=0.00e+00  l2=1.04e+00  psnr=13.5  cos=0.4901
[epoch 5 step 1650]  loss=7.75e-01  l1=0.00e+00  l2=7.75e-01  psnr=14.7  cos=0.5694
[epoch 5 step 1700]  loss=6.68e-01  l1=0.00e+00  l2=6.68e-01  psnr=15.4  cos=0.4701
[epoch 5 step 1750]  loss=6.72e-01  l1=0.00e+00  l2=6.72e-01  psnr=15.4  cos=0.4989
[epoch 5 step 1800]  loss=6.62e-01  l1=0.00e+00  l2=6.62e-01  psnr=15.4  cos=0.4894
[epoch 5 step 1850]  loss=7.59e-01  l1=0.00e+00  l2=7.59e-01  psnr=14.8  cos=0.5695
[epoch 5 step 1900]  loss=6.74e-01  l1=0.00e+00  l2=6.74e-01  psnr=15.4  cos=0.4810
[epoch 5 step 1950]  loss=6.45e-01  l1=0.00e+00  l2=6.45e-01  psnr=15.5  cos=0.5246
[epoch 5 step 2000]  loss=6.61e-01  l1=0.00e+00  l2=6.61e-01  psnr=15.4  cos=0.5432
[epoch 5 step 2050]  loss=6.49e-01  l1=0.00e+00  l2=6.49e-01  psnr=15.5  cos=0.5145
[epoch 5 step 2100]  loss=7.96e-01  l1=0.00e+00  l2=7.96e-01  psnr=14.6  cos=0.5717
[epoch 5 step 2150]  loss=6.65e-01  l1=0.00e+00  l2=6.65e-01  psnr=15.4  cos=0.4982
[epoch 5 step 2200]  loss=6.63e-01  l1=0.00e+00  l2=6.63e-01  psnr=15.4  cos=0.5270
[epoch 5 step 2250]  loss=8.21e-01  l1=0.00e+00  l2=8.21e-01  psnr=14.5  cos=0.5394
[epoch 5 step 2300]  loss=7.15e-01  l1=0.00e+00  l2=7.15e-01  psnr=15.1  cos=0.4655
[epoch 5 step 2350]  loss=6.92e-01  l1=0.00e+00  l2=6.92e-01  psnr=15.2  cos=0.4038
[epoch 5 step 2400]  loss=8.65e-01  l1=0.00e+00  l2=8.65e-01  psnr=14.3  cos=0.5308
[epoch 5 step 2450]  loss=8.74e-01  l1=0.00e+00  l2=8.74e-01  psnr=14.2  cos=0.5071
[epoch 5 step 2500]  loss=6.34e-01  l1=0.00e+00  l2=6.34e-01  psnr=15.6  cos=0.4847
[epoch 5 step 2550]  loss=6.94e-01  l1=0.00e+00  l2=6.94e-01  psnr=15.2  cos=0.5202
[epoch 5 step 2600]  loss=6.22e-01  l1=0.00e+00  l2=6.22e-01  psnr=15.7  cos=0.5359
[epoch 5 step 2650]  loss=7.18e-01  l1=0.00e+00  l2=7.18e-01  psnr=15.1  cos=0.5120
[epoch 5 step 2700]  loss=6.67e-01  l1=0.00e+00  l2=6.67e-01  psnr=15.4  cos=0.4918
[epoch 5 step 2750]  loss=6.25e-01  l1=0.00e+00  l2=6.25e-01  psnr=15.7  cos=0.5069
[epoch 5 step 2800]  loss=6.57e-01  l1=0.00e+00  l2=6.57e-01  psnr=15.5  cos=0.5066
[epoch 5 step 2850]  loss=5.18e-01  l1=0.00e+00  l2=5.18e-01  psnr=16.5  cos=0.6625
[epoch 5 step 2900]  loss=6.46e-01  l1=0.00e+00  l2=6.46e-01  psnr=15.5  cos=0.5571
[epoch 5 step 2950]  loss=6.94e-01  l1=0.00e+00  l2=6.94e-01  psnr=15.2  cos=0.4322
[epoch 5 step 3000]  loss=5.35e-01  l1=0.00e+00  l2=5.35e-01  psnr=16.4  cos=0.6203
[epoch 5 step 3050]  loss=8.90e-01  l1=0.00e+00  l2=8.90e-01  psnr=14.1  cos=0.5757
[epoch 5 step 3100]  loss=7.53e-01  l1=0.00e+00  l2=7.53e-01  psnr=14.9  cos=0.4779
[epoch 5 step 3150]  loss=6.66e-01  l1=0.00e+00  l2=6.66e-01  psnr=15.4  cos=0.4740
[epoch 5 step 3200]  loss=9.23e-01  l1=0.00e+00  l2=9.23e-01  psnr=14.0  cos=0.5111
[epoch 5 step 3250]  loss=5.87e-01  l1=0.00e+00  l2=5.87e-01  psnr=16.0  cos=0.5603
[epoch 5 step 3300]  loss=6.39e-01  l1=0.00e+00  l2=6.39e-01  psnr=15.6  cos=0.5802
[epoch 5 step 3350]  loss=6.89e-01  l1=0.00e+00  l2=6.89e-01  psnr=15.3  cos=0.5184
[epoch 5 step 3400]  loss=7.05e-01  l1=0.00e+00  l2=7.05e-01  psnr=15.2  cos=0.4701
[epoch 5 step 3450]  loss=6.50e-01  l1=0.00e+00  l2=6.50e-01  psnr=15.5  cos=0.4760
[epoch 5 step 3500]  loss=6.95e-01  l1=0.00e+00  l2=6.95e-01  psnr=15.2  cos=0.4669
[epoch 5 step 3550]  loss=7.28e-01  l1=0.00e+00  l2=7.28e-01  psnr=15.0  cos=0.4896
[epoch 5 step 3600]  loss=5.92e-01  l1=0.00e+00  l2=5.92e-01  psnr=15.9  cos=0.6068
[epoch 5 step 3650]  loss=6.81e-01  l1=0.00e+00  l2=6.81e-01  psnr=15.3  cos=0.5072
[epoch 5 step 3700]  loss=9.44e-01  l1=0.00e+00  l2=9.44e-01  psnr=13.9  cos=0.4994
[epoch 5 step 3750]  loss=8.75e-01  l1=0.00e+00  l2=8.75e-01  psnr=14.2  cos=0.5093
[epoch 5 step 3800]  loss=5.83e-01  l1=0.00e+00  l2=5.83e-01  psnr=16.0  cos=0.5455
[epoch 5 step 3850]  loss=7.88e-01  l1=0.00e+00  l2=7.88e-01  psnr=14.7  cos=0.5533
[epoch 5 step 3900]  loss=6.61e-01  l1=0.00e+00  l2=6.61e-01  psnr=15.4  cos=0.6185
[epoch 5 step 3950]  loss=6.60e-01  l1=0.00e+00  l2=6.60e-01  psnr=15.4  cos=0.5085
[epoch 5 step 4000]  loss=5.62e-01  l1=0.00e+00  l2=5.62e-01  psnr=16.1  cos=0.5491
[epoch 5 step 4050]  loss=6.80e-01  l1=0.00e+00  l2=6.80e-01  psnr=15.3  cos=0.4744
[epoch 5 step 4100]  loss=6.46e-01  l1=0.00e+00  l2=6.46e-01  psnr=15.5  cos=0.5013
[epoch 5 step 4150]  loss=6.45e-01  l1=0.00e+00  l2=6.45e-01  psnr=15.5  cos=0.5338
[epoch 5 step 4200]  loss=7.51e-01  l1=0.00e+00  l2=7.51e-01  psnr=14.9  cos=0.5624
[epoch 5 step 4250]  loss=6.03e-01  l1=0.00e+00  l2=6.03e-01  psnr=15.8  cos=0.5337
[epoch 5 step 4300]  loss=6.73e-01  l1=0.00e+00  l2=6.73e-01  psnr=15.4  cos=0.4706
[epoch 5 step 4350]  loss=6.72e-01  l1=0.00e+00  l2=6.72e-01  psnr=15.4  cos=0.4890
[epoch 5 step 4400]  loss=6.96e-01  l1=0.00e+00  l2=6.96e-01  psnr=15.2  cos=0.5549
[epoch 5 step 4450]  loss=7.27e-01  l1=0.00e+00  l2=7.27e-01  psnr=15.0  cos=0.4430
[epoch 5 step 4500]  loss=7.01e-01  l1=0.00e+00  l2=7.01e-01  psnr=15.2  cos=0.5250
[epoch 5 step 4550]  loss=6.50e-01  l1=0.00e+00  l2=6.50e-01  psnr=15.5  cos=0.5117
[epoch 5 step 4600]  loss=6.45e-01  l1=0.00e+00  l2=6.45e-01  psnr=15.5  cos=0.5273
[epoch 5 step 4650]  loss=6.30e-01  l1=0.00e+00  l2=6.30e-01  psnr=15.6  cos=0.6056
[epoch 5 step 4700]  loss=7.59e-01  l1=0.00e+00  l2=7.59e-01  psnr=14.8  cos=0.5784
[epoch 5 step 4750]  loss=6.60e-01  l1=0.00e+00  l2=6.60e-01  psnr=15.4  cos=0.5214
[epoch 5 step 4800]  loss=6.97e-01  l1=0.00e+00  l2=6.97e-01  psnr=15.2  cos=0.4906
[epoch 5 step 4850]  loss=6.85e-01  l1=0.00e+00  l2=6.85e-01  psnr=15.3  cos=0.6203
[epoch 5 step 4900]  loss=8.50e-01  l1=0.00e+00  l2=8.50e-01  psnr=14.3  cos=0.5596
[epoch 5 step 4950]  loss=9.49e-01  l1=0.00e+00  l2=9.49e-01  psnr=13.9  cos=0.4801
[epoch 5 DONE]  final_loss=6.58e-01  psnr=13.87  cos=0.4801
[checkpoint] /workspace/runs/trial4/checkpoints/epoch_0005.pt
[val epoch 5]  latent_l1=0.5983  latent_l2=0.8392  latent_psnr=26.3079  gap_to_upper_psnr=15.0285  gap_to_upper_ssim_3d=0.2313  image_psnr_3d=15.9112  image_ssim_3d=0.4882
[epoch 6 step 000]  loss=8.81e-01  l1=0.00e+00  l2=8.81e-01  psnr=14.2  cos=0.5281
[epoch 6 step 050]  loss=9.51e-01  l1=0.00e+00  l2=9.51e-01  psnr=13.9  cos=0.4766
[epoch 6 step 100]  loss=6.97e-01  l1=0.00e+00  l2=6.97e-01  psnr=15.2  cos=0.4353
[epoch 6 step 150]  loss=6.73e-01  l1=0.00e+00  l2=6.73e-01  psnr=15.4  cos=0.4997
[epoch 6 step 200]  loss=7.26e-01  l1=0.00e+00  l2=7.26e-01  psnr=15.0  cos=0.4822
[epoch 6 step 250]  loss=6.66e-01  l1=0.00e+00  l2=6.66e-01  psnr=15.4  cos=0.5066
[epoch 6 step 300]  loss=6.54e-01  l1=0.00e+00  l2=6.54e-01  psnr=15.5  cos=0.5105
[epoch 6 step 350]  loss=7.28e-01  l1=0.00e+00  l2=7.28e-01  psnr=15.0  cos=0.5879
[epoch 6 step 400]  loss=8.75e-01  l1=0.00e+00  l2=8.75e-01  psnr=14.2  cos=0.5517
[epoch 6 step 450]  loss=6.65e-01  l1=0.00e+00  l2=6.65e-01  psnr=15.4  cos=0.4954
[epoch 6 step 500]  loss=6.41e-01  l1=0.00e+00  l2=6.41e-01  psnr=15.6  cos=0.5066
[epoch 6 step 550]  loss=7.74e-01  l1=0.00e+00  l2=7.74e-01  psnr=14.8  cos=0.4238
[epoch 6 step 600]  loss=7.84e-01  l1=0.00e+00  l2=7.84e-01  psnr=14.7  cos=0.5624
[epoch 6 step 650]  loss=8.38e-01  l1=0.00e+00  l2=8.38e-01  psnr=14.4  cos=0.5348
[epoch 6 step 700]  loss=6.94e-01  l1=0.00e+00  l2=6.94e-01  psnr=15.2  cos=0.4847
[epoch 6 step 750]  loss=6.42e-01  l1=0.00e+00  l2=6.42e-01  psnr=15.6  cos=0.5391
[epoch 6 step 800]  loss=1.13e+00  l1=0.00e+00  l2=1.13e+00  psnr=13.1  cos=0.4328
[epoch 6 step 850]  loss=6.79e-01  l1=0.00e+00  l2=6.79e-01  psnr=15.3  cos=0.5865
[epoch 6 step 900]  loss=7.24e-01  l1=0.00e+00  l2=7.24e-01  psnr=15.0  cos=0.4865
[epoch 6 step 950]  loss=5.53e-01  l1=0.00e+00  l2=5.53e-01  psnr=16.2  cos=0.5883
[epoch 6 step 1000]  loss=6.29e-01  l1=0.00e+00  l2=6.29e-01  psnr=15.7  cos=0.5258
[epoch 6 step 1050]  loss=9.53e-01  l1=0.00e+00  l2=9.53e-01  psnr=13.9  cos=0.4776
[epoch 6 step 1100]  loss=7.17e-01  l1=0.00e+00  l2=7.17e-01  psnr=15.1  cos=0.5897
[epoch 6 step 1150]  loss=6.64e-01  l1=0.00e+00  l2=6.64e-01  psnr=15.4  cos=0.4950
[epoch 6 step 1200]  loss=8.29e-01  l1=0.00e+00  l2=8.29e-01  psnr=14.5  cos=0.5407
[epoch 6 step 1250]  loss=9.02e-01  l1=0.00e+00  l2=9.02e-01  psnr=14.1  cos=0.5036
[epoch 6 step 1300]  loss=6.59e-01  l1=0.00e+00  l2=6.59e-01  psnr=15.5  cos=0.4847
[epoch 6 step 1350]  loss=6.98e-01  l1=0.00e+00  l2=6.98e-01  psnr=15.2  cos=0.5021
[epoch 6 step 1400]  loss=6.01e-01  l1=0.00e+00  l2=6.01e-01  psnr=15.9  cos=0.5704
[epoch 6 step 1450]  loss=7.03e-01  l1=0.00e+00  l2=7.03e-01  psnr=15.2  cos=0.5047
[epoch 6 step 1500]  loss=8.87e-01  l1=0.00e+00  l2=8.87e-01  psnr=14.2  cos=0.4773
[epoch 6 step 1550]  loss=6.47e-01  l1=0.00e+00  l2=6.47e-01  psnr=15.5  cos=0.5096
[epoch 6 step 1600]  loss=6.09e-01  l1=0.00e+00  l2=6.09e-01  psnr=15.8  cos=0.5377
[epoch 6 step 1650]  loss=8.42e-01  l1=0.00e+00  l2=8.42e-01  psnr=14.4  cos=0.5242
[epoch 6 step 1700]  loss=7.60e-01  l1=0.00e+00  l2=7.60e-01  psnr=14.8  cos=0.5506
[epoch 6 step 1750]  loss=6.83e-01  l1=0.00e+00  l2=6.83e-01  psnr=15.3  cos=0.5205
[epoch 6 step 1800]  loss=9.66e-01  l1=0.00e+00  l2=9.66e-01  psnr=13.8  cos=0.4640
[epoch 6 step 1850]  loss=6.78e-01  l1=0.00e+00  l2=6.78e-01  psnr=15.3  cos=0.4806
[epoch 6 step 1900]  loss=6.64e-01  l1=0.00e+00  l2=6.64e-01  psnr=15.4  cos=0.4766
[epoch 6 step 1950]  loss=6.50e-01  l1=0.00e+00  l2=6.50e-01  psnr=15.5  cos=0.4673
[epoch 6 step 2000]  loss=6.43e-01  l1=0.00e+00  l2=6.43e-01  psnr=15.6  cos=0.4720
[epoch 6 step 2050]  loss=7.39e-01  l1=0.00e+00  l2=7.39e-01  psnr=15.0  cos=0.5113
[epoch 6 step 2100]  loss=8.85e-01  l1=0.00e+00  l2=8.85e-01  psnr=14.2  cos=0.5462
[epoch 6 step 2150]  loss=7.27e-01  l1=0.00e+00  l2=7.27e-01  psnr=15.0  cos=0.4999
[epoch 6 step 2200]  loss=7.05e-01  l1=0.00e+00  l2=7.05e-01  psnr=15.2  cos=0.5092
[epoch 6 step 2250]  loss=9.82e-01  l1=0.00e+00  l2=9.82e-01  psnr=13.7  cos=0.4489
[epoch 6 step 2300]  loss=8.22e-01  l1=0.00e+00  l2=8.22e-01  psnr=14.5  cos=0.5075
[epoch 6 step 2350]  loss=7.04e-01  l1=0.00e+00  l2=7.04e-01  psnr=15.2  cos=0.4721
[epoch 6 step 2400]  loss=6.84e-01  l1=0.00e+00  l2=6.84e-01  psnr=15.3  cos=0.4538
[epoch 6 step 2450]  loss=6.77e-01  l1=0.00e+00  l2=6.77e-01  psnr=15.3  cos=0.5947
[epoch 6 step 2500]  loss=8.06e-01  l1=0.00e+00  l2=8.06e-01  psnr=14.6  cos=0.5636
[epoch 6 step 2550]  loss=6.31e-01  l1=0.00e+00  l2=6.31e-01  psnr=15.6  cos=0.5204
[epoch 6 step 2600]  loss=7.60e-01  l1=0.00e+00  l2=7.60e-01  psnr=14.8  cos=0.4943
[epoch 6 step 2650]  loss=6.11e-01  l1=0.00e+00  l2=6.11e-01  psnr=15.8  cos=0.6010
[epoch 6 step 2700]  loss=5.92e-01  l1=0.00e+00  l2=5.92e-01  psnr=15.9  cos=0.5395
[epoch 6 step 2750]  loss=5.87e-01  l1=0.00e+00  l2=5.87e-01  psnr=16.0  cos=0.6435
[epoch 6 step 2800]  loss=4.79e-01  l1=0.00e+00  l2=4.79e-01  psnr=16.8  cos=0.6642
[epoch 6 step 2850]  loss=7.36e-01  l1=0.00e+00  l2=7.36e-01  psnr=15.0  cos=0.5206
[epoch 6 step 2900]  loss=6.72e-01  l1=0.00e+00  l2=6.72e-01  psnr=15.4  cos=0.6230
[epoch 6 step 2950]  loss=7.99e-01  l1=0.00e+00  l2=7.99e-01  psnr=14.6  cos=0.5173
[epoch 6 step 3000]  loss=6.29e-01  l1=0.00e+00  l2=6.29e-01  psnr=15.7  cos=0.5060
[epoch 6 step 3050]  loss=5.94e-01  l1=0.00e+00  l2=5.94e-01  psnr=15.9  cos=0.5704
[epoch 6 step 3100]  loss=6.26e-01  l1=0.00e+00  l2=6.26e-01  psnr=15.7  cos=0.5279
[epoch 6 step 3150]  loss=7.67e-01  l1=0.00e+00  l2=7.67e-01  psnr=14.8  cos=0.5528
[epoch 6 step 3200]  loss=6.82e-01  l1=0.00e+00  l2=6.82e-01  psnr=15.3  cos=0.5028
[epoch 6 step 3250]  loss=8.95e-01  l1=0.00e+00  l2=8.95e-01  psnr=14.1  cos=0.5450
[epoch 6 step 3300]  loss=9.51e-01  l1=0.00e+00  l2=9.51e-01  psnr=13.9  cos=0.4536
[epoch 6 step 3350]  loss=8.10e-01  l1=0.00e+00  l2=8.10e-01  psnr=14.6  cos=0.5469
[epoch 6 step 3400]  loss=7.20e-01  l1=0.00e+00  l2=7.20e-01  psnr=15.1  cos=0.5941
[epoch 6 step 3450]  loss=6.53e-01  l1=0.00e+00  l2=6.53e-01  psnr=15.5  cos=0.5068
[epoch 6 step 3500]  loss=7.80e-01  l1=0.00e+00  l2=7.80e-01  psnr=14.7  cos=0.5178
[epoch 6 step 3550]  loss=7.23e-01  l1=0.00e+00  l2=7.23e-01  psnr=15.0  cos=0.5717
[epoch 6 step 3600]  loss=7.77e-01  l1=0.00e+00  l2=7.77e-01  psnr=14.7  cos=0.5511
[epoch 6 step 3650]  loss=5.95e-01  l1=0.00e+00  l2=5.95e-01  psnr=15.9  cos=0.5513
[epoch 6 step 3700]  loss=6.82e-01  l1=0.00e+00  l2=6.82e-01  psnr=15.3  cos=0.4459
[epoch 6 step 3750]  loss=6.14e-01  l1=0.00e+00  l2=6.14e-01  psnr=15.8  cos=0.5480
[epoch 6 step 3800]  loss=8.52e-01  l1=0.00e+00  l2=8.52e-01  psnr=14.3  cos=0.5253
[epoch 6 step 3850]  loss=7.09e-01  l1=0.00e+00  l2=7.09e-01  psnr=15.1  cos=0.4616
[epoch 6 step 3900]  loss=6.32e-01  l1=0.00e+00  l2=6.32e-01  psnr=15.6  cos=0.4616
[epoch 6 step 3950]  loss=7.67e-01  l1=0.00e+00  l2=7.67e-01  psnr=14.8  cos=0.5776
[epoch 6 step 4000]  loss=6.63e-01  l1=0.00e+00  l2=6.63e-01  psnr=15.4  cos=0.4749
[epoch 6 step 4050]  loss=8.66e-01  l1=0.00e+00  l2=8.66e-01  psnr=14.3  cos=0.5085
[epoch 6 step 4100]  loss=7.30e-01  l1=0.00e+00  l2=7.30e-01  psnr=15.0  cos=0.4534
[epoch 6 step 4150]  loss=6.54e-01  l1=0.00e+00  l2=6.54e-01  psnr=15.5  cos=0.5101
[epoch 6 step 4200]  loss=1.01e+00  l1=0.00e+00  l2=1.01e+00  psnr=13.6  cos=0.5034
[epoch 6 step 4250]  loss=9.09e-01  l1=0.00e+00  l2=9.09e-01  psnr=14.1  cos=0.5177
[epoch 6 step 4300]  loss=8.74e-01  l1=0.00e+00  l2=8.74e-01  psnr=14.2  cos=0.4826
[epoch 6 step 4350]  loss=9.44e-01  l1=0.00e+00  l2=9.44e-01  psnr=13.9  cos=0.4766
[epoch 6 step 4400]  loss=7.30e-01  l1=0.00e+00  l2=7.30e-01  psnr=15.0  cos=0.5658
[epoch 6 step 4450]  loss=7.20e-01  l1=0.00e+00  l2=7.20e-01  psnr=15.1  cos=0.5773
[epoch 6 step 4500]  loss=6.33e-01  l1=0.00e+00  l2=6.33e-01  psnr=15.6  cos=0.4798
[epoch 6 step 4550]  loss=9.23e-01  l1=0.00e+00  l2=9.23e-01  psnr=14.0  cos=0.5265
[epoch 6 step 4600]  loss=9.67e-01  l1=0.00e+00  l2=9.67e-01  psnr=13.8  cos=0.4466
[epoch 6 step 4650]  loss=7.04e-01  l1=0.00e+00  l2=7.04e-01  psnr=15.2  cos=0.4894
[epoch 6 step 4700]  loss=6.28e-01  l1=0.00e+00  l2=6.28e-01  psnr=15.7  cos=0.5526
[epoch 6 step 4750]  loss=9.73e-01  l1=0.00e+00  l2=9.73e-01  psnr=13.8  cos=0.4963
[epoch 6 step 4800]  loss=5.75e-01  l1=0.00e+00  l2=5.75e-01  psnr=16.0  cos=0.5822
[epoch 6 step 4850]  loss=6.52e-01  l1=0.00e+00  l2=6.52e-01  psnr=15.5  cos=0.4982
[epoch 6 step 4900]  loss=6.24e-01  l1=0.00e+00  l2=6.24e-01  psnr=15.7  cos=0.5272
[epoch 6 step 4950]  loss=8.37e-01  l1=0.00e+00  l2=8.37e-01  psnr=14.4  cos=0.5368
[epoch 6 DONE]  final_loss=6.25e-01  psnr=14.41  cos=0.5368
[checkpoint] /workspace/runs/trial4/checkpoints/epoch_0006.pt
[val epoch 6]  latent_l1=0.6012  latent_l2=0.8407  latent_psnr=26.2320
[epoch 7 step 000]  loss=6.46e-01  l1=0.00e+00  l2=6.46e-01  psnr=15.5  cos=0.4791
[epoch 7 step 050]  loss=7.57e-01  l1=0.00e+00  l2=7.57e-01  psnr=14.8  cos=0.5981
[epoch 7 step 100]  loss=1.04e+00  l1=0.00e+00  l2=1.04e+00  psnr=13.5  cos=0.5063
[epoch 7 step 150]  loss=6.31e-01  l1=0.00e+00  l2=6.31e-01  psnr=15.6  cos=0.5086
[epoch 7 step 200]  loss=5.90e-01  l1=0.00e+00  l2=5.90e-01  psnr=15.9  cos=0.5783
[epoch 7 step 250]  loss=6.68e-01  l1=0.00e+00  l2=6.68e-01  psnr=15.4  cos=0.5791
[epoch 7 step 300]  loss=7.23e-01  l1=0.00e+00  l2=7.23e-01  psnr=15.0  cos=0.5539
[epoch 7 step 350]  loss=8.33e-01  l1=0.00e+00  l2=8.33e-01  psnr=14.4  cos=0.5427
[epoch 7 step 400]  loss=7.77e-01  l1=0.00e+00  l2=7.77e-01  psnr=14.7  cos=0.5770
[epoch 7 step 450]  loss=6.93e-01  l1=0.00e+00  l2=6.93e-01  psnr=15.2  cos=0.4942
[epoch 7 step 500]  loss=7.48e-01  l1=0.00e+00  l2=7.48e-01  psnr=14.9  cos=0.5486
[epoch 7 step 550]  loss=5.84e-01  l1=0.00e+00  l2=5.84e-01  psnr=16.0  cos=0.5597
[epoch 7 step 600]  loss=7.88e-01  l1=0.00e+00  l2=7.88e-01  psnr=14.7  cos=0.5581
[epoch 7 step 650]  loss=6.79e-01  l1=0.00e+00  l2=6.79e-01  psnr=15.3  cos=0.5057
[epoch 7 step 700]  loss=6.50e-01  l1=0.00e+00  l2=6.50e-01  psnr=15.5  cos=0.4774
[epoch 7 step 750]  loss=6.60e-01  l1=0.00e+00  l2=6.60e-01  psnr=15.4  cos=0.5409
[epoch 7 step 800]  loss=7.13e-01  l1=0.00e+00  l2=7.13e-01  psnr=15.1  cos=0.4644
[epoch 7 step 850]  loss=5.90e-01  l1=0.00e+00  l2=5.90e-01  psnr=15.9  cos=0.5586
[epoch 7 step 900]  loss=6.88e-01  l1=0.00e+00  l2=6.88e-01  psnr=15.3  cos=0.4793
[epoch 7 step 950]  loss=6.42e-01  l1=0.00e+00  l2=6.42e-01  psnr=15.6  cos=0.5325
[epoch 7 step 1000]  loss=6.25e-01  l1=0.00e+00  l2=6.25e-01  psnr=15.7  cos=0.5872
[epoch 7 step 1050]  loss=1.05e+00  l1=0.00e+00  l2=1.05e+00  psnr=13.4  cos=0.4687
[epoch 7 step 1100]  loss=6.87e-01  l1=0.00e+00  l2=6.87e-01  psnr=15.3  cos=0.5920
[epoch 7 step 1150]  loss=7.06e-01  l1=0.00e+00  l2=7.06e-01  psnr=15.2  cos=0.4916
[epoch 7 step 1200]  loss=8.46e-01  l1=0.00e+00  l2=8.46e-01  psnr=14.4  cos=0.5274
[epoch 7 step 1250]  loss=6.67e-01  l1=0.00e+00  l2=6.67e-01  psnr=15.4  cos=0.4958
[epoch 7 step 1300]  loss=5.39e-01  l1=0.00e+00  l2=5.39e-01  psnr=16.3  cos=0.6662
[epoch 7 step 1350]  loss=6.52e-01  l1=0.00e+00  l2=6.52e-01  psnr=15.5  cos=0.5159
[epoch 7 step 1400]  loss=7.84e-01  l1=0.00e+00  l2=7.84e-01  psnr=14.7  cos=0.4710
[epoch 7 step 1450]  loss=6.45e-01  l1=0.00e+00  l2=6.45e-01  psnr=15.5  cos=0.5407
[epoch 7 step 1500]  loss=1.05e+00  l1=0.00e+00  l2=1.05e+00  psnr=13.4  cos=0.4838
[epoch 7 step 1550]  loss=7.93e-01  l1=0.00e+00  l2=7.93e-01  psnr=14.6  cos=0.5169
[epoch 7 step 1600]  loss=7.17e-01  l1=0.00e+00  l2=7.17e-01  psnr=15.1  cos=0.5334
[epoch 7 step 1650]  loss=7.69e-01  l1=0.00e+00  l2=7.69e-01  psnr=14.8  cos=0.5753
[epoch 7 step 1700]  loss=7.10e-01  l1=0.00e+00  l2=7.10e-01  psnr=15.1  cos=0.4570
[epoch 7 step 1750]  loss=6.64e-01  l1=0.00e+00  l2=6.64e-01  psnr=15.4  cos=0.5171
[epoch 7 step 1800]  loss=7.57e-01  l1=0.00e+00  l2=7.57e-01  psnr=14.9  cos=0.5711
[epoch 7 step 1850]  loss=6.63e-01  l1=0.00e+00  l2=6.63e-01  psnr=15.4  cos=0.4981
[epoch 7 step 1900]  loss=7.56e-01  l1=0.00e+00  l2=7.56e-01  psnr=14.9  cos=0.5896
[epoch 7 step 1950]  loss=6.31e-01  l1=0.00e+00  l2=6.31e-01  psnr=15.6  cos=0.5124
[epoch 7 step 2000]  loss=9.61e-01  l1=0.00e+00  l2=9.61e-01  psnr=13.8  cos=0.4735
[epoch 7 step 2050]  loss=6.51e-01  l1=0.00e+00  l2=6.51e-01  psnr=15.5  cos=0.6182
[epoch 7 step 2100]  loss=7.06e-01  l1=0.00e+00  l2=7.06e-01  psnr=15.2  cos=0.5931
[epoch 7 step 2150]  loss=7.36e-01  l1=0.00e+00  l2=7.36e-01  psnr=15.0  cos=0.5529
[epoch 7 step 2200]  loss=6.03e-01  l1=0.00e+00  l2=6.03e-01  psnr=15.8  cos=0.5641
[epoch 7 step 2250]  loss=6.73e-01  l1=0.00e+00  l2=6.73e-01  psnr=15.4  cos=0.4883
[epoch 7 step 2300]  loss=6.48e-01  l1=0.00e+00  l2=6.48e-01  psnr=15.5  cos=0.5098
[epoch 7 step 2350]  loss=6.42e-01  l1=0.00e+00  l2=6.42e-01  psnr=15.6  cos=0.5207
[epoch 7 step 2400]  loss=7.75e-01  l1=0.00e+00  l2=7.75e-01  psnr=14.7  cos=0.5532
[epoch 7 step 2450]  loss=6.66e-01  l1=0.00e+00  l2=6.66e-01  psnr=15.4  cos=0.5584
[epoch 7 step 2500]  loss=7.93e-01  l1=0.00e+00  l2=7.93e-01  psnr=14.6  cos=0.5271
[epoch 7 step 2550]  loss=6.77e-01  l1=0.00e+00  l2=6.77e-01  psnr=15.3  cos=0.5001
[epoch 7 step 2600]  loss=6.57e-01  l1=0.00e+00  l2=6.57e-01  psnr=15.5  cos=0.5054
[epoch 7 step 2650]  loss=8.44e-01  l1=0.00e+00  l2=8.44e-01  psnr=14.4  cos=0.5242
[epoch 7 step 2700]  loss=6.46e-01  l1=0.00e+00  l2=6.46e-01  psnr=15.5  cos=0.5321
[epoch 7 step 2750]  loss=8.51e-01  l1=0.00e+00  l2=8.51e-01  psnr=14.3  cos=0.5337
[epoch 7 step 2800]  loss=5.70e-01  l1=0.00e+00  l2=5.70e-01  psnr=16.1  cos=0.6378
[epoch 7 step 2850]  loss=6.87e-01  l1=0.00e+00  l2=6.87e-01  psnr=15.3  cos=0.5482
[epoch 7 step 2900]  loss=6.91e-01  l1=0.00e+00  l2=6.91e-01  psnr=15.2  cos=0.5813
[epoch 7 step 2950]  loss=8.03e-01  l1=0.00e+00  l2=8.03e-01  psnr=14.6  cos=0.4847
[epoch 7 step 3000]  loss=5.86e-01  l1=0.00e+00  l2=5.86e-01  psnr=16.0  cos=0.6219
[epoch 7 step 3050]  loss=7.22e-01  l1=0.00e+00  l2=7.22e-01  psnr=15.1  cos=0.4949
[epoch 7 step 3100]  loss=6.36e-01  l1=0.00e+00  l2=6.36e-01  psnr=15.6  cos=0.5156
[epoch 7 step 3150]  loss=5.61e-01  l1=0.00e+00  l2=5.61e-01  psnr=16.1  cos=0.6344
[epoch 7 step 3200]  loss=5.86e-01  l1=0.00e+00  l2=5.86e-01  psnr=16.0  cos=0.6121
[epoch 7 step 3250]  loss=6.09e-01  l1=0.00e+00  l2=6.09e-01  psnr=15.8  cos=0.5304
[epoch 7 step 3300]  loss=9.82e-01  l1=0.00e+00  l2=9.82e-01  psnr=13.7  cos=0.4835
[epoch 7 step 3350]  loss=6.58e-01  l1=0.00e+00  l2=6.58e-01  psnr=15.5  cos=0.4911
[epoch 7 step 3400]  loss=6.36e-01  l1=0.00e+00  l2=6.36e-01  psnr=15.6  cos=0.4793
[epoch 7 step 3450]  loss=9.43e-01  l1=0.00e+00  l2=9.43e-01  psnr=13.9  cos=0.4773
[epoch 7 step 3500]  loss=6.15e-01  l1=0.00e+00  l2=6.15e-01  psnr=15.7  cos=0.5593
[epoch 7 step 3550]  loss=6.63e-01  l1=0.00e+00  l2=6.63e-01  psnr=15.4  cos=0.5339
[epoch 7 step 3600]  loss=6.95e-01  l1=0.00e+00  l2=6.95e-01  psnr=15.2  cos=0.5045
[epoch 7 step 3650]  loss=6.79e-01  l1=0.00e+00  l2=6.79e-01  psnr=15.3  cos=0.4863
[epoch 7 step 3700]  loss=8.18e-01  l1=0.00e+00  l2=8.18e-01  psnr=14.5  cos=0.5332
[epoch 7 step 3750]  loss=9.88e-01  l1=0.00e+00  l2=9.88e-01  psnr=13.7  cos=0.4721
[epoch 7 step 3800]  loss=9.31e-01  l1=0.00e+00  l2=9.31e-01  psnr=13.9  cos=0.5081
[epoch 7 step 3850]  loss=7.53e-01  l1=0.00e+00  l2=7.53e-01  psnr=14.9  cos=0.6060
[epoch 7 step 3900]  loss=6.64e-01  l1=0.00e+00  l2=6.64e-01  psnr=15.4  cos=0.4998
[epoch 7 step 3950]  loss=8.83e-01  l1=0.00e+00  l2=8.83e-01  psnr=14.2  cos=0.5360
[epoch 7 step 4000]  loss=6.25e-01  l1=0.00e+00  l2=6.25e-01  psnr=15.7  cos=0.5607
[epoch 7 step 4050]  loss=6.44e-01  l1=0.00e+00  l2=6.44e-01  psnr=15.6  cos=0.5209
[epoch 7 step 4100]  loss=7.22e-01  l1=0.00e+00  l2=7.22e-01  psnr=15.1  cos=0.5255
[epoch 7 step 4150]  loss=6.49e-01  l1=0.00e+00  l2=6.49e-01  psnr=15.5  cos=0.5388
[epoch 7 step 4200]  loss=6.54e-01  l1=0.00e+00  l2=6.54e-01  psnr=15.5  cos=0.5346
[epoch 7 step 4250]  loss=5.98e-01  l1=0.00e+00  l2=5.98e-01  psnr=15.9  cos=0.5926
[epoch 7 step 4300]  loss=8.32e-01  l1=0.00e+00  l2=8.32e-01  psnr=14.4  cos=0.5578
[epoch 7 step 4350]  loss=6.44e-01  l1=0.00e+00  l2=6.44e-01  psnr=15.6  cos=0.5706
[epoch 7 step 4400]  loss=7.59e-01  l1=0.00e+00  l2=7.59e-01  psnr=14.8  cos=0.4715
[epoch 7 step 4450]  loss=5.91e-01  l1=0.00e+00  l2=5.91e-01  psnr=15.9  cos=0.6124
[epoch 7 step 4500]  loss=9.40e-01  l1=0.00e+00  l2=9.40e-01  psnr=13.9  cos=0.4912
[epoch 7 step 4550]  loss=7.64e-01  l1=0.00e+00  l2=7.64e-01  psnr=14.8  cos=0.5559
[epoch 7 step 4600]  loss=6.57e-01  l1=0.00e+00  l2=6.57e-01  psnr=15.5  cos=0.4914
[epoch 7 step 4650]  loss=6.26e-01  l1=0.00e+00  l2=6.26e-01  psnr=15.7  cos=0.5665
[epoch 7 step 4700]  loss=6.66e-01  l1=0.00e+00  l2=6.66e-01  psnr=15.4  cos=0.4662
[epoch 7 step 4750]  loss=1.01e+00  l1=0.00e+00  l2=1.01e+00  psnr=13.6  cos=0.5002
W0514 04:04:39.135000 2209317 site-packages/torch/distributed/elastic/agent/server/api.py:719] Received 15 death signal, shutting down workers
W0514 04:04:39.137000 2209317 site-packages/torch/distributed/elastic/multiprocessing/api.py:900] Sending process 2209402 closing signal SIGTERM
Traceback (most recent call last):
  File "/opt/conda/bin/torchrun", line 8, in <module>
    sys.exit(main())
             ^^^^^^
  File "/opt/conda/lib/python3.11/site-packages/torch/distributed/elastic/multiprocessing/errors/__init__.py", line 355, in wrapper
    return f(*args, **kwargs)
           ^^^^^^^^^^^^^^^^^^
  File "/opt/conda/lib/python3.11/site-packages/torch/distributed/run.py", line 892, in main
    run(args)
  File "/opt/conda/lib/python3.11/site-packages/torch/distributed/run.py", line 883, in run
    elastic_launch(
  File "/opt/conda/lib/python3.11/site-packages/torch/distributed/launcher/api.py", line 139, in __call__
    return launch_agent(self._config, self._entrypoint, list(args))
           ^^^^^^^^^^^^^^^^^^^^^^^^^^^^^^^^^^^^^^^^^^^^^^^^^^^^^^^^
  File "/opt/conda/lib/python3.11/site-packages/torch/distributed/launcher/api.py", line 261, in launch_agent
    result = agent.run()
             ^^^^^^^^^^^
  File "/opt/conda/lib/python3.11/site-packages/torch/distributed/elastic/metrics/api.py", line 138, in wrapper
    result = f(*args, **kwargs)
             ^^^^^^^^^^^^^^^^^^
  File "/opt/conda/lib/python3.11/site-packages/torch/distributed/elastic/agent/server/api.py", line 711, in run
    result = self._invoke_run(role)
             ^^^^^^^^^^^^^^^^^^^^^^
  File "/opt/conda/lib/python3.11/site-packages/torch/distributed/elastic/agent/server/api.py", line 870, in _invoke_run
    time.sleep(monitor_interval)
  File "/opt/conda/lib/python3.11/site-packages/torch/distributed/elastic/multiprocessing/api.py", line 84, in _terminate_process_handler
    raise SignalException(f"Process {os.getpid()} got signal: {sigval}", sigval=sigval)
torch.distributed.elastic.multiprocessing.api.SignalException: Process 2209317 got signal: 15
