[resume] starting fresh (no snapshot to resume from)
wandb: [wandb.login()] Loaded credentials for https://api.wandb.ai from /root/.netrc.
wandb: Currently logged in as: jasonna24 (jasonna24-) to https://api.wandb.ai. Use `wandb login --relogin` to force relogin
wandb: setting up run yfj17wvz
wandb: Tracking run with wandb version 0.26.1
wandb: Run data is saved locally in /workspace/wandb/run-20260514_022320-yfj17wvz
wandb: Run `wandb offline` to turn off syncing.
wandb: Syncing run trial3
wandb: ⭐️ View project at https://wandb.ai/jasonna24-/triplane-ae
wandb: 🚀 View run at https://wandb.ai/jasonna24-/triplane-ae/runs/yfj17wvz
[train] latent data_range (p99-p1) = 5.0900
/opt/conda/lib/python3.11/site-packages/torch/nn/modules/transformer.py:382: UserWarning: enable_nested_tensor is True, but self.use_nested_tensor is False because encoder_layer.norm_first was True
  warnings.warn(
[train] exp=trial3  model=TriplaneAE  device=cuda
[train] batches=5000  batch_size=1  epochs=50
[eval] Loading MAISI decoder for image-domain validation...
[load_state] missing=0 unexpected=0
[eval] torch.compile disabled (eval.compile_maisi=false).
[eval] MAISI decoder ready.
[train] AMP mode: bfloat16 autocast (no GradScaler needed)
[epoch 1 step 000]  loss=7.90e-01  l1=7.90e-01  psnr=14.0  cos=-0.0272
[epoch 1 step 050]  loss=7.06e-01  l1=7.06e-01  psnr=14.7  cos=0.2423
[epoch 1 step 100]  loss=6.52e-01  l1=6.52e-01  psnr=15.1  cos=0.4632
[epoch 1 step 150]  loss=6.13e-01  l1=6.13e-01  psnr=15.6  cos=0.4482
[epoch 1 step 200]  loss=7.13e-01  l1=7.13e-01  psnr=14.5  cos=0.4186
[epoch 1 step 250]  loss=6.39e-01  l1=6.39e-01  psnr=15.4  cos=0.3652
[epoch 1 step 300]  loss=7.84e-01  l1=7.84e-01  psnr=13.8  cos=0.3457
[epoch 1 step 350]  loss=6.81e-01  l1=6.81e-01  psnr=15.0  cos=0.3608
[epoch 1 step 400]  loss=6.30e-01  l1=6.30e-01  psnr=15.5  cos=0.3772
[epoch 1 step 450]  loss=7.79e-01  l1=7.79e-01  psnr=13.7  cos=0.3798
[epoch 1 step 500]  loss=6.21e-01  l1=6.21e-01  psnr=15.5  cos=0.4452
[epoch 1 step 550]  loss=6.84e-01  l1=6.84e-01  psnr=14.8  cos=0.3905
[epoch 1 step 600]  loss=6.14e-01  l1=6.14e-01  psnr=15.6  cos=0.4407
[epoch 1 step 650]  loss=6.86e-01  l1=6.86e-01  psnr=14.9  cos=0.4077
[epoch 1 step 700]  loss=6.01e-01  l1=6.01e-01  psnr=15.7  cos=0.4516
[epoch 1 step 750]  loss=5.98e-01  l1=5.98e-01  psnr=15.8  cos=0.4433
[epoch 1 step 800]  loss=6.81e-01  l1=6.81e-01  psnr=14.7  cos=0.4759
[epoch 1 step 850]  loss=6.05e-01  l1=6.05e-01  psnr=15.6  cos=0.4443
[epoch 1 step 900]  loss=7.40e-01  l1=7.40e-01  psnr=13.8  cos=0.4531
[epoch 1 step 950]  loss=5.44e-01  l1=5.44e-01  psnr=16.4  cos=0.5040
[epoch 1 step 1000]  loss=5.82e-01  l1=5.82e-01  psnr=15.8  cos=0.5299
[epoch 1 step 1050]  loss=6.25e-01  l1=6.25e-01  psnr=15.6  cos=0.4300
[epoch 1 step 1100]  loss=5.53e-01  l1=5.53e-01  psnr=16.0  cos=0.5202
[epoch 1 step 1150]  loss=5.78e-01  l1=5.78e-01  psnr=15.7  cos=0.5694
[epoch 1 step 1200]  loss=5.91e-01  l1=5.91e-01  psnr=15.8  cos=0.4728
[epoch 1 step 1250]  loss=8.24e-01  l1=8.24e-01  psnr=13.4  cos=0.3927
[epoch 1 step 1300]  loss=5.88e-01  l1=5.88e-01  psnr=15.9  cos=0.4572
[epoch 1 step 1350]  loss=6.09e-01  l1=6.09e-01  psnr=15.3  cos=0.5609
[epoch 1 step 1400]  loss=5.49e-01  l1=5.49e-01  psnr=16.0  cos=0.5691
[epoch 1 step 1450]  loss=7.39e-01  l1=7.39e-01  psnr=14.2  cos=0.4077
[epoch 1 step 1500]  loss=7.10e-01  l1=7.10e-01  psnr=14.1  cos=0.4744
[epoch 1 step 1550]  loss=7.54e-01  l1=7.54e-01  psnr=13.9  cos=0.4074
[epoch 1 step 1600]  loss=6.71e-01  l1=6.71e-01  psnr=14.7  cos=0.4953
[epoch 1 step 1650]  loss=6.17e-01  l1=6.17e-01  psnr=15.6  cos=0.4406
[epoch 1 step 1700]  loss=7.24e-01  l1=7.24e-01  psnr=14.3  cos=0.4531
[epoch 1 step 1750]  loss=5.81e-01  l1=5.81e-01  psnr=16.0  cos=0.4733
[epoch 1 step 1800]  loss=6.31e-01  l1=6.31e-01  psnr=15.1  cos=0.5343
[epoch 1 step 1850]  loss=6.47e-01  l1=6.47e-01  psnr=14.9  cos=0.5163
[epoch 1 step 1900]  loss=7.03e-01  l1=7.03e-01  psnr=14.7  cos=0.4770
[epoch 1 step 1950]  loss=5.12e-01  l1=5.12e-01  psnr=16.8  cos=0.5199
[epoch 1 step 2000]  loss=7.55e-01  l1=7.55e-01  psnr=13.8  cos=0.4481
[epoch 1 step 2050]  loss=6.15e-01  l1=6.15e-01  psnr=15.5  cos=0.5102
[epoch 1 step 2100]  loss=6.03e-01  l1=6.03e-01  psnr=15.7  cos=0.4561
[epoch 1 step 2150]  loss=5.91e-01  l1=5.91e-01  psnr=15.6  cos=0.5736
[epoch 1 step 2200]  loss=6.55e-01  l1=6.55e-01  psnr=14.9  cos=0.5138
[epoch 1 step 2250]  loss=5.86e-01  l1=5.86e-01  psnr=16.0  cos=0.4661
[epoch 1 step 2300]  loss=6.98e-01  l1=6.98e-01  psnr=14.6  cos=0.4651
[epoch 1 step 2350]  loss=5.58e-01  l1=5.58e-01  psnr=16.2  cos=0.5167
[epoch 1 step 2400]  loss=5.98e-01  l1=5.98e-01  psnr=15.7  cos=0.4869
[epoch 1 step 2450]  loss=7.86e-01  l1=7.86e-01  psnr=13.7  cos=0.4304
[epoch 1 step 2500]  loss=5.81e-01  l1=5.81e-01  psnr=15.9  cos=0.5172
[epoch 1 step 2550]  loss=6.06e-01  l1=6.06e-01  psnr=15.6  cos=0.4812
[epoch 1 step 2600]  loss=6.59e-01  l1=6.59e-01  psnr=14.9  cos=0.5343
[epoch 1 step 2650]  loss=5.64e-01  l1=5.64e-01  psnr=15.9  cos=0.5079
[epoch 1 step 2700]  loss=6.25e-01  l1=6.25e-01  psnr=15.5  cos=0.4329
[epoch 1 step 2750]  loss=6.12e-01  l1=6.12e-01  psnr=15.7  cos=0.4358
[epoch 1 step 2800]  loss=5.17e-01  l1=5.17e-01  psnr=16.4  cos=0.6296
[epoch 1 step 2850]  loss=6.06e-01  l1=6.06e-01  psnr=15.7  cos=0.4570
[epoch 1 step 2900]  loss=6.19e-01  l1=6.19e-01  psnr=15.1  cos=0.5593
[epoch 1 step 2950]  loss=5.96e-01  l1=5.96e-01  psnr=15.6  cos=0.5084
[epoch 1 step 3000]  loss=7.53e-01  l1=7.53e-01  psnr=13.8  cos=0.4786
[epoch 1 step 3050]  loss=6.83e-01  l1=6.83e-01  psnr=14.5  cos=0.5216
[epoch 1 step 3100]  loss=5.84e-01  l1=5.84e-01  psnr=15.9  cos=0.4943
[epoch 1 step 3150]  loss=5.53e-01  l1=5.53e-01  psnr=16.2  cos=0.5751
[epoch 1 step 3200]  loss=5.71e-01  l1=5.71e-01  psnr=16.1  cos=0.4954
[epoch 1 step 3250]  loss=5.90e-01  l1=5.90e-01  psnr=15.8  cos=0.5027
[epoch 1 step 3300]  loss=5.82e-01  l1=5.82e-01  psnr=15.8  cos=0.4994
[epoch 1 step 3350]  loss=4.83e-01  l1=4.83e-01  psnr=16.8  cos=0.6308
[epoch 1 step 3400]  loss=6.10e-01  l1=6.10e-01  psnr=15.6  cos=0.5291
[epoch 1 step 3450]  loss=5.61e-01  l1=5.61e-01  psnr=16.2  cos=0.6016
[epoch 1 step 3500]  loss=7.52e-01  l1=7.52e-01  psnr=13.9  cos=0.4594
[epoch 1 step 3550]  loss=6.67e-01  l1=6.67e-01  psnr=14.7  cos=0.5136
[epoch 1 step 3600]  loss=7.02e-01  l1=7.02e-01  psnr=14.3  cos=0.4804
[epoch 1 step 3650]  loss=6.87e-01  l1=6.87e-01  psnr=14.8  cos=0.4840
[epoch 1 step 3700]  loss=5.46e-01  l1=5.46e-01  psnr=16.1  cos=0.6081
[epoch 1 step 3750]  loss=5.22e-01  l1=5.22e-01  psnr=16.4  cos=0.6325
[epoch 1 step 3800]  loss=6.12e-01  l1=6.12e-01  psnr=15.3  cos=0.5393
[epoch 1 step 3850]  loss=5.05e-01  l1=5.05e-01  psnr=16.6  cos=0.6174
[epoch 1 step 3900]  loss=5.74e-01  l1=5.74e-01  psnr=16.1  cos=0.4678
[epoch 1 step 3950]  loss=5.80e-01  l1=5.80e-01  psnr=16.0  cos=0.4970
[epoch 1 step 4000]  loss=6.96e-01  l1=6.96e-01  psnr=14.5  cos=0.4689
[epoch 1 step 4050]  loss=5.25e-01  l1=5.25e-01  psnr=16.6  cos=0.6149
[epoch 1 step 4100]  loss=5.59e-01  l1=5.59e-01  psnr=16.0  cos=0.5757
[epoch 1 step 4150]  loss=6.29e-01  l1=6.29e-01  psnr=15.3  cos=0.5416
[epoch 1 step 4200]  loss=5.42e-01  l1=5.42e-01  psnr=16.3  cos=0.5679
[epoch 1 step 4250]  loss=5.97e-01  l1=5.97e-01  psnr=15.6  cos=0.5028
[epoch 1 step 4300]  loss=5.64e-01  l1=5.64e-01  psnr=16.1  cos=0.5321
[epoch 1 step 4350]  loss=6.59e-01  l1=6.59e-01  psnr=14.9  cos=0.5155
[epoch 1 step 4400]  loss=6.15e-01  l1=6.15e-01  psnr=15.6  cos=0.4572
[epoch 1 step 4450]  loss=6.05e-01  l1=6.05e-01  psnr=15.6  cos=0.4933
[epoch 1 step 4500]  loss=5.80e-01  l1=5.80e-01  psnr=15.9  cos=0.5017
[epoch 1 step 4550]  loss=6.24e-01  l1=6.24e-01  psnr=15.1  cos=0.5746
[epoch 1 step 4600]  loss=6.00e-01  l1=6.00e-01  psnr=15.8  cos=0.4618
[epoch 1 step 4650]  loss=5.69e-01  l1=5.69e-01  psnr=16.1  cos=0.4922
[epoch 1 step 4700]  loss=5.95e-01  l1=5.95e-01  psnr=15.7  cos=0.5129
[epoch 1 step 4750]  loss=5.67e-01  l1=5.67e-01  psnr=16.0  cos=0.5082
[epoch 1 step 4800]  loss=6.54e-01  l1=6.54e-01  psnr=14.8  cos=0.5336
[epoch 1 step 4850]  loss=5.99e-01  l1=5.99e-01  psnr=15.7  cos=0.5185
[epoch 1 step 4900]  loss=5.60e-01  l1=5.60e-01  psnr=16.2  cos=0.5024
[epoch 1 step 4950]  loss=7.37e-01  l1=7.37e-01  psnr=14.2  cos=0.4783
[epoch 1 DONE]  final_loss=5.67e-01  psnr=14.18  cos=0.4783
[checkpoint] /workspace/runs/trial3/checkpoints/epoch_0001.pt
[val epoch 1]  latent_l1=0.5988  latent_l2=0.8431  latent_psnr=26.2060
[epoch 2 step 000]  loss=5.75e-01  l1=5.75e-01  psnr=16.0  cos=0.5082
[epoch 2 step 050]  loss=6.27e-01  l1=6.27e-01  psnr=15.1  cos=0.5592
[epoch 2 step 100]  loss=7.19e-01  l1=7.19e-01  psnr=14.2  cos=0.4841
[epoch 2 step 150]  loss=6.82e-01  l1=6.82e-01  psnr=14.7  cos=0.5234
[epoch 2 step 200]  loss=4.75e-01  l1=4.75e-01  psnr=16.9  cos=0.6642
[epoch 2 step 250]  loss=6.06e-01  l1=6.06e-01  psnr=15.6  cos=0.5121
[epoch 2 step 300]  loss=6.19e-01  l1=6.19e-01  psnr=15.1  cos=0.5737
[epoch 2 step 350]  loss=5.80e-01  l1=5.80e-01  psnr=15.9  cos=0.4981
[epoch 2 step 400]  loss=6.71e-01  l1=6.71e-01  psnr=14.7  cos=0.5172
[epoch 2 step 450]  loss=6.78e-01  l1=6.78e-01  psnr=14.6  cos=0.5122
[epoch 2 step 500]  loss=6.65e-01  l1=6.65e-01  psnr=14.9  cos=0.5218
[epoch 2 step 550]  loss=7.20e-01  l1=7.20e-01  psnr=14.1  cos=0.5161
[epoch 2 step 600]  loss=6.33e-01  l1=6.33e-01  psnr=15.5  cos=0.4466
[epoch 2 step 650]  loss=5.59e-01  l1=5.59e-01  psnr=16.2  cos=0.5150
[epoch 2 step 700]  loss=5.03e-01  l1=5.03e-01  psnr=16.6  cos=0.6363
[epoch 2 step 750]  loss=5.47e-01  l1=5.47e-01  psnr=16.2  cos=0.5392
[epoch 2 step 800]  loss=5.88e-01  l1=5.88e-01  psnr=15.8  cos=0.5646
[epoch 2 step 850]  loss=5.61e-01  l1=5.61e-01  psnr=16.1  cos=0.5241
[epoch 2 step 900]  loss=6.03e-01  l1=6.03e-01  psnr=15.7  cos=0.4951
[epoch 2 step 950]  loss=6.20e-01  l1=6.20e-01  psnr=15.3  cos=0.5592
[epoch 2 step 1000]  loss=7.08e-01  l1=7.08e-01  psnr=14.5  cos=0.4915
[epoch 2 step 1050]  loss=5.77e-01  l1=5.77e-01  psnr=16.0  cos=0.5086
[epoch 2 step 1100]  loss=6.70e-01  l1=6.70e-01  psnr=14.4  cos=0.5289
[epoch 2 step 1150]  loss=6.61e-01  l1=6.61e-01  psnr=14.9  cos=0.5132
[epoch 2 step 1200]  loss=6.14e-01  l1=6.14e-01  psnr=15.6  cos=0.4879
[epoch 2 step 1250]  loss=6.42e-01  l1=6.42e-01  psnr=15.4  cos=0.4299
[epoch 2 step 1300]  loss=7.24e-01  l1=7.24e-01  psnr=14.3  cos=0.4821
[epoch 2 step 1350]  loss=6.42e-01  l1=6.42e-01  psnr=14.9  cos=0.5467
[epoch 2 step 1400]  loss=6.12e-01  l1=6.12e-01  psnr=15.6  cos=0.5096
[epoch 2 step 1450]  loss=6.27e-01  l1=6.27e-01  psnr=15.4  cos=0.5321
[epoch 2 step 1500]  loss=5.53e-01  l1=5.53e-01  psnr=16.4  cos=0.5211
[epoch 2 step 1550]  loss=5.70e-01  l1=5.70e-01  psnr=16.1  cos=0.4906
[epoch 2 step 1600]  loss=6.30e-01  l1=6.30e-01  psnr=15.5  cos=0.4408
[epoch 2 step 1650]  loss=5.86e-01  l1=5.86e-01  psnr=15.7  cos=0.5039
[epoch 2 step 1700]  loss=5.72e-01  l1=5.72e-01  psnr=15.9  cos=0.5619
[epoch 2 step 1750]  loss=5.33e-01  l1=5.33e-01  psnr=16.4  cos=0.5357
[epoch 2 step 1800]  loss=6.34e-01  l1=6.34e-01  psnr=15.0  cos=0.5615
[epoch 2 step 1850]  loss=5.62e-01  l1=5.62e-01  psnr=16.2  cos=0.4976
[epoch 2 step 1900]  loss=5.46e-01  l1=5.46e-01  psnr=16.2  cos=0.5473
[epoch 2 step 1950]  loss=6.53e-01  l1=6.53e-01  psnr=14.8  cos=0.5505
[epoch 2 step 2000]  loss=6.08e-01  l1=6.08e-01  psnr=15.7  cos=0.5588
[epoch 2 step 2050]  loss=5.55e-01  l1=5.55e-01  psnr=16.2  cos=0.5519
[epoch 2 step 2100]  loss=5.14e-01  l1=5.14e-01  psnr=16.5  cos=0.6010
[epoch 2 step 2150]  loss=5.46e-01  l1=5.46e-01  psnr=16.3  cos=0.5768
[epoch 2 step 2200]  loss=5.82e-01  l1=5.82e-01  psnr=15.9  cos=0.5620
[epoch 2 step 2250]  loss=7.14e-01  l1=7.14e-01  psnr=14.3  cos=0.4659
[epoch 2 step 2300]  loss=6.12e-01  l1=6.12e-01  psnr=15.1  cos=0.5979
[epoch 2 step 2350]  loss=6.75e-01  l1=6.75e-01  psnr=14.7  cos=0.5232
[epoch 2 step 2400]  loss=6.92e-01  l1=6.92e-01  psnr=14.5  cos=0.5263
[epoch 2 step 2450]  loss=5.61e-01  l1=5.61e-01  psnr=16.1  cos=0.5290
[epoch 2 step 2500]  loss=5.41e-01  l1=5.41e-01  psnr=16.3  cos=0.6176
[epoch 2 step 2550]  loss=6.36e-01  l1=6.36e-01  psnr=15.0  cos=0.5528
[epoch 2 step 2600]  loss=5.52e-01  l1=5.52e-01  psnr=16.3  cos=0.5323
[epoch 2 step 2650]  loss=5.60e-01  l1=5.60e-01  psnr=16.2  cos=0.5131
[epoch 2 step 2700]  loss=6.89e-01  l1=6.89e-01  psnr=14.6  cos=0.5126
[epoch 2 step 2750]  loss=5.86e-01  l1=5.86e-01  psnr=15.8  cos=0.5393
[epoch 2 step 2800]  loss=5.93e-01  l1=5.93e-01  psnr=15.8  cos=0.4741
[epoch 2 step 2850]  loss=5.37e-01  l1=5.37e-01  psnr=16.2  cos=0.5802
[epoch 2 step 2900]  loss=5.84e-01  l1=5.84e-01  psnr=15.9  cos=0.5022
[epoch 2 step 2950]  loss=5.36e-01  l1=5.36e-01  psnr=16.4  cos=0.6174
[epoch 2 step 3000]  loss=5.42e-01  l1=5.42e-01  psnr=16.3  cos=0.5375
[epoch 2 step 3050]  loss=5.75e-01  l1=5.75e-01  psnr=16.1  cos=0.5008
[epoch 2 step 3100]  loss=5.52e-01  l1=5.52e-01  psnr=16.2  cos=0.5404
[epoch 2 step 3150]  loss=5.56e-01  l1=5.56e-01  psnr=16.2  cos=0.5205
[epoch 2 step 3200]  loss=6.90e-01  l1=6.90e-01  psnr=14.6  cos=0.5059
[epoch 2 step 3250]  loss=6.00e-01  l1=6.00e-01  psnr=15.7  cos=0.4939
[epoch 2 step 3300]  loss=6.34e-01  l1=6.34e-01  psnr=15.1  cos=0.5298
[epoch 2 step 3350]  loss=5.32e-01  l1=5.32e-01  psnr=16.5  cos=0.5540
[epoch 2 step 3400]  loss=5.49e-01  l1=5.49e-01  psnr=16.1  cos=0.5977
[epoch 2 step 3450]  loss=5.76e-01  l1=5.76e-01  psnr=16.0  cos=0.5173
[epoch 2 step 3500]  loss=5.39e-01  l1=5.39e-01  psnr=16.2  cos=0.6163
[epoch 2 step 3550]  loss=6.42e-01  l1=6.42e-01  psnr=15.0  cos=0.5465
[epoch 2 step 3600]  loss=6.17e-01  l1=6.17e-01  psnr=15.6  cos=0.4340
[epoch 2 step 3650]  loss=5.77e-01  l1=5.77e-01  psnr=16.0  cos=0.4793
[epoch 2 step 3700]  loss=5.42e-01  l1=5.42e-01  psnr=16.3  cos=0.5803
[epoch 2 step 3750]  loss=5.39e-01  l1=5.39e-01  psnr=16.4  cos=0.5596
[epoch 2 step 3800]  loss=6.40e-01  l1=6.40e-01  psnr=15.2  cos=0.5227
[epoch 2 step 3850]  loss=7.07e-01  l1=7.07e-01  psnr=14.5  cos=0.4692
[epoch 2 step 3900]  loss=5.82e-01  l1=5.82e-01  psnr=15.8  cos=0.5061
[epoch 2 step 3950]  loss=6.65e-01  l1=6.65e-01  psnr=14.8  cos=0.5340
[epoch 2 step 4000]  loss=5.62e-01  l1=5.62e-01  psnr=15.9  cos=0.6057
[epoch 2 step 4050]  loss=6.54e-01  l1=6.54e-01  psnr=14.8  cos=0.5309
[epoch 2 step 4100]  loss=7.23e-01  l1=7.23e-01  psnr=14.0  cos=0.4910
[epoch 2 step 4150]  loss=5.50e-01  l1=5.50e-01  psnr=16.0  cos=0.6248
[epoch 2 step 4200]  loss=5.22e-01  l1=5.22e-01  psnr=16.4  cos=0.6153
[epoch 2 step 4250]  loss=6.26e-01  l1=6.26e-01  psnr=15.3  cos=0.5395
[epoch 2 step 4300]  loss=7.29e-01  l1=7.29e-01  psnr=13.9  cos=0.4758
[epoch 2 step 4350]  loss=5.75e-01  l1=5.75e-01  psnr=16.0  cos=0.5304
[epoch 2 step 4400]  loss=5.95e-01  l1=5.95e-01  psnr=15.9  cos=0.4568
[epoch 2 step 4450]  loss=5.67e-01  l1=5.67e-01  psnr=16.0  cos=0.5761
[epoch 2 step 4500]  loss=5.53e-01  l1=5.53e-01  psnr=16.2  cos=0.5474
[epoch 2 step 4550]  loss=5.90e-01  l1=5.90e-01  psnr=15.9  cos=0.4906
[epoch 2 step 4600]  loss=4.96e-01  l1=4.96e-01  psnr=16.8  cos=0.6509
[epoch 2 step 4650]  loss=5.82e-01  l1=5.82e-01  psnr=15.9  cos=0.5083
[epoch 2 step 4700]  loss=6.89e-01  l1=6.89e-01  psnr=14.8  cos=0.5132
[epoch 2 step 4750]  loss=5.69e-01  l1=5.69e-01  psnr=16.1  cos=0.5906
[epoch 2 step 4800]  loss=5.70e-01  l1=5.70e-01  psnr=15.8  cos=0.5759
[epoch 2 step 4850]  loss=5.04e-01  l1=5.04e-01  psnr=16.6  cos=0.6022
[epoch 2 step 4900]  loss=6.70e-01  l1=6.70e-01  psnr=14.7  cos=0.5409
[epoch 2 step 4950]  loss=5.40e-01  l1=5.40e-01  psnr=16.2  cos=0.6241
[epoch 2 DONE]  final_loss=6.44e-01  psnr=16.15  cos=0.6241
[checkpoint] /workspace/runs/trial3/checkpoints/epoch_0002.pt
[val epoch 2]  latent_l1=0.5910  latent_l2=0.8352  latent_psnr=26.2892
[epoch 3 step 000]  loss=6.34e-01  l1=6.34e-01  psnr=15.0  cos=0.5578
[epoch 3 step 050]  loss=5.84e-01  l1=5.84e-01  psnr=15.8  cos=0.5766
[epoch 3 step 100]  loss=5.98e-01  l1=5.98e-01  psnr=15.8  cos=0.4918
[epoch 3 step 150]  loss=7.34e-01  l1=7.34e-01  psnr=14.2  cos=0.4905
[epoch 3 step 200]  loss=6.12e-01  l1=6.12e-01  psnr=15.6  cos=0.4822
[epoch 3 step 250]  loss=7.14e-01  l1=7.14e-01  psnr=14.1  cos=0.5086
[epoch 3 step 300]  loss=5.91e-01  l1=5.91e-01  psnr=15.8  cos=0.5128
[epoch 3 step 350]  loss=5.60e-01  l1=5.60e-01  psnr=16.2  cos=0.4982
[epoch 3 step 400]  loss=5.92e-01  l1=5.92e-01  psnr=15.8  cos=0.5044
[epoch 3 step 450]  loss=7.08e-01  l1=7.08e-01  psnr=14.4  cos=0.4918
[epoch 3 step 500]  loss=6.61e-01  l1=6.61e-01  psnr=14.6  cos=0.5348
[epoch 3 step 550]  loss=7.26e-01  l1=7.26e-01  psnr=14.1  cos=0.4485
[epoch 3 step 600]  loss=7.45e-01  l1=7.45e-01  psnr=14.0  cos=0.4906
[epoch 3 step 650]  loss=5.11e-01  l1=5.11e-01  psnr=16.7  cos=0.6187
[epoch 3 step 700]  loss=5.73e-01  l1=5.73e-01  psnr=16.1  cos=0.5193
[epoch 3 step 750]  loss=5.95e-01  l1=5.95e-01  psnr=15.9  cos=0.4757
[epoch 3 step 800]  loss=5.65e-01  l1=5.65e-01  psnr=16.2  cos=0.5207
[epoch 3 step 850]  loss=6.33e-01  l1=6.33e-01  psnr=15.1  cos=0.5566
[epoch 3 step 900]  loss=4.91e-01  l1=4.91e-01  psnr=16.8  cos=0.6641
[epoch 3 step 950]  loss=5.26e-01  l1=5.26e-01  psnr=16.4  cos=0.6153
[epoch 3 step 1000]  loss=5.65e-01  l1=5.65e-01  psnr=16.1  cos=0.5242
[epoch 3 step 1050]  loss=6.23e-01  l1=6.23e-01  psnr=15.2  cos=0.5497
[epoch 3 step 1100]  loss=6.01e-01  l1=6.01e-01  psnr=15.6  cos=0.5650
[epoch 3 step 1150]  loss=5.50e-01  l1=5.50e-01  psnr=16.3  cos=0.5350
[epoch 3 step 1200]  loss=6.01e-01  l1=6.01e-01  psnr=15.4  cos=0.5861
[epoch 3 step 1250]  loss=6.10e-01  l1=6.10e-01  psnr=15.3  cos=0.5728
[epoch 3 step 1300]  loss=6.39e-01  l1=6.39e-01  psnr=14.7  cos=0.5517
[epoch 3 step 1350]  loss=6.09e-01  l1=6.09e-01  psnr=15.5  cos=0.5219
[epoch 3 step 1400]  loss=5.79e-01  l1=5.79e-01  psnr=16.0  cos=0.5137
[epoch 3 step 1450]  loss=5.33e-01  l1=5.33e-01  psnr=16.5  cos=0.5597
[epoch 3 step 1500]  loss=6.16e-01  l1=6.16e-01  psnr=15.3  cos=0.5672
[epoch 3 step 1550]  loss=5.78e-01  l1=5.78e-01  psnr=16.0  cos=0.4919
[epoch 3 step 1600]  loss=6.24e-01  l1=6.24e-01  psnr=15.6  cos=0.4637
[epoch 3 step 1650]  loss=5.39e-01  l1=5.39e-01  psnr=16.3  cos=0.5919
[epoch 3 step 1700]  loss=5.77e-01  l1=5.77e-01  psnr=15.9  cos=0.5212
[epoch 3 step 1750]  loss=6.30e-01  l1=6.30e-01  psnr=15.4  cos=0.4692
[epoch 3 step 1800]  loss=5.58e-01  l1=5.58e-01  psnr=16.3  cos=0.5410
[epoch 3 step 1850]  loss=5.85e-01  l1=5.85e-01  psnr=15.6  cos=0.5949
[epoch 3 step 1900]  loss=6.79e-01  l1=6.79e-01  psnr=14.6  cos=0.5264
[epoch 3 step 1950]  loss=5.67e-01  l1=5.67e-01  psnr=16.1  cos=0.5244
[epoch 3 step 2000]  loss=6.12e-01  l1=6.12e-01  psnr=15.6  cos=0.4838
[epoch 3 step 2050]  loss=5.54e-01  l1=5.54e-01  psnr=16.2  cos=0.5250
[epoch 3 step 2100]  loss=5.55e-01  l1=5.55e-01  psnr=16.3  cos=0.5327
[epoch 3 step 2150]  loss=5.03e-01  l1=5.03e-01  psnr=16.6  cos=0.6531
[epoch 3 step 2200]  loss=6.78e-01  l1=6.78e-01  psnr=14.7  cos=0.4841
[epoch 3 step 2250]  loss=5.61e-01  l1=5.61e-01  psnr=15.8  cos=0.6106
[epoch 3 step 2300]  loss=6.22e-01  l1=6.22e-01  psnr=15.3  cos=0.5542
[epoch 3 step 2350]  loss=5.55e-01  l1=5.55e-01  psnr=16.3  cos=0.5266
[epoch 3 step 2400]  loss=6.55e-01  l1=6.55e-01  psnr=14.7  cos=0.5430
[epoch 3 step 2450]  loss=4.84e-01  l1=4.84e-01  psnr=16.8  cos=0.6469
[epoch 3 step 2500]  loss=6.35e-01  l1=6.35e-01  psnr=15.1  cos=0.5553
[epoch 3 step 2550]  loss=5.10e-01  l1=5.10e-01  psnr=16.6  cos=0.6200
[epoch 3 step 2600]  loss=5.58e-01  l1=5.58e-01  psnr=16.3  cos=0.5023
[epoch 3 step 2650]  loss=5.68e-01  l1=5.68e-01  psnr=16.1  cos=0.5256
[epoch 3 step 2700]  loss=6.02e-01  l1=6.02e-01  psnr=15.5  cos=0.5681
[epoch 3 step 2750]  loss=5.64e-01  l1=5.64e-01  psnr=16.0  cos=0.5266
[epoch 3 step 2800]  loss=5.49e-01  l1=5.49e-01  psnr=16.2  cos=0.5423
[epoch 3 step 2850]  loss=5.58e-01  l1=5.58e-01  psnr=16.1  cos=0.5365
[epoch 3 step 2900]  loss=5.52e-01  l1=5.52e-01  psnr=16.0  cos=0.6073
[epoch 3 step 2950]  loss=6.19e-01  l1=6.19e-01  psnr=15.3  cos=0.5665
[epoch 3 step 3000]  loss=5.57e-01  l1=5.57e-01  psnr=16.0  cos=0.5756
[epoch 3 step 3050]  loss=5.95e-01  l1=5.95e-01  psnr=15.7  cos=0.5612
[epoch 3 step 3100]  loss=7.09e-01  l1=7.09e-01  psnr=14.2  cos=0.5182
[epoch 3 step 3150]  loss=5.24e-01  l1=5.24e-01  psnr=16.6  cos=0.5742
[epoch 3 step 3200]  loss=6.29e-01  l1=6.29e-01  psnr=14.9  cos=0.5654
[epoch 3 step 3250]  loss=6.02e-01  l1=6.02e-01  psnr=15.7  cos=0.5273
[epoch 3 step 3300]  loss=5.77e-01  l1=5.77e-01  psnr=15.9  cos=0.5535
[epoch 3 step 3350]  loss=6.20e-01  l1=6.20e-01  psnr=15.4  cos=0.4929
[epoch 3 step 3400]  loss=5.84e-01  l1=5.84e-01  psnr=15.9  cos=0.5178
[epoch 3 step 3450]  loss=5.30e-01  l1=5.30e-01  psnr=16.3  cos=0.6275
[epoch 3 step 3500]  loss=7.61e-01  l1=7.61e-01  psnr=14.0  cos=0.4562
[epoch 3 step 3550]  loss=5.86e-01  l1=5.86e-01  psnr=15.7  cos=0.5647
[epoch 3 step 3600]  loss=5.86e-01  l1=5.86e-01  psnr=15.5  cos=0.5965
[epoch 3 step 3650]  loss=5.65e-01  l1=5.65e-01  psnr=16.0  cos=0.5302
[epoch 3 step 3700]  loss=6.09e-01  l1=6.09e-01  psnr=15.3  cos=0.5906
[epoch 3 step 3750]  loss=5.57e-01  l1=5.57e-01  psnr=16.1  cos=0.5726
[epoch 3 step 3800]  loss=6.48e-01  l1=6.48e-01  psnr=15.2  cos=0.5008
[epoch 3 step 3850]  loss=5.72e-01  l1=5.72e-01  psnr=16.2  cos=0.5200
[epoch 3 step 3900]  loss=6.53e-01  l1=6.53e-01  psnr=14.6  cos=0.5343
[epoch 3 step 3950]  loss=5.90e-01  l1=5.90e-01  psnr=15.8  cos=0.5238
[epoch 3 step 4000]  loss=5.06e-01  l1=5.06e-01  psnr=16.6  cos=0.6281
[epoch 3 step 4050]  loss=5.75e-01  l1=5.75e-01  psnr=16.0  cos=0.5299
[epoch 3 step 4100]  loss=5.67e-01  l1=5.67e-01  psnr=15.7  cos=0.6110
[epoch 3 step 4150]  loss=6.74e-01  l1=6.74e-01  psnr=14.5  cos=0.5377
[epoch 3 step 4200]  loss=5.21e-01  l1=5.21e-01  psnr=16.6  cos=0.6234
[epoch 3 step 4250]  loss=6.87e-01  l1=6.87e-01  psnr=14.5  cos=0.5354
[epoch 3 step 4300]  loss=5.62e-01  l1=5.62e-01  psnr=16.2  cos=0.5282
[epoch 3 step 4350]  loss=6.83e-01  l1=6.83e-01  psnr=14.6  cos=0.5154
[epoch 3 step 4400]  loss=6.03e-01  l1=6.03e-01  psnr=15.4  cos=0.5785
[epoch 3 step 4450]  loss=5.78e-01  l1=5.78e-01  psnr=15.6  cos=0.5976
[epoch 3 step 4500]  loss=5.56e-01  l1=5.56e-01  psnr=16.1  cos=0.5360
[epoch 3 step 4550]  loss=6.83e-01  l1=6.83e-01  psnr=14.5  cos=0.5122
[epoch 3 step 4600]  loss=6.08e-01  l1=6.08e-01  psnr=15.5  cos=0.5448
[epoch 3 step 4650]  loss=6.65e-01  l1=6.65e-01  psnr=14.8  cos=0.5393
[epoch 3 step 4700]  loss=6.24e-01  l1=6.24e-01  psnr=15.5  cos=0.4963
[epoch 3 step 4750]  loss=6.64e-01  l1=6.64e-01  psnr=14.9  cos=0.5073
[epoch 3 step 4800]  loss=5.02e-01  l1=5.02e-01  psnr=16.6  cos=0.6000
[epoch 3 step 4850]  loss=5.51e-01  l1=5.51e-01  psnr=16.0  cos=0.6065
[epoch 3 step 4900]  loss=5.51e-01  l1=5.51e-01  psnr=16.1  cos=0.5267
[epoch 3 step 4950]  loss=5.73e-01  l1=5.73e-01  psnr=15.7  cos=0.5954
[epoch 3 DONE]  final_loss=5.58e-01  psnr=15.71  cos=0.5954
[checkpoint] /workspace/runs/trial3/checkpoints/epoch_0003.pt
[val epoch 3]  latent_l1=0.5874  latent_l2=0.8313  latent_psnr=26.3297
[epoch 4 step 000]  loss=4.75e-01  l1=4.75e-01  psnr=16.9  cos=0.6550
[epoch 4 step 050]  loss=6.49e-01  l1=6.49e-01  psnr=14.9  cos=0.5339
[epoch 4 step 100]  loss=5.31e-01  l1=5.31e-01  psnr=16.5  cos=0.5731
[epoch 4 step 150]  loss=5.97e-01  l1=5.97e-01  psnr=15.6  cos=0.5549
[epoch 4 step 200]  loss=6.07e-01  l1=6.07e-01  psnr=15.5  cos=0.4976
[epoch 4 step 250]  loss=5.60e-01  l1=5.60e-01  psnr=16.1  cos=0.5197
[epoch 4 step 300]  loss=5.61e-01  l1=5.61e-01  psnr=16.1  cos=0.5115
[epoch 4 step 350]  loss=5.50e-01  l1=5.50e-01  psnr=16.3  cos=0.5320
[epoch 4 step 400]  loss=5.38e-01  l1=5.38e-01  psnr=16.5  cos=0.5763
[epoch 4 step 450]  loss=6.78e-01  l1=6.78e-01  psnr=14.7  cos=0.5245
[epoch 4 step 500]  loss=5.89e-01  l1=5.89e-01  psnr=15.9  cos=0.5001
[epoch 4 step 550]  loss=5.63e-01  l1=5.63e-01  psnr=15.9  cos=0.5425
[epoch 4 step 600]  loss=5.27e-01  l1=5.27e-01  psnr=16.5  cos=0.5451
[epoch 4 step 650]  loss=6.92e-01  l1=6.92e-01  psnr=14.6  cos=0.4776
[epoch 4 step 700]  loss=5.15e-01  l1=5.15e-01  psnr=16.5  cos=0.6230
[epoch 4 step 750]  loss=6.39e-01  l1=6.39e-01  psnr=15.1  cos=0.5294
[epoch 4 step 800]  loss=7.50e-01  l1=7.50e-01  psnr=14.0  cos=0.4480
[epoch 4 step 850]  loss=5.72e-01  l1=5.72e-01  psnr=15.9  cos=0.5644
[epoch 4 step 900]  loss=5.87e-01  l1=5.87e-01  psnr=15.7  cos=0.4870
[epoch 4 step 950]  loss=7.07e-01  l1=7.07e-01  psnr=14.4  cos=0.4954
[epoch 4 step 1000]  loss=6.03e-01  l1=6.03e-01  psnr=15.9  cos=0.4606
[epoch 4 step 1050]  loss=5.67e-01  l1=5.67e-01  psnr=16.0  cos=0.5335
[epoch 4 step 1100]  loss=5.68e-01  l1=5.68e-01  psnr=16.1  cos=0.5384
[epoch 4 step 1150]  loss=5.80e-01  l1=5.80e-01  psnr=15.7  cos=0.5479
[epoch 4 step 1200]  loss=5.17e-01  l1=5.17e-01  psnr=16.5  cos=0.6170
[epoch 4 step 1250]  loss=4.99e-01  l1=4.99e-01  psnr=16.7  cos=0.6037
[epoch 4 step 1300]  loss=5.84e-01  l1=5.84e-01  psnr=15.8  cos=0.5045
[epoch 4 step 1350]  loss=6.06e-01  l1=6.06e-01  psnr=15.8  cos=0.4551
[epoch 4 step 1400]  loss=5.66e-01  l1=5.66e-01  psnr=16.0  cos=0.5420
[epoch 4 step 1450]  loss=5.50e-01  l1=5.50e-01  psnr=16.2  cos=0.5548
[epoch 4 step 1500]  loss=5.88e-01  l1=5.88e-01  psnr=15.5  cos=0.5955
[epoch 4 step 1550]  loss=5.60e-01  l1=5.60e-01  psnr=16.1  cos=0.5320
[epoch 4 step 1600]  loss=5.62e-01  l1=5.62e-01  psnr=15.9  cos=0.5356
[epoch 4 step 1650]  loss=5.99e-01  l1=5.99e-01  psnr=15.7  cos=0.5638
[epoch 4 step 1700]  loss=7.01e-01  l1=7.01e-01  psnr=14.3  cos=0.4860
[epoch 4 step 1750]  loss=6.89e-01  l1=6.89e-01  psnr=14.5  cos=0.5302
[epoch 4 step 1800]  loss=5.68e-01  l1=5.68e-01  psnr=16.0  cos=0.5312
[epoch 4 step 1850]  loss=5.56e-01  l1=5.56e-01  psnr=16.1  cos=0.5446
[epoch 4 step 1900]  loss=5.75e-01  l1=5.75e-01  psnr=15.7  cos=0.5948
[epoch 4 step 1950]  loss=5.68e-01  l1=5.68e-01  psnr=16.2  cos=0.5077
[epoch 4 step 2000]  loss=5.65e-01  l1=5.65e-01  psnr=16.1  cos=0.5134
[epoch 4 step 2050]  loss=5.79e-01  l1=5.79e-01  psnr=15.9  cos=0.5261
[epoch 4 step 2100]  loss=5.41e-01  l1=5.41e-01  psnr=16.3  cos=0.5581
[epoch 4 step 2150]  loss=5.60e-01  l1=5.60e-01  psnr=16.1  cos=0.5624
[epoch 4 step 2200]  loss=7.27e-01  l1=7.27e-01  psnr=14.1  cos=0.5082
[epoch 4 step 2250]  loss=6.13e-01  l1=6.13e-01  psnr=15.3  cos=0.5715
[epoch 4 step 2300]  loss=5.64e-01  l1=5.64e-01  psnr=16.1  cos=0.5092
[epoch 4 step 2350]  loss=5.88e-01  l1=5.88e-01  psnr=15.9  cos=0.5298
[epoch 4 step 2400]  loss=5.65e-01  l1=5.65e-01  psnr=16.2  cos=0.4993
[epoch 4 step 2450]  loss=6.17e-01  l1=6.17e-01  psnr=15.3  cos=0.5689
[epoch 4 step 2500]  loss=6.98e-01  l1=6.98e-01  psnr=14.5  cos=0.4794
[epoch 4 step 2550]  loss=6.64e-01  l1=6.64e-01  psnr=14.6  cos=0.5452
[epoch 4 step 2600]  loss=6.06e-01  l1=6.06e-01  psnr=15.5  cos=0.5480
[epoch 4 step 2650]  loss=5.92e-01  l1=5.92e-01  psnr=15.8  cos=0.5187
[epoch 4 step 2700]  loss=6.42e-01  l1=6.42e-01  psnr=15.0  cos=0.5535
[epoch 4 step 2750]  loss=5.41e-01  l1=5.41e-01  psnr=16.2  cos=0.5692
[epoch 4 step 2800]  loss=5.61e-01  l1=5.61e-01  psnr=16.0  cos=0.5341
[epoch 4 step 2850]  loss=4.24e-01  l1=4.24e-01  psnr=17.7  cos=0.7039
[epoch 4 step 2900]  loss=5.70e-01  l1=5.70e-01  psnr=16.1  cos=0.5133
[epoch 4 step 2950]  loss=5.05e-01  l1=5.05e-01  psnr=16.4  cos=0.6653
[epoch 4 step 3000]  loss=6.18e-01  l1=6.18e-01  psnr=15.5  cos=0.5456
[epoch 4 step 3050]  loss=5.56e-01  l1=5.56e-01  psnr=16.3  cos=0.5365
[epoch 4 step 3100]  loss=5.71e-01  l1=5.71e-01  psnr=16.0  cos=0.5115
[epoch 4 step 3150]  loss=5.69e-01  l1=5.69e-01  psnr=15.8  cos=0.5540
[epoch 4 step 3200]  loss=5.34e-01  l1=5.34e-01  psnr=16.1  cos=0.6159
[epoch 4 step 3250]  loss=5.77e-01  l1=5.77e-01  psnr=15.9  cos=0.5304
[epoch 4 step 3300]  loss=5.80e-01  l1=5.80e-01  psnr=15.9  cos=0.5154
[epoch 4 step 3350]  loss=5.21e-01  l1=5.21e-01  psnr=16.2  cos=0.6431
[epoch 4 step 3400]  loss=5.29e-01  l1=5.29e-01  psnr=16.5  cos=0.5815
[epoch 4 step 3450]  loss=6.29e-01  l1=6.29e-01  psnr=14.9  cos=0.5465
[epoch 4 step 3500]  loss=5.48e-01  l1=5.48e-01  psnr=16.3  cos=0.5438
[epoch 4 step 3550]  loss=5.96e-01  l1=5.96e-01  psnr=15.6  cos=0.5389
[epoch 4 step 3600]  loss=4.94e-01  l1=4.94e-01  psnr=16.6  cos=0.6569
[epoch 4 step 3650]  loss=6.63e-01  l1=6.63e-01  psnr=14.6  cos=0.5377
[epoch 4 step 3700]  loss=5.85e-01  l1=5.85e-01  psnr=15.8  cos=0.5010
[epoch 4 step 3750]  loss=5.00e-01  l1=5.00e-01  psnr=16.7  cos=0.6100
[epoch 4 step 3800]  loss=6.53e-01  l1=6.53e-01  psnr=14.8  cos=0.5471
[epoch 4 step 3850]  loss=5.84e-01  l1=5.84e-01  psnr=15.9  cos=0.5662
[epoch 4 step 3900]  loss=5.30e-01  l1=5.30e-01  psnr=16.0  cos=0.5642
[epoch 4 step 3950]  loss=5.52e-01  l1=5.52e-01  psnr=16.3  cos=0.5600
[epoch 4 step 4000]  loss=5.63e-01  l1=5.63e-01  psnr=15.9  cos=0.6098
[epoch 4 step 4050]  loss=6.41e-01  l1=6.41e-01  psnr=15.2  cos=0.5121
[epoch 4 step 4100]  loss=5.78e-01  l1=5.78e-01  psnr=16.0  cos=0.5109
[epoch 4 step 4150]  loss=6.20e-01  l1=6.20e-01  psnr=15.1  cos=0.5709
[epoch 4 step 4200]  loss=4.98e-01  l1=4.98e-01  psnr=16.5  cos=0.6620
[epoch 4 step 4250]  loss=6.71e-01  l1=6.71e-01  psnr=14.5  cos=0.5283
[epoch 4 step 4300]  loss=6.01e-01  l1=6.01e-01  psnr=15.3  cos=0.5768
[epoch 4 step 4350]  loss=5.64e-01  l1=5.64e-01  psnr=16.1  cos=0.5234
[epoch 4 step 4400]  loss=5.63e-01  l1=5.63e-01  psnr=16.2  cos=0.5069
[epoch 4 step 4450]  loss=5.54e-01  l1=5.54e-01  psnr=16.1  cos=0.5301
[epoch 4 step 4500]  loss=5.29e-01  l1=5.29e-01  psnr=16.3  cos=0.6381
[epoch 4 step 4550]  loss=6.01e-01  l1=6.01e-01  psnr=15.7  cos=0.5642
[epoch 4 step 4600]  loss=5.72e-01  l1=5.72e-01  psnr=16.1  cos=0.5154
[epoch 4 step 4650]  loss=6.16e-01  l1=6.16e-01  psnr=15.5  cos=0.5153
[epoch 4 step 4700]  loss=6.18e-01  l1=6.18e-01  psnr=15.1  cos=0.5675
[epoch 4 step 4750]  loss=5.91e-01  l1=5.91e-01  psnr=15.9  cos=0.4915
[epoch 4 step 4800]  loss=5.64e-01  l1=5.64e-01  psnr=16.1  cos=0.5420
[epoch 4 step 4850]  loss=5.72e-01  l1=5.72e-01  psnr=16.1  cos=0.5158
[epoch 4 step 4900]  loss=5.59e-01  l1=5.59e-01  psnr=16.2  cos=0.5483
[epoch 4 step 4950]  loss=6.88e-01  l1=6.88e-01  psnr=14.6  cos=0.5268
[epoch 4 DONE]  final_loss=5.82e-01  psnr=14.59  cos=0.5268
[checkpoint] /workspace/runs/trial3/checkpoints/epoch_0004.pt
[val epoch 4]  latent_l1=0.5851  latent_l2=0.8298  latent_psnr=26.3459
[epoch 5 step 000]  loss=6.27e-01  l1=6.27e-01  psnr=15.4  cos=0.5440
[epoch 5 step 050]  loss=6.47e-01  l1=6.47e-01  psnr=15.0  cos=0.5352
[epoch 5 step 100]  loss=5.56e-01  l1=5.56e-01  psnr=15.9  cos=0.6090
[epoch 5 step 150]  loss=5.92e-01  l1=5.92e-01  psnr=15.8  cos=0.4913
[epoch 5 step 200]  loss=5.37e-01  l1=5.37e-01  psnr=16.4  cos=0.5555
[epoch 5 step 250]  loss=4.88e-01  l1=4.88e-01  psnr=16.7  cos=0.6388
[epoch 5 step 300]  loss=5.51e-01  l1=5.51e-01  psnr=16.3  cos=0.5254
[epoch 5 step 350]  loss=5.54e-01  l1=5.54e-01  psnr=16.2  cos=0.5564
[epoch 5 step 400]  loss=5.67e-01  l1=5.67e-01  psnr=16.1  cos=0.5189
[epoch 5 step 450]  loss=5.97e-01  l1=5.97e-01  psnr=15.6  cos=0.5820
[epoch 5 step 500]  loss=5.45e-01  l1=5.45e-01  psnr=16.3  cos=0.5496
[epoch 5 step 550]  loss=6.29e-01  l1=6.29e-01  psnr=15.1  cos=0.5573
[epoch 5 step 600]  loss=6.24e-01  l1=6.24e-01  psnr=15.2  cos=0.5699
[epoch 5 step 650]  loss=6.50e-01  l1=6.50e-01  psnr=14.5  cos=0.5552
[epoch 5 step 700]  loss=6.53e-01  l1=6.53e-01  psnr=14.8  cos=0.5448
[epoch 5 step 750]  loss=6.23e-01  l1=6.23e-01  psnr=15.1  cos=0.5668
[epoch 5 step 800]  loss=6.38e-01  l1=6.38e-01  psnr=15.0  cos=0.5531
[epoch 5 step 850]  loss=5.53e-01  l1=5.53e-01  psnr=16.3  cos=0.5467
[epoch 5 step 900]  loss=5.97e-01  l1=5.97e-01  psnr=15.2  cos=0.6007
[epoch 5 step 950]  loss=6.46e-01  l1=6.46e-01  psnr=15.0  cos=0.5530
[epoch 5 step 1000]  loss=7.02e-01  l1=7.02e-01  psnr=14.5  cos=0.5094
[epoch 5 step 1050]  loss=6.26e-01  l1=6.26e-01  psnr=15.1  cos=0.5524
[epoch 5 step 1100]  loss=5.57e-01  l1=5.57e-01  psnr=16.1  cos=0.5601
[epoch 5 step 1150]  loss=5.84e-01  l1=5.84e-01  psnr=15.9  cos=0.4955
[epoch 5 step 1200]  loss=5.69e-01  l1=5.69e-01  psnr=15.9  cos=0.5598
[epoch 5 step 1250]  loss=6.09e-01  l1=6.09e-01  psnr=15.4  cos=0.5696
[epoch 5 step 1300]  loss=5.67e-01  l1=5.67e-01  psnr=16.1  cos=0.5339
[epoch 5 step 1350]  loss=5.49e-01  l1=5.49e-01  psnr=16.3  cos=0.5155
[epoch 5 step 1400]  loss=5.49e-01  l1=5.49e-01  psnr=16.3  cos=0.5530
[epoch 5 step 1450]  loss=5.74e-01  l1=5.74e-01  psnr=16.0  cos=0.5455
[epoch 5 step 1500]  loss=7.05e-01  l1=7.05e-01  psnr=14.3  cos=0.4919
[epoch 5 step 1550]  loss=5.69e-01  l1=5.69e-01  psnr=16.0  cos=0.5349
[epoch 5 step 1600]  loss=5.47e-01  l1=5.47e-01  psnr=16.2  cos=0.5723
[epoch 5 step 1650]  loss=5.39e-01  l1=5.39e-01  psnr=16.2  cos=0.6392
[epoch 5 step 1700]  loss=7.41e-01  l1=7.41e-01  psnr=14.1  cos=0.4623
[epoch 5 step 1750]  loss=5.51e-01  l1=5.51e-01  psnr=16.2  cos=0.5351
[epoch 5 step 1800]  loss=5.74e-01  l1=5.74e-01  psnr=16.0  cos=0.5055
[epoch 5 step 1850]  loss=5.54e-01  l1=5.54e-01  psnr=16.1  cos=0.5530
[epoch 5 step 1900]  loss=5.49e-01  l1=5.49e-01  psnr=16.4  cos=0.5262
[epoch 5 step 1950]  loss=5.65e-01  l1=5.65e-01  psnr=16.1  cos=0.5344
[epoch 5 step 2000]  loss=5.64e-01  l1=5.64e-01  psnr=16.1  cos=0.5291
[epoch 5 step 2050]  loss=5.95e-01  l1=5.95e-01  psnr=15.9  cos=0.4582
[epoch 5 step 2100]  loss=5.68e-01  l1=5.68e-01  psnr=16.1  cos=0.5227
[epoch 5 step 2150]  loss=5.81e-01  l1=5.81e-01  psnr=15.9  cos=0.5187
[epoch 5 step 2200]  loss=5.69e-01  l1=5.69e-01  psnr=15.9  cos=0.5896
[epoch 5 step 2250]  loss=6.00e-01  l1=6.00e-01  psnr=15.9  cos=0.4634
[epoch 5 step 2300]  loss=5.36e-01  l1=5.36e-01  psnr=16.3  cos=0.5787
[epoch 5 step 2350]  loss=5.91e-01  l1=5.91e-01  psnr=15.8  cos=0.4978
[epoch 5 step 2400]  loss=7.27e-01  l1=7.27e-01  psnr=14.2  cos=0.4837
[epoch 5 step 2450]  loss=6.24e-01  l1=6.24e-01  psnr=15.0  cos=0.5752
[epoch 5 step 2500]  loss=5.60e-01  l1=5.60e-01  psnr=16.2  cos=0.5796
[epoch 5 step 2550]  loss=6.89e-01  l1=6.89e-01  psnr=14.5  cos=0.5126
[epoch 5 step 2600]  loss=6.68e-01  l1=6.68e-01  psnr=14.6  cos=0.5271
[epoch 5 step 2650]  loss=6.38e-01  l1=6.38e-01  psnr=14.9  cos=0.5533
[epoch 5 step 2700]  loss=7.01e-01  l1=7.01e-01  psnr=14.3  cos=0.5164
[epoch 5 step 2750]  loss=5.13e-01  l1=5.13e-01  psnr=16.5  cos=0.6364
[epoch 5 step 2800]  loss=5.56e-01  l1=5.56e-01  psnr=16.0  cos=0.6061
[epoch 5 step 2850]  loss=5.19e-01  l1=5.19e-01  psnr=16.3  cos=0.5911
[epoch 5 step 2900]  loss=5.27e-01  l1=5.27e-01  psnr=16.6  cos=0.5709
[epoch 5 step 2950]  loss=6.97e-01  l1=6.97e-01  psnr=14.2  cos=0.5110
[epoch 5 step 3000]  loss=5.16e-01  l1=5.16e-01  psnr=16.6  cos=0.6166
[epoch 5 step 3050]  loss=5.69e-01  l1=5.69e-01  psnr=16.0  cos=0.5375
[epoch 5 step 3100]  loss=5.71e-01  l1=5.71e-01  psnr=16.1  cos=0.5075
[epoch 5 step 3150]  loss=5.29e-01  l1=5.29e-01  psnr=16.4  cos=0.6262
[epoch 5 step 3200]  loss=5.29e-01  l1=5.29e-01  psnr=16.4  cos=0.6252
[epoch 5 step 3250]  loss=4.91e-01  l1=4.91e-01  psnr=16.9  cos=0.6578
[epoch 5 step 3300]  loss=5.13e-01  l1=5.13e-01  psnr=16.6  cos=0.6375
[epoch 5 step 3350]  loss=7.15e-01  l1=7.15e-01  psnr=14.2  cos=0.4931
[epoch 5 step 3400]  loss=5.77e-01  l1=5.77e-01  psnr=16.0  cos=0.5166
[epoch 5 step 3450]  loss=5.81e-01  l1=5.81e-01  psnr=15.9  cos=0.5207
[epoch 5 step 3500]  loss=5.37e-01  l1=5.37e-01  psnr=16.4  cos=0.5660
[epoch 5 step 3550]  loss=6.21e-01  l1=6.21e-01  psnr=15.1  cos=0.5650
[epoch 5 step 3600]  loss=5.57e-01  l1=5.57e-01  psnr=16.2  cos=0.5380
[epoch 5 step 3650]  loss=5.93e-01  l1=5.93e-01  psnr=15.9  cos=0.4852
[epoch 5 step 3700]  loss=6.22e-01  l1=6.22e-01  psnr=15.2  cos=0.5715
[epoch 5 step 3750]  loss=5.58e-01  l1=5.58e-01  psnr=16.2  cos=0.5950
[epoch 5 step 3800]  loss=5.43e-01  l1=5.43e-01  psnr=16.4  cos=0.6129
[epoch 5 step 3850]  loss=5.68e-01  l1=5.68e-01  psnr=16.1  cos=0.5026
[epoch 5 step 3900]  loss=7.23e-01  l1=7.23e-01  psnr=14.1  cos=0.4889
[epoch 5 step 3950]  loss=6.07e-01  l1=6.07e-01  psnr=15.5  cos=0.5760
[epoch 5 step 4000]  loss=5.78e-01  l1=5.78e-01  psnr=16.0  cos=0.5198
[epoch 5 step 4050]  loss=6.06e-01  l1=6.06e-01  psnr=15.2  cos=0.5515
[epoch 5 step 4100]  loss=7.35e-01  l1=7.35e-01  psnr=13.9  cos=0.4967
[epoch 5 step 4150]  loss=6.86e-01  l1=6.86e-01  psnr=14.3  cos=0.5279
[epoch 5 step 4200]  loss=6.16e-01  l1=6.16e-01  psnr=15.3  cos=0.5599
[epoch 5 step 4250]  loss=6.57e-01  l1=6.57e-01  psnr=14.8  cos=0.5287
[epoch 5 step 4300]  loss=5.74e-01  l1=5.74e-01  psnr=16.1  cos=0.5028
[epoch 5 step 4350]  loss=5.25e-01  l1=5.25e-01  psnr=16.3  cos=0.6246
[epoch 5 step 4400]  loss=5.29e-01  l1=5.29e-01  psnr=16.5  cos=0.6232
[epoch 5 step 4450]  loss=6.41e-01  l1=6.41e-01  psnr=14.9  cos=0.5578
[epoch 5 step 4500]  loss=5.14e-01  l1=5.14e-01  psnr=16.5  cos=0.5968
[epoch 5 step 4550]  loss=5.57e-01  l1=5.57e-01  psnr=16.0  cos=0.5500
[epoch 5 step 4600]  loss=5.70e-01  l1=5.70e-01  psnr=16.1  cos=0.5151
[epoch 5 step 4650]  loss=5.49e-01  l1=5.49e-01  psnr=16.0  cos=0.6124
[epoch 5 step 4700]  loss=5.54e-01  l1=5.54e-01  psnr=15.8  cos=0.6245
[epoch 5 step 4750]  loss=7.19e-01  l1=7.19e-01  psnr=14.1  cos=0.5058
[epoch 5 step 4800]  loss=5.31e-01  l1=5.31e-01  psnr=16.5  cos=0.5906
[epoch 5 step 4850]  loss=5.78e-01  l1=5.78e-01  psnr=16.0  cos=0.5170
[epoch 5 step 4900]  loss=5.19e-01  l1=5.19e-01  psnr=16.6  cos=0.5658
[epoch 5 step 4950]  loss=5.58e-01  l1=5.58e-01  psnr=16.2  cos=0.5371
[epoch 5 DONE]  final_loss=5.80e-01  psnr=16.23  cos=0.5371
[checkpoint] /workspace/runs/trial3/checkpoints/epoch_0005.pt
[val epoch 5]  latent_l1=0.5782  latent_l2=0.8250  latent_psnr=26.4568  gap_to_upper_psnr=14.0676  gap_to_upper_ssim_3d=0.2146  image_psnr_3d=16.8721  image_ssim_3d=0.5049
[epoch 6 step 000]  loss=5.43e-01  l1=5.43e-01  psnr=16.2  cos=0.5443
[epoch 6 step 050]  loss=6.91e-01  l1=6.91e-01  psnr=14.4  cos=0.5214
[epoch 6 step 100]  loss=5.58e-01  l1=5.58e-01  psnr=16.2  cos=0.5177
[epoch 6 step 150]  loss=5.02e-01  l1=5.02e-01  psnr=16.7  cos=0.6038
[epoch 6 step 200]  loss=5.12e-01  l1=5.12e-01  psnr=16.6  cos=0.5935
[epoch 6 step 250]  loss=6.95e-01  l1=6.95e-01  psnr=14.5  cos=0.4867
[epoch 6 step 300]  loss=5.73e-01  l1=5.73e-01  psnr=16.1  cos=0.5077
[epoch 6 step 350]  loss=5.47e-01  l1=5.47e-01  psnr=16.2  cos=0.5617
[epoch 6 step 400]  loss=5.98e-01  l1=5.98e-01  psnr=15.7  cos=0.4965
[epoch 6 step 450]  loss=6.57e-01  l1=6.57e-01  psnr=14.7  cos=0.5366
[epoch 6 step 500]  loss=5.63e-01  l1=5.63e-01  psnr=15.9  cos=0.5588
[epoch 6 step 550]  loss=6.98e-01  l1=6.98e-01  psnr=14.6  cos=0.5127
[epoch 6 step 600]  loss=5.71e-01  l1=5.71e-01  psnr=16.1  cos=0.4958
[epoch 6 step 650]  loss=5.52e-01  l1=5.52e-01  psnr=15.8  cos=0.6197
[epoch 6 step 700]  loss=5.60e-01  l1=5.60e-01  psnr=16.1  cos=0.6006
[epoch 6 step 750]  loss=5.85e-01  l1=5.85e-01  psnr=15.9  cos=0.5032
[epoch 6 step 800]  loss=5.53e-01  l1=5.53e-01  psnr=16.1  cos=0.5458
[epoch 6 step 850]  loss=5.71e-01  l1=5.71e-01  psnr=16.0  cos=0.5337
[epoch 6 step 900]  loss=5.83e-01  l1=5.83e-01  psnr=15.8  cos=0.5205
[epoch 6 step 950]  loss=3.96e-01  l1=3.96e-01  psnr=18.5  cos=0.7396
[epoch 6 step 1000]  loss=5.57e-01  l1=5.57e-01  psnr=15.9  cos=0.6169
[epoch 6 step 1050]  loss=5.17e-01  l1=5.17e-01  psnr=16.4  cos=0.5999
[epoch 6 step 1100]  loss=5.48e-01  l1=5.48e-01  psnr=16.2  cos=0.5354
[epoch 6 step 1150]  loss=5.72e-01  l1=5.72e-01  psnr=16.0  cos=0.5463
[epoch 6 step 1200]  loss=5.77e-01  l1=5.77e-01  psnr=15.6  cos=0.6036
[epoch 6 step 1250]  loss=6.95e-01  l1=6.95e-01  psnr=14.5  cos=0.5319
[epoch 6 step 1300]  loss=6.32e-01  l1=6.32e-01  psnr=14.8  cos=0.5555
[epoch 6 step 1350]  loss=5.84e-01  l1=5.84e-01  psnr=16.0  cos=0.5094
[epoch 6 step 1400]  loss=5.00e-01  l1=5.00e-01  psnr=16.5  cos=0.6671
[epoch 6 step 1450]  loss=6.52e-01  l1=6.52e-01  psnr=14.7  cos=0.5446
[epoch 6 step 1500]  loss=5.61e-01  l1=5.61e-01  psnr=16.3  cos=0.5133
[epoch 6 step 1550]  loss=5.33e-01  l1=5.33e-01  psnr=16.3  cos=0.6219
[epoch 6 step 1600]  loss=5.91e-01  l1=5.91e-01  psnr=15.8  cos=0.5064
[epoch 6 step 1650]  loss=5.68e-01  l1=5.68e-01  psnr=16.1  cos=0.5069
[epoch 6 step 1700]  loss=5.25e-01  l1=5.25e-01  psnr=16.4  cos=0.5900
[epoch 6 step 1750]  loss=4.70e-01  l1=4.70e-01  psnr=17.1  cos=0.6291
[epoch 6 step 1800]  loss=5.59e-01  l1=5.59e-01  psnr=15.9  cos=0.6195
[epoch 6 step 1850]  loss=5.46e-01  l1=5.46e-01  psnr=16.3  cos=0.5415
[epoch 6 step 1900]  loss=4.75e-01  l1=4.75e-01  psnr=17.1  cos=0.6679
[epoch 6 step 1950]  loss=5.49e-01  l1=5.49e-01  psnr=16.3  cos=0.5490
[epoch 6 step 2000]  loss=5.69e-01  l1=5.69e-01  psnr=16.0  cos=0.5332
[epoch 6 step 2050]  loss=5.73e-01  l1=5.73e-01  psnr=16.0  cos=0.5089
[epoch 6 step 2100]  loss=4.53e-01  l1=4.53e-01  psnr=17.1  cos=0.6820
[epoch 6 step 2150]  loss=5.99e-01  l1=5.99e-01  psnr=15.5  cos=0.5723
[epoch 6 step 2200]  loss=5.59e-01  l1=5.59e-01  psnr=16.1  cos=0.5342
[epoch 6 step 2250]  loss=5.67e-01  l1=5.67e-01  psnr=16.2  cos=0.4977
[epoch 6 step 2300]  loss=5.30e-01  l1=5.30e-01  psnr=16.4  cos=0.5691
[epoch 6 step 2350]  loss=5.74e-01  l1=5.74e-01  psnr=15.9  cos=0.5332
[epoch 6 step 2400]  loss=5.23e-01  l1=5.23e-01  psnr=16.5  cos=0.6120
[epoch 6 step 2450]  loss=5.73e-01  l1=5.73e-01  psnr=15.7  cos=0.6043
[epoch 6 step 2500]  loss=5.67e-01  l1=5.67e-01  psnr=16.1  cos=0.5092
[epoch 6 step 2550]  loss=5.28e-01  l1=5.28e-01  psnr=16.4  cos=0.6264
[epoch 6 step 2600]  loss=5.99e-01  l1=5.99e-01  psnr=15.9  cos=0.4864
[epoch 6 step 2650]  loss=5.33e-01  l1=5.33e-01  psnr=16.3  cos=0.6226
[epoch 6 step 2700]  loss=5.95e-01  l1=5.95e-01  psnr=15.7  cos=0.5189
[epoch 6 step 2750]  loss=5.61e-01  l1=5.61e-01  psnr=16.2  cos=0.5323
[epoch 6 step 2800]  loss=6.14e-01  l1=6.14e-01  psnr=15.3  cos=0.5684
[epoch 6 step 2850]  loss=5.91e-01  l1=5.91e-01  psnr=15.8  cos=0.5104
[epoch 6 step 2900]  loss=6.27e-01  l1=6.27e-01  psnr=15.3  cos=0.5480
[epoch 6 step 2950]  loss=6.10e-01  l1=6.10e-01  psnr=15.6  cos=0.5627
[epoch 6 step 3000]  loss=5.87e-01  l1=5.87e-01  psnr=15.8  cos=0.5043
[epoch 6 step 3050]  loss=5.43e-01  l1=5.43e-01  psnr=16.3  cos=0.5450
[epoch 6 step 3100]  loss=5.78e-01  l1=5.78e-01  psnr=15.9  cos=0.5177
[epoch 6 step 3150]  loss=5.69e-01  l1=5.69e-01  psnr=15.7  cos=0.6110
[epoch 6 step 3200]  loss=5.39e-01  l1=5.39e-01  psnr=16.4  cos=0.5425
[epoch 6 step 3250]  loss=5.59e-01  l1=5.59e-01  psnr=16.1  cos=0.5428
[epoch 6 step 3300]  loss=5.34e-01  l1=5.34e-01  psnr=16.4  cos=0.6218
[epoch 6 step 3350]  loss=6.21e-01  l1=6.21e-01  psnr=15.0  cos=0.5768
[epoch 6 step 3400]  loss=5.91e-01  l1=5.91e-01  psnr=15.9  cos=0.5015
[epoch 6 step 3450]  loss=5.44e-01  l1=5.44e-01  psnr=16.4  cos=0.5422
[epoch 6 step 3500]  loss=5.55e-01  l1=5.55e-01  psnr=16.3  cos=0.5363
[epoch 6 step 3550]  loss=5.51e-01  l1=5.51e-01  psnr=16.2  cos=0.5536
[epoch 6 step 3600]  loss=5.64e-01  l1=5.64e-01  psnr=16.2  cos=0.5211
[epoch 6 step 3650]  loss=6.99e-01  l1=6.99e-01  psnr=14.6  cos=0.5001
[epoch 6 step 3700]  loss=5.77e-01  l1=5.77e-01  psnr=15.9  cos=0.5340
[epoch 6 step 3750]  loss=5.67e-01  l1=5.67e-01  psnr=16.2  cos=0.5064
[epoch 6 step 3800]  loss=6.68e-01  l1=6.68e-01  psnr=14.7  cos=0.5439
[epoch 6 step 3850]  loss=6.37e-01  l1=6.37e-01  psnr=15.0  cos=0.5465
[epoch 6 step 3900]  loss=5.36e-01  l1=5.36e-01  psnr=16.4  cos=0.6213
[epoch 6 step 3950]  loss=5.69e-01  l1=5.69e-01  psnr=16.1  cos=0.5204
[epoch 6 step 4000]  loss=5.25e-01  l1=5.25e-01  psnr=16.6  cos=0.5794
[epoch 6 step 4050]  loss=5.50e-01  l1=5.50e-01  psnr=16.2  cos=0.5356
[epoch 6 step 4100]  loss=5.19e-01  l1=5.19e-01  psnr=16.5  cos=0.6198
[epoch 6 step 4150]  loss=5.71e-01  l1=5.71e-01  psnr=16.0  cos=0.5259
[epoch 6 step 4200]  loss=6.22e-01  l1=6.22e-01  psnr=15.4  cos=0.4987
[epoch 6 step 4250]  loss=7.00e-01  l1=7.00e-01  psnr=14.5  cos=0.5013
[epoch 6 step 4300]  loss=5.83e-01  l1=5.83e-01  psnr=15.7  cos=0.5939
[epoch 6 step 4350]  loss=5.97e-01  l1=5.97e-01  psnr=15.3  cos=0.5902
[epoch 6 step 4400]  loss=6.10e-01  l1=6.10e-01  psnr=15.4  cos=0.5688
[epoch 6 step 4450]  loss=6.36e-01  l1=6.36e-01  psnr=15.0  cos=0.5572
[epoch 6 step 4500]  loss=5.51e-01  l1=5.51e-01  psnr=16.3  cos=0.5397
[epoch 6 step 4550]  loss=5.50e-01  l1=5.50e-01  psnr=16.3  cos=0.5225
[epoch 6 step 4600]  loss=5.30e-01  l1=5.30e-01  psnr=16.4  cos=0.5740
[epoch 6 step 4650]  loss=6.05e-01  l1=6.05e-01  psnr=15.7  cos=0.4950
[epoch 6 step 4700]  loss=4.47e-01  l1=4.47e-01  psnr=17.4  cos=0.7034
[epoch 6 step 4750]  loss=7.13e-01  l1=7.13e-01  psnr=14.1  cos=0.4905
[epoch 6 step 4800]  loss=5.77e-01  l1=5.77e-01  psnr=16.0  cos=0.5175
[epoch 6 step 4850]  loss=5.52e-01  l1=5.52e-01  psnr=16.3  cos=0.5370
[epoch 6 step 4900]  loss=5.47e-01  l1=5.47e-01  psnr=16.3  cos=0.5474
[epoch 6 step 4950]  loss=6.83e-01  l1=6.83e-01  psnr=14.5  cos=0.5210
[epoch 6 DONE]  final_loss=5.59e-01  psnr=14.53  cos=0.5210
[checkpoint] /workspace/runs/trial3/checkpoints/epoch_0006.pt
[val epoch 6]  latent_l1=0.5820  latent_l2=0.8267  latent_psnr=26.3788
[epoch 7 step 000]  loss=5.79e-01  l1=5.79e-01  psnr=15.8  cos=0.5600
[epoch 7 step 050]  loss=5.84e-01  l1=5.84e-01  psnr=15.7  cos=0.5904
[epoch 7 step 100]  loss=5.76e-01  l1=5.76e-01  psnr=16.0  cos=0.5065
[epoch 7 step 150]  loss=5.86e-01  l1=5.86e-01  psnr=15.4  cos=0.6250
[epoch 7 step 200]  loss=6.12e-01  l1=6.12e-01  psnr=15.6  cos=0.5098
[epoch 7 step 250]  loss=5.90e-01  l1=5.90e-01  psnr=15.8  cos=0.5045
[epoch 7 step 300]  loss=6.39e-01  l1=6.39e-01  psnr=14.9  cos=0.5501
[epoch 7 step 350]  loss=5.55e-01  l1=5.55e-01  psnr=16.2  cos=0.5426
[epoch 7 step 400]  loss=5.71e-01  l1=5.71e-01  psnr=16.0  cos=0.5307
[epoch 7 step 450]  loss=5.17e-01  l1=5.17e-01  psnr=16.6  cos=0.5659
[epoch 7 step 500]  loss=5.86e-01  l1=5.86e-01  psnr=15.8  cos=0.5078
[epoch 7 step 550]  loss=5.01e-01  l1=5.01e-01  psnr=16.7  cos=0.6176
[epoch 7 step 600]  loss=5.70e-01  l1=5.70e-01  psnr=16.1  cos=0.5121
[epoch 7 step 650]  loss=5.77e-01  l1=5.77e-01  psnr=15.9  cos=0.5177
[epoch 7 step 700]  loss=5.71e-01  l1=5.71e-01  psnr=16.0  cos=0.5250
[epoch 7 step 750]  loss=5.69e-01  l1=5.69e-01  psnr=15.7  cos=0.6011
[epoch 7 step 800]  loss=6.47e-01  l1=6.47e-01  psnr=15.0  cos=0.5436
[epoch 7 step 850]  loss=6.21e-01  l1=6.21e-01  psnr=15.4  cos=0.5028
[epoch 7 step 900]  loss=5.98e-01  l1=5.98e-01  psnr=15.2  cos=0.6091
[epoch 7 step 950]  loss=4.49e-01  l1=4.49e-01  psnr=17.4  cos=0.6506
[epoch 7 step 1000]  loss=6.00e-01  l1=6.00e-01  psnr=15.4  cos=0.5792
[epoch 7 step 1050]  loss=5.75e-01  l1=5.75e-01  psnr=16.0  cos=0.5124
[epoch 7 step 1100]  loss=5.71e-01  l1=5.71e-01  psnr=16.0  cos=0.5133
[epoch 7 step 1150]  loss=5.29e-01  l1=5.29e-01  psnr=16.5  cos=0.5672
[epoch 7 step 1200]  loss=5.87e-01  l1=5.87e-01  psnr=15.9  cos=0.4986
[epoch 7 step 1250]  loss=6.14e-01  l1=6.14e-01  psnr=15.3  cos=0.5676
[epoch 7 step 1300]  loss=6.25e-01  l1=6.25e-01  psnr=15.6  cos=0.4581
[epoch 7 step 1350]  loss=7.13e-01  l1=7.13e-01  psnr=14.4  cos=0.4933
[epoch 7 step 1400]  loss=6.41e-01  l1=6.41e-01  psnr=15.0  cos=0.5433
[epoch 7 step 1450]  loss=5.83e-01  l1=5.83e-01  psnr=15.9  cos=0.5777
[epoch 7 step 1500]  loss=5.52e-01  l1=5.52e-01  psnr=16.3  cos=0.5240
[epoch 7 step 1550]  loss=6.20e-01  l1=6.20e-01  psnr=15.4  cos=0.5490
[epoch 7 step 1600]  loss=5.76e-01  l1=5.76e-01  psnr=16.1  cos=0.5010
[epoch 7 step 1650]  loss=5.62e-01  l1=5.62e-01  psnr=16.0  cos=0.5575
[epoch 7 step 1700]  loss=5.65e-01  l1=5.65e-01  psnr=16.0  cos=0.5463
[epoch 7 step 1750]  loss=6.72e-01  l1=6.72e-01  psnr=14.6  cos=0.5315
[epoch 7 step 1800]  loss=6.68e-01  l1=6.68e-01  psnr=14.8  cos=0.5249
[epoch 7 step 1850]  loss=5.90e-01  l1=5.90e-01  psnr=15.9  cos=0.4877
[epoch 7 step 1900]  loss=5.58e-01  l1=5.58e-01  psnr=16.2  cos=0.5487
[epoch 7 step 1950]  loss=6.34e-01  l1=6.34e-01  psnr=15.2  cos=0.5577
[epoch 7 step 2000]  loss=6.78e-01  l1=6.78e-01  psnr=14.5  cos=0.5252
[epoch 7 step 2050]  loss=6.08e-01  l1=6.08e-01  psnr=15.3  cos=0.5791
[epoch 7 step 2100]  loss=5.48e-01  l1=5.48e-01  psnr=16.3  cos=0.5378
[epoch 7 step 2150]  loss=7.03e-01  l1=7.03e-01  psnr=14.2  cos=0.4960
[epoch 7 step 2200]  loss=6.12e-01  l1=6.12e-01  psnr=15.4  cos=0.5235
[epoch 7 step 2250]  loss=5.62e-01  l1=5.62e-01  psnr=15.8  cos=0.6218
[epoch 7 step 2300]  loss=6.92e-01  l1=6.92e-01  psnr=14.5  cos=0.4918
[epoch 7 step 2350]  loss=5.67e-01  l1=5.67e-01  psnr=16.0  cos=0.5584
[epoch 7 step 2400]  loss=5.85e-01  l1=5.85e-01  psnr=15.8  cos=0.5182
[epoch 7 step 2450]  loss=5.41e-01  l1=5.41e-01  psnr=16.2  cos=0.5691
[epoch 7 step 2500]  loss=5.30e-01  l1=5.30e-01  psnr=16.4  cos=0.5807
[epoch 7 step 2550]  loss=6.75e-01  l1=6.75e-01  psnr=14.6  cos=0.5271
[epoch 7 step 2600]  loss=5.63e-01  l1=5.63e-01  psnr=16.1  cos=0.5472
[epoch 7 step 2650]  loss=5.46e-01  l1=5.46e-01  psnr=16.3  cos=0.5311
[epoch 7 step 2700]  loss=5.81e-01  l1=5.81e-01  psnr=16.0  cos=0.5132
[epoch 7 step 2750]  loss=5.38e-01  l1=5.38e-01  psnr=16.4  cos=0.5508
[epoch 7 step 2800]  loss=5.79e-01  l1=5.79e-01  psnr=15.9  cos=0.5277
[epoch 7 step 2850]  loss=6.12e-01  l1=6.12e-01  psnr=15.2  cos=0.5768
[epoch 7 step 2900]  loss=6.79e-01  l1=6.79e-01  psnr=14.5  cos=0.5430
[epoch 7 step 2950]  loss=5.40e-01  l1=5.40e-01  psnr=16.5  cos=0.5422
[epoch 7 step 3000]  loss=5.61e-01  l1=5.61e-01  psnr=16.2  cos=0.5445
[epoch 7 step 3050]  loss=5.81e-01  l1=5.81e-01  psnr=15.8  cos=0.5752
[epoch 7 step 3100]  loss=5.44e-01  l1=5.44e-01  psnr=16.3  cos=0.5569
[epoch 7 step 3150]  loss=6.10e-01  l1=6.10e-01  psnr=15.4  cos=0.5158
[epoch 7 step 3200]  loss=4.80e-01  l1=4.80e-01  psnr=16.6  cos=0.6719
[epoch 7 step 3250]  loss=6.84e-01  l1=6.84e-01  psnr=14.5  cos=0.5320
[epoch 7 step 3300]  loss=6.70e-01  l1=6.70e-01  psnr=14.8  cos=0.5103
[epoch 7 step 3350]  loss=6.20e-01  l1=6.20e-01  psnr=15.2  cos=0.5744
[epoch 7 step 3400]  loss=5.40e-01  l1=5.40e-01  psnr=16.4  cos=0.5535
[epoch 7 step 3450]  loss=5.79e-01  l1=5.79e-01  psnr=15.4  cos=0.6147
[epoch 7 step 3500]  loss=5.71e-01  l1=5.71e-01  psnr=16.0  cos=0.5804
[epoch 7 step 3550]  loss=5.27e-01  l1=5.27e-01  psnr=16.4  cos=0.6309
[epoch 7 step 3600]  loss=5.21e-01  l1=5.21e-01  psnr=16.6  cos=0.5757
[epoch 7 step 3650]  loss=5.17e-01  l1=5.17e-01  psnr=16.4  cos=0.6233
[epoch 7 step 3700]  loss=6.20e-01  l1=6.20e-01  psnr=15.4  cos=0.4967
[epoch 7 step 3750]  loss=5.44e-01  l1=5.44e-01  psnr=16.1  cos=0.6220
[epoch 7 step 3800]  loss=5.86e-01  l1=5.86e-01  psnr=15.9  cos=0.5204
[epoch 7 step 3850]  loss=3.20e-01  l1=3.20e-01  psnr=19.7  cos=0.8019
[epoch 7 step 3900]  loss=6.83e-01  l1=6.83e-01  psnr=14.5  cos=0.5102
[epoch 7 step 3950]  loss=5.21e-01  l1=5.21e-01  psnr=16.4  cos=0.6300
[epoch 7 step 4000]  loss=5.62e-01  l1=5.62e-01  psnr=16.1  cos=0.5374
[epoch 7 step 4050]  loss=5.82e-01  l1=5.82e-01  psnr=15.9  cos=0.5124
[epoch 7 step 4100]  loss=5.70e-01  l1=5.70e-01  psnr=16.1  cos=0.5130
[epoch 7 step 4150]  loss=5.26e-01  l1=5.26e-01  psnr=16.5  cos=0.5814
[epoch 7 step 4200]  loss=4.92e-01  l1=4.92e-01  psnr=16.6  cos=0.6685
[epoch 7 step 4250]  loss=7.37e-01  l1=7.37e-01  psnr=14.1  cos=0.4452
[epoch 7 step 4300]  loss=5.23e-01  l1=5.23e-01  psnr=16.3  cos=0.5822
[epoch 7 step 4350]  loss=5.73e-01  l1=5.73e-01  psnr=16.0  cos=0.5460
[epoch 7 step 4400]  loss=5.11e-01  l1=5.11e-01  psnr=16.6  cos=0.6222
[epoch 7 step 4450]  loss=5.80e-01  l1=5.80e-01  psnr=16.1  cos=0.4938
[epoch 7 step 4500]  loss=5.98e-01  l1=5.98e-01  psnr=15.9  cos=0.4956
[epoch 7 step 4550]  loss=5.64e-01  l1=5.64e-01  psnr=16.1  cos=0.5801
[epoch 7 step 4600]  loss=5.88e-01  l1=5.88e-01  psnr=15.8  cos=0.5042
[epoch 7 step 4650]  loss=5.60e-01  l1=5.60e-01  psnr=16.2  cos=0.5232
[epoch 7 step 4700]  loss=5.77e-01  l1=5.77e-01  psnr=16.0  cos=0.5102
[epoch 7 step 4750]  loss=5.97e-01  l1=5.97e-01  psnr=15.7  cos=0.5128
[epoch 7 step 4800]  loss=5.62e-01  l1=5.62e-01  psnr=16.1  cos=0.5288
[epoch 7 step 4850]  loss=5.59e-01  l1=5.59e-01  psnr=16.1  cos=0.5328
[epoch 7 step 4900]  loss=5.39e-01  l1=5.39e-01  psnr=16.5  cos=0.5470
[epoch 7 step 4950]  loss=5.84e-01  l1=5.84e-01  psnr=16.0  cos=0.4787
[epoch 7 DONE]  final_loss=5.68e-01  psnr=16.00  cos=0.4787
[checkpoint] /workspace/runs/trial3/checkpoints/epoch_0007.pt
[val epoch 7]  latent_l1=0.5807  latent_l2=0.8258  latent_psnr=26.3885
[epoch 8 step 000]  loss=6.39e-01  l1=6.39e-01  psnr=14.9  cos=0.5620
[epoch 8 step 050]  loss=6.06e-01  l1=6.06e-01  psnr=15.6  cos=0.4901
[epoch 8 step 100]  loss=6.58e-01  l1=6.58e-01  psnr=14.7  cos=0.5446
[epoch 8 step 150]  loss=5.58e-01  l1=5.58e-01  psnr=16.2  cos=0.5336
[epoch 8 step 200]  loss=6.34e-01  l1=6.34e-01  psnr=15.3  cos=0.5236
[epoch 8 step 250]  loss=5.83e-01  l1=5.83e-01  psnr=16.1  cos=0.4791
[epoch 8 step 300]  loss=5.75e-01  l1=5.75e-01  psnr=16.0  cos=0.5174
[epoch 8 step 350]  loss=6.56e-01  l1=6.56e-01  psnr=14.7  cos=0.5385
[epoch 8 step 400]  loss=6.33e-01  l1=6.33e-01  psnr=15.2  cos=0.5528
[epoch 8 step 450]  loss=5.95e-01  l1=5.95e-01  psnr=15.7  cos=0.5167
[epoch 8 step 500]  loss=6.72e-01  l1=6.72e-01  psnr=14.5  cos=0.5308
[epoch 8 step 550]  loss=6.64e-01  l1=6.64e-01  psnr=14.9  cos=0.5441
[epoch 8 step 600]  loss=3.92e-01  l1=3.92e-01  psnr=18.6  cos=0.7428
[epoch 8 step 650]  loss=5.29e-01  l1=5.29e-01  psnr=16.5  cos=0.5780
[epoch 8 step 700]  loss=6.78e-01  l1=6.78e-01  psnr=14.8  cos=0.4990
[epoch 8 step 750]  loss=4.85e-01  l1=4.85e-01  psnr=16.8  cos=0.6565
[epoch 8 step 800]  loss=4.76e-01  l1=4.76e-01  psnr=17.1  cos=0.6785
[epoch 8 step 850]  loss=5.44e-01  l1=5.44e-01  psnr=16.3  cos=0.5585
[epoch 8 step 900]  loss=5.44e-01  l1=5.44e-01  psnr=16.3  cos=0.5472
[epoch 8 step 950]  loss=5.72e-01  l1=5.72e-01  psnr=15.9  cos=0.5937
[epoch 8 step 1000]  loss=6.35e-01  l1=6.35e-01  psnr=14.9  cos=0.5588
[epoch 8 step 1050]  loss=5.65e-01  l1=5.65e-01  psnr=16.1  cos=0.4796
[epoch 8 step 1100]  loss=5.39e-01  l1=5.39e-01  psnr=16.3  cos=0.6242
[epoch 8 step 1150]  loss=5.60e-01  l1=5.60e-01  psnr=16.1  cos=0.5489
W0514 02:59:32.023000 2079669 site-packages/torch/distributed/elastic/agent/server/api.py:719] Received 15 death signal, shutting down workers
W0514 02:59:32.024000 2079669 site-packages/torch/distributed/elastic/multiprocessing/api.py:900] Sending process 2079760 closing signal SIGTERM
Traceback (most recent call last):
  File "/opt/conda/bin/torchrun", line 8, in <module>
    sys.exit(main())
             ^^^^^^
  File "/opt/conda/lib/python3.11/site-packages/torch/distributed/elastic/multiprocessing/errors/__init__.py", line 355, in wrapper
    return f(*args, **kwargs)
           ^^^^^^^^^^^^^^^^^^
  File "/opt/conda/lib/python3.11/site-packages/torch/distributed/run.py", line 892, in main
    run(args)
  File "/opt/conda/lib/python3.11/site-packages/torch/distributed/run.py", line 883, in run
    elastic_launch(
  File "/opt/conda/lib/python3.11/site-packages/torch/distributed/launcher/api.py", line 139, in __call__
    return launch_agent(self._config, self._entrypoint, list(args))
           ^^^^^^^^^^^^^^^^^^^^^^^^^^^^^^^^^^^^^^^^^^^^^^^^^^^^^^^^
  File "/opt/conda/lib/python3.11/site-packages/torch/distributed/launcher/api.py", line 261, in launch_agent
    result = agent.run()
             ^^^^^^^^^^^
  File "/opt/conda/lib/python3.11/site-packages/torch/distributed/elastic/metrics/api.py", line 138, in wrapper
    result = f(*args, **kwargs)
             ^^^^^^^^^^^^^^^^^^
  File "/opt/conda/lib/python3.11/site-packages/torch/distributed/elastic/agent/server/api.py", line 711, in run
    result = self._invoke_run(role)
             ^^^^^^^^^^^^^^^^^^^^^^
  File "/opt/conda/lib/python3.11/site-packages/torch/distributed/elastic/agent/server/api.py", line 870, in _invoke_run
    time.sleep(monitor_interval)
  File "/opt/conda/lib/python3.11/site-packages/torch/distributed/elastic/multiprocessing/api.py", line 84, in _terminate_process_handler
    raise SignalException(f"Process {os.getpid()} got signal: {sigval}", sigval=sigval)
torch.distributed.elastic.multiprocessing.api.SignalException: Process 2079669 got signal: 15
