[resume] starting fresh (no snapshot to resume from)
wandb: [wandb.login()] Loaded credentials for https://api.wandb.ai from /root/.netrc.
wandb: W&B API key is configured. Use `wandb login --relogin` to force relogin
wandb: setting up run 9huu4ggg
wandb: Tracking run with wandb version 0.26.1
wandb: Run data is saved locally in /workspace/wandb/run-20260514_044326-9huu4ggg
wandb: Run `wandb offline` to turn off syncing.
wandb: Syncing run trial5
wandb: ⭐️ View project at https://wandb.ai/jasonna24-/triplane-ae
wandb: 🚀 View run at https://wandb.ai/jasonna24-/triplane-ae/runs/9huu4ggg
[train] latent data_range (p99-p1) = 4.6084
/opt/conda/lib/python3.11/site-packages/torch/nn/modules/transformer.py:382: UserWarning: enable_nested_tensor is True, but self.use_nested_tensor is False because encoder_layer.norm_first was True
  warnings.warn(
[train] exp=trial5  model=TriplaneAE  device=cuda
[train] batches=5000  batch_size=1  epochs=10
[eval] Loading MAISI decoder for image-domain validation...
[load_state] missing=0 unexpected=0
[eval] torch.compile disabled (eval.compile_maisi=false).
[eval] MAISI decoder ready.
[train] AMP mode: bfloat16 autocast (no GradScaler needed)
[epoch 1 step 000]  loss=8.46e-01  l1=8.46e-01  l2=0.00e+00  psnr=12.6  cos=0.0250
[epoch 1 step 050]  loss=7.58e-01  l1=7.58e-01  l2=0.00e+00  psnr=13.2  cos=0.3434
[epoch 1 step 100]  loss=7.23e-01  l1=7.23e-01  l2=0.00e+00  psnr=13.5  cos=0.4015
[epoch 1 step 150]  loss=6.52e-01  l1=6.52e-01  l2=0.00e+00  psnr=14.4  cos=0.4189
[epoch 1 step 200]  loss=6.46e-01  l1=6.46e-01  l2=0.00e+00  psnr=14.3  cos=0.4431
[epoch 1 step 250]  loss=6.56e-01  l1=6.56e-01  l2=0.00e+00  psnr=14.4  cos=0.3606
[epoch 1 step 300]  loss=6.68e-01  l1=6.68e-01  l2=0.00e+00  psnr=14.2  cos=0.3838
[epoch 1 step 350]  loss=6.28e-01  l1=6.28e-01  l2=0.00e+00  psnr=14.4  cos=0.4646
[epoch 1 step 400]  loss=6.61e-01  l1=6.61e-01  l2=0.00e+00  psnr=14.1  cos=0.4082
[epoch 1 step 450]  loss=6.37e-01  l1=6.37e-01  l2=0.00e+00  psnr=14.3  cos=0.5172
[epoch 1 step 500]  loss=6.20e-01  l1=6.20e-01  l2=0.00e+00  psnr=14.8  cos=0.4319
[epoch 1 step 550]  loss=7.46e-01  l1=7.46e-01  l2=0.00e+00  psnr=13.1  cos=0.4359
[epoch 1 step 600]  loss=5.81e-01  l1=5.81e-01  l2=0.00e+00  psnr=15.1  cos=0.5130
[epoch 1 step 650]  loss=6.29e-01  l1=6.29e-01  l2=0.00e+00  psnr=14.6  cos=0.4389
[epoch 1 step 700]  loss=6.06e-01  l1=6.06e-01  l2=0.00e+00  psnr=14.7  cos=0.4942
[epoch 1 step 750]  loss=6.12e-01  l1=6.12e-01  l2=0.00e+00  psnr=14.6  cos=0.5559
[epoch 1 step 800]  loss=7.21e-01  l1=7.21e-01  l2=0.00e+00  psnr=13.2  cos=0.4810
[epoch 1 step 850]  loss=7.33e-01  l1=7.33e-01  l2=0.00e+00  psnr=13.2  cos=0.4343
[epoch 1 step 900]  loss=6.07e-01  l1=6.07e-01  l2=0.00e+00  psnr=14.8  cos=0.4775
[epoch 1 step 950]  loss=6.09e-01  l1=6.09e-01  l2=0.00e+00  psnr=14.8  cos=0.4598
[epoch 1 step 1000]  loss=5.91e-01  l1=5.91e-01  l2=0.00e+00  psnr=15.1  cos=0.4665
[epoch 1 step 1050]  loss=7.08e-01  l1=7.08e-01  l2=0.00e+00  psnr=13.3  cos=0.4940
[epoch 1 step 1100]  loss=5.82e-01  l1=5.82e-01  l2=0.00e+00  psnr=15.0  cos=0.4884
[epoch 1 step 1150]  loss=6.04e-01  l1=6.04e-01  l2=0.00e+00  psnr=14.5  cos=0.5539
[epoch 1 step 1200]  loss=6.82e-01  l1=6.82e-01  l2=0.00e+00  psnr=13.9  cos=0.4893
[epoch 1 step 1250]  loss=5.69e-01  l1=5.69e-01  l2=0.00e+00  psnr=15.2  cos=0.4810
[epoch 1 step 1300]  loss=6.09e-01  l1=6.09e-01  l2=0.00e+00  psnr=14.8  cos=0.4750
[epoch 1 step 1350]  loss=7.21e-01  l1=7.21e-01  l2=0.00e+00  psnr=13.6  cos=0.4234
[epoch 1 step 1400]  loss=5.75e-01  l1=5.75e-01  l2=0.00e+00  psnr=15.0  cos=0.5584
[epoch 1 step 1450]  loss=6.10e-01  l1=6.10e-01  l2=0.00e+00  psnr=14.5  cos=0.5738
[epoch 1 step 1500]  loss=6.95e-01  l1=6.95e-01  l2=0.00e+00  psnr=13.7  cos=0.4754
[epoch 1 step 1550]  loss=5.64e-01  l1=5.64e-01  l2=0.00e+00  psnr=15.2  cos=0.5144
[epoch 1 step 1600]  loss=5.75e-01  l1=5.75e-01  l2=0.00e+00  psnr=15.1  cos=0.5199
[epoch 1 step 1650]  loss=6.75e-01  l1=6.75e-01  l2=0.00e+00  psnr=13.7  cos=0.5118
[epoch 1 step 1700]  loss=5.78e-01  l1=5.78e-01  l2=0.00e+00  psnr=15.0  cos=0.5044
[epoch 1 step 1750]  loss=6.41e-01  l1=6.41e-01  l2=0.00e+00  psnr=14.5  cos=0.4157
[epoch 1 step 1800]  loss=4.19e-01  l1=4.19e-01  l2=0.00e+00  psnr=17.0  cos=0.7035
[epoch 1 step 1850]  loss=7.87e-01  l1=7.87e-01  l2=0.00e+00  psnr=12.8  cos=0.4279
[epoch 1 step 1900]  loss=6.03e-01  l1=6.03e-01  l2=0.00e+00  psnr=14.8  cos=0.4781
[epoch 1 step 1950]  loss=6.51e-01  l1=6.51e-01  l2=0.00e+00  psnr=14.1  cos=0.4402
[epoch 1 step 2000]  loss=5.38e-01  l1=5.38e-01  l2=0.00e+00  psnr=15.5  cos=0.5531
[epoch 1 step 2050]  loss=5.80e-01  l1=5.80e-01  l2=0.00e+00  psnr=15.1  cos=0.4750
[epoch 1 step 2100]  loss=5.68e-01  l1=5.68e-01  l2=0.00e+00  psnr=15.2  cos=0.4985
[epoch 1 step 2150]  loss=6.38e-01  l1=6.38e-01  l2=0.00e+00  psnr=14.1  cos=0.5335
[epoch 1 step 2200]  loss=5.88e-01  l1=5.88e-01  l2=0.00e+00  psnr=15.0  cos=0.5153
[epoch 1 step 2250]  loss=7.43e-01  l1=7.43e-01  l2=0.00e+00  psnr=13.2  cos=0.4347
[epoch 1 step 2300]  loss=7.43e-01  l1=7.43e-01  l2=0.00e+00  psnr=13.2  cos=0.4264
[epoch 1 step 2350]  loss=5.94e-01  l1=5.94e-01  l2=0.00e+00  psnr=15.0  cos=0.4647
[epoch 1 step 2400]  loss=5.86e-01  l1=5.86e-01  l2=0.00e+00  psnr=14.9  cos=0.5072
[epoch 1 step 2450]  loss=6.79e-01  l1=6.79e-01  l2=0.00e+00  psnr=13.7  cos=0.5062
[epoch 1 step 2500]  loss=5.90e-01  l1=5.90e-01  l2=0.00e+00  psnr=15.0  cos=0.5084
[epoch 1 step 2550]  loss=5.81e-01  l1=5.81e-01  l2=0.00e+00  psnr=15.0  cos=0.4952
[epoch 1 step 2600]  loss=5.96e-01  l1=5.96e-01  l2=0.00e+00  psnr=14.9  cos=0.4652
[epoch 1 step 2650]  loss=6.26e-01  l1=6.26e-01  l2=0.00e+00  psnr=14.3  cos=0.5498
[epoch 1 step 2700]  loss=5.88e-01  l1=5.88e-01  l2=0.00e+00  psnr=14.9  cos=0.4927
[epoch 1 step 2750]  loss=6.37e-01  l1=6.37e-01  l2=0.00e+00  psnr=14.5  cos=0.4536
[epoch 1 step 2800]  loss=5.69e-01  l1=5.69e-01  l2=0.00e+00  psnr=15.1  cos=0.5016
[epoch 1 step 2850]  loss=5.99e-01  l1=5.99e-01  l2=0.00e+00  psnr=14.8  cos=0.5069
[epoch 1 step 2900]  loss=6.86e-01  l1=6.86e-01  l2=0.00e+00  psnr=13.8  cos=0.5177
[epoch 1 step 2950]  loss=5.88e-01  l1=5.88e-01  l2=0.00e+00  psnr=15.0  cos=0.4796
[epoch 1 step 3000]  loss=6.38e-01  l1=6.38e-01  l2=0.00e+00  psnr=14.2  cos=0.5443
[epoch 1 step 3050]  loss=7.34e-01  l1=7.34e-01  l2=0.00e+00  psnr=13.2  cos=0.4864
[epoch 1 step 3100]  loss=5.83e-01  l1=5.83e-01  l2=0.00e+00  psnr=14.9  cos=0.5168
[epoch 1 step 3150]  loss=6.49e-01  l1=6.49e-01  l2=0.00e+00  psnr=14.1  cos=0.5498
[epoch 1 step 3200]  loss=5.79e-01  l1=5.79e-01  l2=0.00e+00  psnr=15.1  cos=0.5012
[epoch 1 step 3250]  loss=6.25e-01  l1=6.25e-01  l2=0.00e+00  psnr=14.7  cos=0.4524
[epoch 1 step 3300]  loss=6.67e-01  l1=6.67e-01  l2=0.00e+00  psnr=14.3  cos=0.4239
[epoch 1 step 3350]  loss=6.02e-01  l1=6.02e-01  l2=0.00e+00  psnr=14.7  cos=0.5505
[epoch 1 step 3400]  loss=6.18e-01  l1=6.18e-01  l2=0.00e+00  psnr=14.4  cos=0.5661
[epoch 1 step 3450]  loss=6.03e-01  l1=6.03e-01  l2=0.00e+00  psnr=14.8  cos=0.4885
[epoch 1 step 3500]  loss=6.29e-01  l1=6.29e-01  l2=0.00e+00  psnr=14.3  cos=0.5425
[epoch 1 step 3550]  loss=6.11e-01  l1=6.11e-01  l2=0.00e+00  psnr=14.8  cos=0.4718
[epoch 1 step 3600]  loss=5.59e-01  l1=5.59e-01  l2=0.00e+00  psnr=15.1  cos=0.6107
[epoch 1 step 3650]  loss=7.28e-01  l1=7.28e-01  l2=0.00e+00  psnr=13.3  cos=0.4855
[epoch 1 step 3700]  loss=5.44e-01  l1=5.44e-01  l2=0.00e+00  psnr=15.1  cos=0.6050
[epoch 1 step 3750]  loss=5.25e-01  l1=5.25e-01  l2=0.00e+00  psnr=15.9  cos=0.5368
[epoch 1 step 3800]  loss=5.82e-01  l1=5.82e-01  l2=0.00e+00  psnr=15.0  cos=0.4891
[epoch 1 step 3850]  loss=6.55e-01  l1=6.55e-01  l2=0.00e+00  psnr=14.1  cos=0.5142
[epoch 1 step 3900]  loss=7.16e-01  l1=7.16e-01  l2=0.00e+00  psnr=13.6  cos=0.4789
[epoch 1 step 3950]  loss=6.05e-01  l1=6.05e-01  l2=0.00e+00  psnr=14.7  cos=0.4718
[epoch 1 step 4000]  loss=6.14e-01  l1=6.14e-01  l2=0.00e+00  psnr=14.8  cos=0.4759
[epoch 1 step 4050]  loss=5.70e-01  l1=5.70e-01  l2=0.00e+00  psnr=15.2  cos=0.5219
[epoch 1 step 4100]  loss=6.58e-01  l1=6.58e-01  l2=0.00e+00  psnr=13.8  cos=0.5394
[epoch 1 step 4150]  loss=6.02e-01  l1=6.02e-01  l2=0.00e+00  psnr=14.9  cos=0.4521
[epoch 1 step 4200]  loss=5.99e-01  l1=5.99e-01  l2=0.00e+00  psnr=14.7  cos=0.5136
[epoch 1 step 4250]  loss=3.95e-01  l1=3.95e-01  l2=0.00e+00  psnr=17.3  cos=0.7402
[epoch 1 step 4300]  loss=5.86e-01  l1=5.86e-01  l2=0.00e+00  psnr=15.1  cos=0.4904
[epoch 1 step 4350]  loss=5.99e-01  l1=5.99e-01  l2=0.00e+00  psnr=14.8  cos=0.4914
[epoch 1 step 4400]  loss=6.47e-01  l1=6.47e-01  l2=0.00e+00  psnr=13.9  cos=0.5402
[epoch 1 step 4450]  loss=5.62e-01  l1=5.62e-01  l2=0.00e+00  psnr=15.3  cos=0.5029
[epoch 1 step 4500]  loss=6.29e-01  l1=6.29e-01  l2=0.00e+00  psnr=14.3  cos=0.5536
[epoch 1 step 4550]  loss=7.27e-01  l1=7.27e-01  l2=0.00e+00  psnr=13.3  cos=0.5008
[epoch 1 step 4600]  loss=7.44e-01  l1=7.44e-01  l2=0.00e+00  psnr=13.2  cos=0.4698
[epoch 1 step 4650]  loss=7.76e-01  l1=7.76e-01  l2=0.00e+00  psnr=12.7  cos=0.4369
[epoch 1 step 4700]  loss=5.53e-01  l1=5.53e-01  l2=0.00e+00  psnr=15.4  cos=0.5513
[epoch 1 step 4750]  loss=5.79e-01  l1=5.79e-01  l2=0.00e+00  psnr=15.1  cos=0.5076
[epoch 1 step 4800]  loss=6.13e-01  l1=6.13e-01  l2=0.00e+00  psnr=14.9  cos=0.4871
[epoch 1 step 4850]  loss=5.99e-01  l1=5.99e-01  l2=0.00e+00  psnr=14.8  cos=0.5124
[epoch 1 step 4900]  loss=5.78e-01  l1=5.78e-01  l2=0.00e+00  psnr=14.9  cos=0.5263
[epoch 1 step 4950]  loss=6.05e-01  l1=6.05e-01  l2=0.00e+00  psnr=14.5  cos=0.5827
[epoch 1 DONE]  final_loss=5.92e-01  psnr=14.47  cos=0.5827
[checkpoint] /workspace/runs/trial5/checkpoints/epoch_0001.pt
[val epoch 1]  latent_l1=0.5965  latent_l2=0.8403  latent_psnr=26.2350
[best] new best latent_psnr=26.2350 (prev=n/a) -> /workspace/runs/trial5/checkpoints/best.pt
[epoch 2 step 000]  loss=5.48e-01  l1=5.48e-01  l2=0.00e+00  psnr=15.3  cos=0.5439
[epoch 2 step 050]  loss=6.25e-01  l1=6.25e-01  l2=0.00e+00  psnr=14.3  cos=0.5546
[epoch 2 step 100]  loss=5.81e-01  l1=5.81e-01  l2=0.00e+00  psnr=15.1  cos=0.5184
[epoch 2 step 150]  loss=5.62e-01  l1=5.62e-01  l2=0.00e+00  psnr=15.3  cos=0.5346
[epoch 2 step 200]  loss=5.67e-01  l1=5.67e-01  l2=0.00e+00  psnr=15.2  cos=0.5036
[epoch 2 step 250]  loss=6.68e-01  l1=6.68e-01  l2=0.00e+00  psnr=14.0  cos=0.5038
[epoch 2 step 300]  loss=6.07e-01  l1=6.07e-01  l2=0.00e+00  psnr=14.3  cos=0.5740
[epoch 2 step 350]  loss=5.64e-01  l1=5.64e-01  l2=0.00e+00  psnr=15.0  cos=0.5951
[epoch 2 step 400]  loss=5.72e-01  l1=5.72e-01  l2=0.00e+00  psnr=15.3  cos=0.5241
[epoch 2 step 450]  loss=6.14e-01  l1=6.14e-01  l2=0.00e+00  psnr=14.8  cos=0.4650
[epoch 2 step 500]  loss=5.59e-01  l1=5.59e-01  l2=0.00e+00  psnr=15.3  cos=0.5093
[epoch 2 step 550]  loss=6.06e-01  l1=6.06e-01  l2=0.00e+00  psnr=15.0  cos=0.4471
[epoch 2 step 600]  loss=5.44e-01  l1=5.44e-01  l2=0.00e+00  psnr=15.5  cos=0.4955
[epoch 2 step 650]  loss=5.40e-01  l1=5.40e-01  l2=0.00e+00  psnr=15.5  cos=0.5360
[epoch 2 step 700]  loss=6.39e-01  l1=6.39e-01  l2=0.00e+00  psnr=14.3  cos=0.5249
[epoch 2 step 750]  loss=6.03e-01  l1=6.03e-01  l2=0.00e+00  psnr=14.5  cos=0.5673
[epoch 2 step 800]  loss=6.47e-01  l1=6.47e-01  l2=0.00e+00  psnr=14.0  cos=0.5429
[epoch 2 step 850]  loss=5.75e-01  l1=5.75e-01  l2=0.00e+00  psnr=15.0  cos=0.5217
[epoch 2 step 900]  loss=5.39e-01  l1=5.39e-01  l2=0.00e+00  psnr=15.4  cos=0.6125
[epoch 2 step 950]  loss=5.49e-01  l1=5.49e-01  l2=0.00e+00  psnr=15.2  cos=0.5839
[epoch 2 step 1000]  loss=5.26e-01  l1=5.26e-01  l2=0.00e+00  psnr=15.6  cos=0.5811
[epoch 2 step 1050]  loss=5.34e-01  l1=5.34e-01  l2=0.00e+00  psnr=15.4  cos=0.6109
[epoch 2 step 1100]  loss=6.14e-01  l1=6.14e-01  l2=0.00e+00  psnr=14.4  cos=0.5474
[epoch 2 step 1150]  loss=6.91e-01  l1=6.91e-01  l2=0.00e+00  psnr=13.6  cos=0.5061
[epoch 2 step 1200]  loss=5.54e-01  l1=5.54e-01  l2=0.00e+00  psnr=15.2  cos=0.5452
[epoch 2 step 1250]  loss=5.79e-01  l1=5.79e-01  l2=0.00e+00  psnr=15.0  cos=0.5119
[epoch 2 step 1300]  loss=5.77e-01  l1=5.77e-01  l2=0.00e+00  psnr=15.3  cos=0.5051
[epoch 2 step 1350]  loss=5.58e-01  l1=5.58e-01  l2=0.00e+00  psnr=15.3  cos=0.5138
[epoch 2 step 1400]  loss=5.68e-01  l1=5.68e-01  l2=0.00e+00  psnr=15.2  cos=0.5148
[epoch 2 step 1450]  loss=6.05e-01  l1=6.05e-01  l2=0.00e+00  psnr=14.8  cos=0.4937
[epoch 2 step 1500]  loss=5.87e-01  l1=5.87e-01  l2=0.00e+00  psnr=15.0  cos=0.4869
[epoch 2 step 1550]  loss=6.56e-01  l1=6.56e-01  l2=0.00e+00  psnr=14.4  cos=0.4536
[epoch 2 step 1600]  loss=6.26e-01  l1=6.26e-01  l2=0.00e+00  psnr=14.5  cos=0.4858
[epoch 2 step 1650]  loss=6.06e-01  l1=6.06e-01  l2=0.00e+00  psnr=14.9  cos=0.4579
[epoch 2 step 1700]  loss=5.64e-01  l1=5.64e-01  l2=0.00e+00  psnr=15.2  cos=0.5275
[epoch 2 step 1750]  loss=5.80e-01  l1=5.80e-01  l2=0.00e+00  psnr=15.1  cos=0.5052
[epoch 2 step 1800]  loss=5.62e-01  l1=5.62e-01  l2=0.00e+00  psnr=15.2  cos=0.5292
[epoch 2 step 1850]  loss=5.45e-01  l1=5.45e-01  l2=0.00e+00  psnr=15.4  cos=0.6071
[epoch 2 step 1900]  loss=6.49e-01  l1=6.49e-01  l2=0.00e+00  psnr=14.0  cos=0.5500
[epoch 2 step 1950]  loss=7.17e-01  l1=7.17e-01  l2=0.00e+00  psnr=13.2  cos=0.5122
[epoch 2 step 2000]  loss=6.28e-01  l1=6.28e-01  l2=0.00e+00  psnr=14.3  cos=0.5478
[epoch 2 step 2050]  loss=6.12e-01  l1=6.12e-01  l2=0.00e+00  psnr=14.7  cos=0.4892
[epoch 2 step 2100]  loss=5.47e-01  l1=5.47e-01  l2=0.00e+00  psnr=15.3  cos=0.5415
[epoch 2 step 2150]  loss=4.54e-01  l1=4.54e-01  l2=0.00e+00  psnr=16.4  cos=0.6901
[epoch 2 step 2200]  loss=6.44e-01  l1=6.44e-01  l2=0.00e+00  psnr=14.1  cos=0.5490
[epoch 2 step 2250]  loss=5.61e-01  l1=5.61e-01  l2=0.00e+00  psnr=15.3  cos=0.5091
[epoch 2 step 2300]  loss=6.92e-01  l1=6.92e-01  l2=0.00e+00  psnr=13.7  cos=0.4985
[epoch 2 step 2350]  loss=5.35e-01  l1=5.35e-01  l2=0.00e+00  psnr=15.2  cos=0.6152
[epoch 2 step 2400]  loss=6.22e-01  l1=6.22e-01  l2=0.00e+00  psnr=14.4  cos=0.5681
[epoch 2 step 2450]  loss=6.76e-01  l1=6.76e-01  l2=0.00e+00  psnr=13.7  cos=0.5180
[epoch 2 step 2500]  loss=7.48e-01  l1=7.48e-01  l2=0.00e+00  psnr=13.0  cos=0.4578
[epoch 2 step 2550]  loss=5.49e-01  l1=5.49e-01  l2=0.00e+00  psnr=15.3  cos=0.5691
[epoch 2 step 2600]  loss=6.58e-01  l1=6.58e-01  l2=0.00e+00  psnr=13.9  cos=0.5176
[epoch 2 step 2650]  loss=6.80e-01  l1=6.80e-01  l2=0.00e+00  psnr=13.6  cos=0.5260
[epoch 2 step 2700]  loss=5.70e-01  l1=5.70e-01  l2=0.00e+00  psnr=15.2  cos=0.5362
[epoch 2 step 2750]  loss=6.34e-01  l1=6.34e-01  l2=0.00e+00  psnr=14.1  cos=0.5433
[epoch 2 step 2800]  loss=5.97e-01  l1=5.97e-01  l2=0.00e+00  psnr=14.7  cos=0.5054
[epoch 2 step 2850]  loss=6.75e-01  l1=6.75e-01  l2=0.00e+00  psnr=13.7  cos=0.5251
[epoch 2 step 2900]  loss=5.41e-01  l1=5.41e-01  l2=0.00e+00  psnr=15.4  cos=0.5907
[epoch 2 step 2950]  loss=5.97e-01  l1=5.97e-01  l2=0.00e+00  psnr=15.0  cos=0.4668
[epoch 2 step 3000]  loss=6.97e-01  l1=6.97e-01  l2=0.00e+00  psnr=13.5  cos=0.4829
[epoch 2 step 3050]  loss=5.77e-01  l1=5.77e-01  l2=0.00e+00  psnr=15.0  cos=0.5068
[epoch 2 step 3100]  loss=6.37e-01  l1=6.37e-01  l2=0.00e+00  psnr=14.1  cos=0.5685
[epoch 2 step 3150]  loss=6.49e-01  l1=6.49e-01  l2=0.00e+00  psnr=14.1  cos=0.5262
[epoch 2 step 3200]  loss=5.54e-01  l1=5.54e-01  l2=0.00e+00  psnr=15.4  cos=0.5267
[epoch 2 step 3250]  loss=6.97e-01  l1=6.97e-01  l2=0.00e+00  psnr=13.5  cos=0.5019
[epoch 2 step 3300]  loss=7.11e-01  l1=7.11e-01  l2=0.00e+00  psnr=13.3  cos=0.4872
[epoch 2 step 3350]  loss=6.12e-01  l1=6.12e-01  l2=0.00e+00  psnr=14.9  cos=0.4518
[epoch 2 step 3400]  loss=4.88e-01  l1=4.88e-01  l2=0.00e+00  psnr=16.0  cos=0.6649
[epoch 2 step 3450]  loss=5.93e-01  l1=5.93e-01  l2=0.00e+00  psnr=14.7  cos=0.5774
[epoch 2 step 3500]  loss=5.44e-01  l1=5.44e-01  l2=0.00e+00  psnr=15.5  cos=0.5667
[epoch 2 step 3550]  loss=6.07e-01  l1=6.07e-01  l2=0.00e+00  psnr=14.8  cos=0.4937
[epoch 2 step 3600]  loss=6.08e-01  l1=6.08e-01  l2=0.00e+00  psnr=14.8  cos=0.4872
[epoch 2 step 3650]  loss=6.23e-01  l1=6.23e-01  l2=0.00e+00  psnr=14.6  cos=0.4874
[epoch 2 step 3700]  loss=5.85e-01  l1=5.85e-01  l2=0.00e+00  psnr=15.1  cos=0.4961
[epoch 2 step 3750]  loss=3.93e-01  l1=3.93e-01  l2=0.00e+00  psnr=17.5  cos=0.7371
[epoch 2 step 3800]  loss=5.41e-01  l1=5.41e-01  l2=0.00e+00  psnr=15.4  cos=0.5488
[epoch 2 step 3850]  loss=7.30e-01  l1=7.30e-01  l2=0.00e+00  psnr=13.3  cos=0.4679
[epoch 2 step 3900]  loss=6.44e-01  l1=6.44e-01  l2=0.00e+00  psnr=14.0  cos=0.5386
[epoch 2 step 3950]  loss=5.32e-01  l1=5.32e-01  l2=0.00e+00  psnr=15.4  cos=0.5351
[epoch 2 step 4000]  loss=5.40e-01  l1=5.40e-01  l2=0.00e+00  psnr=15.4  cos=0.6142
[epoch 2 step 4050]  loss=5.94e-01  l1=5.94e-01  l2=0.00e+00  psnr=14.8  cos=0.5319
[epoch 2 step 4100]  loss=6.62e-01  l1=6.62e-01  l2=0.00e+00  psnr=14.1  cos=0.4631
[epoch 2 step 4150]  loss=5.56e-01  l1=5.56e-01  l2=0.00e+00  psnr=15.2  cos=0.5590
[epoch 2 step 4200]  loss=6.98e-01  l1=6.98e-01  l2=0.00e+00  psnr=13.7  cos=0.4973
[epoch 2 step 4250]  loss=5.75e-01  l1=5.75e-01  l2=0.00e+00  psnr=15.1  cos=0.5095
[epoch 2 step 4300]  loss=5.58e-01  l1=5.58e-01  l2=0.00e+00  psnr=15.1  cos=0.5731
[epoch 2 step 4350]  loss=7.12e-01  l1=7.12e-01  l2=0.00e+00  psnr=13.5  cos=0.4936
[epoch 2 step 4400]  loss=6.02e-01  l1=6.02e-01  l2=0.00e+00  psnr=14.9  cos=0.4869
[epoch 2 step 4450]  loss=4.90e-01  l1=4.90e-01  l2=0.00e+00  psnr=15.8  cos=0.6520
[epoch 2 step 4500]  loss=5.21e-01  l1=5.21e-01  l2=0.00e+00  psnr=15.8  cos=0.5698
[epoch 2 step 4550]  loss=6.47e-01  l1=6.47e-01  l2=0.00e+00  psnr=14.0  cos=0.5342
[epoch 2 step 4600]  loss=6.27e-01  l1=6.27e-01  l2=0.00e+00  psnr=14.3  cos=0.5618
[epoch 2 step 4650]  loss=7.13e-01  l1=7.13e-01  l2=0.00e+00  psnr=13.4  cos=0.5100
[epoch 2 step 4700]  loss=6.54e-01  l1=6.54e-01  l2=0.00e+00  psnr=14.3  cos=0.4883
[epoch 2 step 4750]  loss=5.65e-01  l1=5.65e-01  l2=0.00e+00  psnr=15.3  cos=0.5353
[epoch 2 step 4800]  loss=5.71e-01  l1=5.71e-01  l2=0.00e+00  psnr=14.8  cos=0.5973
[epoch 2 step 4850]  loss=5.55e-01  l1=5.55e-01  l2=0.00e+00  psnr=15.4  cos=0.5191
[epoch 2 step 4900]  loss=6.44e-01  l1=6.44e-01  l2=0.00e+00  psnr=14.3  cos=0.5366
[epoch 2 step 4950]  loss=6.17e-01  l1=6.17e-01  l2=0.00e+00  psnr=14.4  cos=0.5644
[epoch 2 DONE]  final_loss=6.23e-01  psnr=14.35  cos=0.5644
[checkpoint] /workspace/runs/trial5/checkpoints/epoch_0002.pt
[val epoch 2]  latent_l1=0.5934  latent_l2=0.8364  latent_psnr=26.2757
[best] new best latent_psnr=26.2757 (prev=26.2350) -> /workspace/runs/trial5/checkpoints/best.pt
[epoch 3 step 000]  loss=6.04e-01  l1=6.04e-01  l2=0.00e+00  psnr=14.9  cos=0.4774
[epoch 3 step 050]  loss=5.82e-01  l1=5.82e-01  l2=0.00e+00  psnr=14.9  cos=0.5239
[epoch 3 step 100]  loss=6.60e-01  l1=6.60e-01  l2=0.00e+00  psnr=13.9  cos=0.5431
[epoch 3 step 150]  loss=7.00e-01  l1=7.00e-01  l2=0.00e+00  psnr=13.7  cos=0.4921
[epoch 3 step 200]  loss=7.08e-01  l1=7.08e-01  l2=0.00e+00  psnr=13.3  cos=0.5188
[epoch 3 step 250]  loss=6.61e-01  l1=6.61e-01  l2=0.00e+00  psnr=13.8  cos=0.5094
[epoch 3 step 300]  loss=4.06e-01  l1=4.06e-01  l2=0.00e+00  psnr=17.2  cos=0.7264
[epoch 3 step 350]  loss=4.22e-01  l1=4.22e-01  l2=0.00e+00  psnr=16.7  cos=0.7195
[epoch 3 step 400]  loss=7.06e-01  l1=7.06e-01  l2=0.00e+00  psnr=13.6  cos=0.5121
[epoch 3 step 450]  loss=5.42e-01  l1=5.42e-01  l2=0.00e+00  psnr=15.5  cos=0.5528
[epoch 3 step 500]  loss=5.75e-01  l1=5.75e-01  l2=0.00e+00  psnr=15.2  cos=0.5095
[epoch 3 step 550]  loss=6.12e-01  l1=6.12e-01  l2=0.00e+00  psnr=14.8  cos=0.4671
[epoch 3 step 600]  loss=5.97e-01  l1=5.97e-01  l2=0.00e+00  psnr=14.9  cos=0.5027
[epoch 3 step 650]  loss=5.99e-01  l1=5.99e-01  l2=0.00e+00  psnr=14.8  cos=0.5102
[epoch 3 step 700]  loss=5.78e-01  l1=5.78e-01  l2=0.00e+00  psnr=15.1  cos=0.4984
[epoch 3 step 750]  loss=5.60e-01  l1=5.60e-01  l2=0.00e+00  psnr=15.5  cos=0.4978
[epoch 3 step 800]  loss=6.77e-01  l1=6.77e-01  l2=0.00e+00  psnr=13.8  cos=0.5263
[epoch 3 step 850]  loss=6.58e-01  l1=6.58e-01  l2=0.00e+00  psnr=13.9  cos=0.5442
[epoch 3 step 900]  loss=5.49e-01  l1=5.49e-01  l2=0.00e+00  psnr=15.3  cos=0.6152
[epoch 3 step 950]  loss=6.05e-01  l1=6.05e-01  l2=0.00e+00  psnr=14.7  cos=0.4940
[epoch 3 step 1000]  loss=5.83e-01  l1=5.83e-01  l2=0.00e+00  psnr=15.0  cos=0.5114
[epoch 3 step 1050]  loss=7.01e-01  l1=7.01e-01  l2=0.00e+00  psnr=13.8  cos=0.4491
[epoch 3 step 1100]  loss=5.64e-01  l1=5.64e-01  l2=0.00e+00  psnr=15.2  cos=0.5909
[epoch 3 step 1150]  loss=6.20e-01  l1=6.20e-01  l2=0.00e+00  psnr=14.6  cos=0.5240
[epoch 3 step 1200]  loss=5.90e-01  l1=5.90e-01  l2=0.00e+00  psnr=14.8  cos=0.4945
[epoch 3 step 1250]  loss=6.14e-01  l1=6.14e-01  l2=0.00e+00  psnr=14.4  cos=0.5719
[epoch 3 step 1300]  loss=7.09e-01  l1=7.09e-01  l2=0.00e+00  psnr=13.3  cos=0.4884
[epoch 3 step 1350]  loss=5.98e-01  l1=5.98e-01  l2=0.00e+00  psnr=14.6  cos=0.5833
[epoch 3 step 1400]  loss=7.18e-01  l1=7.18e-01  l2=0.00e+00  psnr=13.3  cos=0.4914
[epoch 3 step 1450]  loss=6.02e-01  l1=6.02e-01  l2=0.00e+00  psnr=14.8  cos=0.4928
[epoch 3 step 1500]  loss=5.23e-01  l1=5.23e-01  l2=0.00e+00  psnr=15.6  cos=0.6280
[epoch 3 step 1550]  loss=6.33e-01  l1=6.33e-01  l2=0.00e+00  psnr=14.4  cos=0.4826
[epoch 3 step 1600]  loss=5.58e-01  l1=5.58e-01  l2=0.00e+00  psnr=15.4  cos=0.5391
[epoch 3 step 1650]  loss=7.07e-01  l1=7.07e-01  l2=0.00e+00  psnr=13.4  cos=0.4900
[epoch 3 step 1700]  loss=5.27e-01  l1=5.27e-01  l2=0.00e+00  psnr=15.7  cos=0.5532
[epoch 3 step 1750]  loss=6.10e-01  l1=6.10e-01  l2=0.00e+00  psnr=14.5  cos=0.5800
[epoch 3 step 1800]  loss=5.64e-01  l1=5.64e-01  l2=0.00e+00  psnr=15.3  cos=0.5255
[epoch 3 step 1850]  loss=5.66e-01  l1=5.66e-01  l2=0.00e+00  psnr=15.0  cos=0.6007
[epoch 3 step 1900]  loss=5.35e-01  l1=5.35e-01  l2=0.00e+00  psnr=15.4  cos=0.5587
[epoch 3 step 1950]  loss=5.09e-01  l1=5.09e-01  l2=0.00e+00  psnr=15.8  cos=0.5758
[epoch 3 step 2000]  loss=6.23e-01  l1=6.23e-01  l2=0.00e+00  psnr=14.5  cos=0.5159
[epoch 3 step 2050]  loss=5.96e-01  l1=5.96e-01  l2=0.00e+00  psnr=14.9  cos=0.5018
[epoch 3 step 2100]  loss=5.67e-01  l1=5.67e-01  l2=0.00e+00  psnr=15.2  cos=0.5289
[epoch 3 step 2150]  loss=4.38e-01  l1=4.38e-01  l2=0.00e+00  psnr=16.5  cos=0.6987
[epoch 3 step 2200]  loss=6.62e-01  l1=6.62e-01  l2=0.00e+00  psnr=14.0  cos=0.5350
[epoch 3 step 2250]  loss=6.42e-01  l1=6.42e-01  l2=0.00e+00  psnr=14.0  cos=0.5560
[epoch 3 step 2300]  loss=5.26e-01  l1=5.26e-01  l2=0.00e+00  psnr=15.4  cos=0.6316
[epoch 3 step 2350]  loss=7.04e-01  l1=7.04e-01  l2=0.00e+00  psnr=13.4  cos=0.5026
[epoch 3 step 2400]  loss=5.80e-01  l1=5.80e-01  l2=0.00e+00  psnr=14.8  cos=0.5953
[epoch 3 step 2450]  loss=5.30e-01  l1=5.30e-01  l2=0.00e+00  psnr=15.5  cos=0.5839
[epoch 3 step 2500]  loss=5.32e-01  l1=5.32e-01  l2=0.00e+00  psnr=15.6  cos=0.5427
[epoch 3 step 2550]  loss=5.52e-01  l1=5.52e-01  l2=0.00e+00  psnr=15.2  cos=0.5888
[epoch 3 step 2600]  loss=5.98e-01  l1=5.98e-01  l2=0.00e+00  psnr=14.5  cos=0.5886
[epoch 3 step 2650]  loss=6.55e-01  l1=6.55e-01  l2=0.00e+00  psnr=14.0  cos=0.5247
[epoch 3 step 2700]  loss=6.09e-01  l1=6.09e-01  l2=0.00e+00  psnr=14.8  cos=0.4728
[epoch 3 step 2750]  loss=6.89e-01  l1=6.89e-01  l2=0.00e+00  psnr=13.7  cos=0.5073
[epoch 3 step 2800]  loss=7.06e-01  l1=7.06e-01  l2=0.00e+00  psnr=13.5  cos=0.4765
[epoch 3 step 2850]  loss=6.07e-01  l1=6.07e-01  l2=0.00e+00  psnr=14.8  cos=0.5100
[epoch 3 step 2900]  loss=6.14e-01  l1=6.14e-01  l2=0.00e+00  psnr=14.4  cos=0.5654
[epoch 3 step 2950]  loss=4.81e-01  l1=4.81e-01  l2=0.00e+00  psnr=16.1  cos=0.6705
[epoch 3 step 3000]  loss=5.91e-01  l1=5.91e-01  l2=0.00e+00  psnr=14.5  cos=0.5952
[epoch 3 step 3050]  loss=6.17e-01  l1=6.17e-01  l2=0.00e+00  psnr=14.4  cos=0.5573
[epoch 3 step 3100]  loss=6.10e-01  l1=6.10e-01  l2=0.00e+00  psnr=14.6  cos=0.5256
[epoch 3 step 3150]  loss=4.99e-01  l1=4.99e-01  l2=0.00e+00  psnr=16.0  cos=0.6451
[epoch 3 step 3200]  loss=5.31e-01  l1=5.31e-01  l2=0.00e+00  psnr=15.6  cos=0.5801
[epoch 3 step 3250]  loss=5.49e-01  l1=5.49e-01  l2=0.00e+00  psnr=15.3  cos=0.5589
[epoch 3 step 3300]  loss=5.26e-01  l1=5.26e-01  l2=0.00e+00  psnr=15.6  cos=0.5637
[epoch 3 step 3350]  loss=5.42e-01  l1=5.42e-01  l2=0.00e+00  psnr=15.5  cos=0.5582
[epoch 3 step 3400]  loss=6.19e-01  l1=6.19e-01  l2=0.00e+00  psnr=14.3  cos=0.5734
[epoch 3 step 3450]  loss=6.16e-01  l1=6.16e-01  l2=0.00e+00  psnr=14.8  cos=0.4409
[epoch 3 step 3500]  loss=5.56e-01  l1=5.56e-01  l2=0.00e+00  psnr=15.3  cos=0.5486
[epoch 3 step 3550]  loss=5.69e-01  l1=5.69e-01  l2=0.00e+00  psnr=15.1  cos=0.5610
[epoch 3 step 3600]  loss=5.42e-01  l1=5.42e-01  l2=0.00e+00  psnr=15.4  cos=0.5478
[epoch 3 step 3650]  loss=5.77e-01  l1=5.77e-01  l2=0.00e+00  psnr=15.1  cos=0.5092
[epoch 3 step 3700]  loss=6.28e-01  l1=6.28e-01  l2=0.00e+00  psnr=14.7  cos=0.4477
[epoch 3 step 3750]  loss=6.17e-01  l1=6.17e-01  l2=0.00e+00  psnr=14.5  cos=0.5564
[epoch 3 step 3800]  loss=4.45e-01  l1=4.45e-01  l2=0.00e+00  psnr=16.5  cos=0.6856
[epoch 3 step 3850]  loss=5.67e-01  l1=5.67e-01  l2=0.00e+00  psnr=15.3  cos=0.5089
[epoch 3 step 3900]  loss=5.79e-01  l1=5.79e-01  l2=0.00e+00  psnr=14.9  cos=0.5397
[epoch 3 step 3950]  loss=6.07e-01  l1=6.07e-01  l2=0.00e+00  psnr=14.4  cos=0.5752
[epoch 3 step 4000]  loss=5.79e-01  l1=5.79e-01  l2=0.00e+00  psnr=15.0  cos=0.5158
[epoch 3 step 4050]  loss=5.99e-01  l1=5.99e-01  l2=0.00e+00  psnr=14.9  cos=0.5006
[epoch 3 step 4100]  loss=8.05e-01  l1=8.05e-01  l2=0.00e+00  psnr=12.5  cos=0.4791
[epoch 3 step 4150]  loss=5.76e-01  l1=5.76e-01  l2=0.00e+00  psnr=14.9  cos=0.5927
[epoch 3 step 4200]  loss=6.37e-01  l1=6.37e-01  l2=0.00e+00  psnr=14.2  cos=0.5418
[epoch 3 step 4250]  loss=5.36e-01  l1=5.36e-01  l2=0.00e+00  psnr=15.5  cos=0.5765
[epoch 3 step 4300]  loss=5.42e-01  l1=5.42e-01  l2=0.00e+00  psnr=15.4  cos=0.5479
[epoch 3 step 4350]  loss=5.52e-01  l1=5.52e-01  l2=0.00e+00  psnr=15.2  cos=0.6065
[epoch 3 step 4400]  loss=5.84e-01  l1=5.84e-01  l2=0.00e+00  psnr=15.1  cos=0.4918
[epoch 3 step 4450]  loss=6.75e-01  l1=6.75e-01  l2=0.00e+00  psnr=14.0  cos=0.5002
[epoch 3 step 4500]  loss=6.59e-01  l1=6.59e-01  l2=0.00e+00  psnr=14.0  cos=0.5246
[epoch 3 step 4550]  loss=6.84e-01  l1=6.84e-01  l2=0.00e+00  psnr=13.9  cos=0.4926
[epoch 3 step 4600]  loss=6.54e-01  l1=6.54e-01  l2=0.00e+00  psnr=14.0  cos=0.5310
[epoch 3 step 4650]  loss=5.97e-01  l1=5.97e-01  l2=0.00e+00  psnr=15.1  cos=0.4935
[epoch 3 step 4700]  loss=5.24e-01  l1=5.24e-01  l2=0.00e+00  psnr=15.6  cos=0.6103
[epoch 3 step 4750]  loss=5.73e-01  l1=5.73e-01  l2=0.00e+00  psnr=15.1  cos=0.5214
[epoch 3 step 4800]  loss=7.03e-01  l1=7.03e-01  l2=0.00e+00  psnr=13.6  cos=0.4678
[epoch 3 step 4850]  loss=5.20e-01  l1=5.20e-01  l2=0.00e+00  psnr=15.6  cos=0.5864
[epoch 3 step 4900]  loss=4.26e-01  l1=4.26e-01  l2=0.00e+00  psnr=16.8  cos=0.7028
[epoch 3 step 4950]  loss=5.61e-01  l1=5.61e-01  l2=0.00e+00  psnr=15.1  cos=0.5558
[epoch 3 DONE]  final_loss=5.91e-01  psnr=15.11  cos=0.5558
[checkpoint] /workspace/runs/trial5/checkpoints/epoch_0003.pt
[val epoch 3]  latent_l1=0.5854  latent_l2=0.8298  latent_psnr=26.3456
[best] new best latent_psnr=26.3456 (prev=26.2757) -> /workspace/runs/trial5/checkpoints/best.pt
[epoch 4 step 000]  loss=5.85e-01  l1=5.85e-01  l2=0.00e+00  psnr=15.0  cos=0.5230
[epoch 4 step 050]  loss=5.07e-01  l1=5.07e-01  l2=0.00e+00  psnr=15.7  cos=0.6254
[epoch 4 step 100]  loss=5.80e-01  l1=5.80e-01  l2=0.00e+00  psnr=15.1  cos=0.5079
[epoch 4 step 150]  loss=6.05e-01  l1=6.05e-01  l2=0.00e+00  psnr=14.5  cos=0.5731
[epoch 4 step 200]  loss=5.90e-01  l1=5.90e-01  l2=0.00e+00  psnr=14.7  cos=0.5878
[epoch 4 step 250]  loss=5.95e-01  l1=5.95e-01  l2=0.00e+00  psnr=14.8  cos=0.5603
[epoch 4 step 300]  loss=5.45e-01  l1=5.45e-01  l2=0.00e+00  psnr=15.3  cos=0.5825
[epoch 4 step 350]  loss=5.64e-01  l1=5.64e-01  l2=0.00e+00  psnr=15.1  cos=0.5718
[epoch 4 step 400]  loss=5.71e-01  l1=5.71e-01  l2=0.00e+00  psnr=15.2  cos=0.5146
[epoch 4 step 450]  loss=4.78e-01  l1=4.78e-01  l2=0.00e+00  psnr=16.1  cos=0.6649
[epoch 4 step 500]  loss=5.43e-01  l1=5.43e-01  l2=0.00e+00  psnr=15.3  cos=0.5698
[epoch 4 step 550]  loss=5.61e-01  l1=5.61e-01  l2=0.00e+00  psnr=15.2  cos=0.5324
[epoch 4 step 600]  loss=4.94e-01  l1=4.94e-01  l2=0.00e+00  psnr=15.8  cos=0.6634
[epoch 4 step 650]  loss=6.04e-01  l1=6.04e-01  l2=0.00e+00  psnr=14.9  cos=0.4790
[epoch 4 step 700]  loss=4.32e-01  l1=4.32e-01  l2=0.00e+00  psnr=16.7  cos=0.7043
[epoch 4 step 750]  loss=5.56e-01  l1=5.56e-01  l2=0.00e+00  psnr=15.5  cos=0.5422
[epoch 4 step 800]  loss=5.74e-01  l1=5.74e-01  l2=0.00e+00  psnr=14.8  cos=0.6118
[epoch 4 step 850]  loss=6.88e-01  l1=6.88e-01  l2=0.00e+00  psnr=13.6  cos=0.5182
[epoch 4 step 900]  loss=5.21e-01  l1=5.21e-01  l2=0.00e+00  psnr=15.5  cos=0.6382
[epoch 4 step 950]  loss=6.39e-01  l1=6.39e-01  l2=0.00e+00  psnr=14.5  cos=0.4609
[epoch 4 step 1000]  loss=6.63e-01  l1=6.63e-01  l2=0.00e+00  psnr=13.8  cos=0.5240
[epoch 4 step 1050]  loss=6.36e-01  l1=6.36e-01  l2=0.00e+00  psnr=14.4  cos=0.5323
[epoch 4 step 1100]  loss=5.57e-01  l1=5.57e-01  l2=0.00e+00  psnr=15.3  cos=0.5204
[epoch 4 step 1150]  loss=6.98e-01  l1=6.98e-01  l2=0.00e+00  psnr=13.5  cos=0.4982
[epoch 4 step 1200]  loss=6.55e-01  l1=6.55e-01  l2=0.00e+00  psnr=14.0  cos=0.5229
[epoch 4 step 1250]  loss=5.51e-01  l1=5.51e-01  l2=0.00e+00  psnr=15.5  cos=0.5234
[epoch 4 step 1300]  loss=4.74e-01  l1=4.74e-01  l2=0.00e+00  psnr=16.2  cos=0.6456
[epoch 4 step 1350]  loss=5.41e-01  l1=5.41e-01  l2=0.00e+00  psnr=15.4  cos=0.5683
[epoch 4 step 1400]  loss=5.43e-01  l1=5.43e-01  l2=0.00e+00  psnr=15.5  cos=0.5690
[epoch 4 step 1450]  loss=5.89e-01  l1=5.89e-01  l2=0.00e+00  psnr=14.5  cos=0.6018
[epoch 4 step 1500]  loss=5.47e-01  l1=5.47e-01  l2=0.00e+00  psnr=15.3  cos=0.5742
[epoch 4 step 1550]  loss=6.26e-01  l1=6.26e-01  l2=0.00e+00  psnr=14.2  cos=0.5666
[epoch 4 step 1600]  loss=5.96e-01  l1=5.96e-01  l2=0.00e+00  psnr=14.9  cos=0.4976
[epoch 4 step 1650]  loss=4.84e-01  l1=4.84e-01  l2=0.00e+00  psnr=15.8  cos=0.6609
[epoch 4 step 1700]  loss=7.41e-01  l1=7.41e-01  l2=0.00e+00  psnr=13.3  cos=0.4688
[epoch 4 step 1750]  loss=5.50e-01  l1=5.50e-01  l2=0.00e+00  psnr=15.4  cos=0.5358
[epoch 4 step 1800]  loss=6.34e-01  l1=6.34e-01  l2=0.00e+00  psnr=13.9  cos=0.5537
[epoch 4 step 1850]  loss=5.51e-01  l1=5.51e-01  l2=0.00e+00  psnr=15.4  cos=0.5397
[epoch 4 step 1900]  loss=6.45e-01  l1=6.45e-01  l2=0.00e+00  psnr=14.3  cos=0.5277
[epoch 4 step 1950]  loss=5.64e-01  l1=5.64e-01  l2=0.00e+00  psnr=14.6  cos=0.6133
[epoch 4 step 2000]  loss=6.23e-01  l1=6.23e-01  l2=0.00e+00  psnr=14.3  cos=0.5496
[epoch 4 step 2050]  loss=5.71e-01  l1=5.71e-01  l2=0.00e+00  psnr=15.2  cos=0.5344
[epoch 4 step 2100]  loss=5.74e-01  l1=5.74e-01  l2=0.00e+00  psnr=15.2  cos=0.5366
[epoch 4 step 2150]  loss=6.26e-01  l1=6.26e-01  l2=0.00e+00  psnr=14.1  cos=0.5518
[epoch 4 step 2200]  loss=5.80e-01  l1=5.80e-01  l2=0.00e+00  psnr=15.0  cos=0.5236
[epoch 4 step 2250]  loss=6.10e-01  l1=6.10e-01  l2=0.00e+00  psnr=14.4  cos=0.5676
[epoch 4 step 2300]  loss=5.98e-01  l1=5.98e-01  l2=0.00e+00  psnr=14.4  cos=0.5861
[epoch 4 step 2350]  loss=5.47e-01  l1=5.47e-01  l2=0.00e+00  psnr=15.1  cos=0.6256
[epoch 4 step 2400]  loss=5.03e-01  l1=5.03e-01  l2=0.00e+00  psnr=15.9  cos=0.6386
[epoch 4 step 2450]  loss=7.60e-01  l1=7.60e-01  l2=0.00e+00  psnr=12.8  cos=0.4948
[epoch 4 step 2500]  loss=5.62e-01  l1=5.62e-01  l2=0.00e+00  psnr=15.3  cos=0.5184
[epoch 4 step 2550]  loss=5.67e-01  l1=5.67e-01  l2=0.00e+00  psnr=15.3  cos=0.5194
[epoch 4 step 2600]  loss=7.24e-01  l1=7.24e-01  l2=0.00e+00  psnr=13.3  cos=0.4977
[epoch 4 step 2650]  loss=5.86e-01  l1=5.86e-01  l2=0.00e+00  psnr=15.1  cos=0.4867
[epoch 4 step 2700]  loss=6.97e-01  l1=6.97e-01  l2=0.00e+00  psnr=13.6  cos=0.4851
[epoch 4 step 2750]  loss=5.31e-01  l1=5.31e-01  l2=0.00e+00  psnr=15.7  cos=0.5631
[epoch 4 step 2800]  loss=6.05e-01  l1=6.05e-01  l2=0.00e+00  psnr=14.8  cos=0.4725
[epoch 4 step 2850]  loss=5.82e-01  l1=5.82e-01  l2=0.00e+00  psnr=15.0  cos=0.5409
[epoch 4 step 2900]  loss=5.62e-01  l1=5.62e-01  l2=0.00e+00  psnr=15.2  cos=0.5459
[epoch 4 step 2950]  loss=5.80e-01  l1=5.80e-01  l2=0.00e+00  psnr=14.9  cos=0.5321
[epoch 4 step 3000]  loss=6.48e-01  l1=6.48e-01  l2=0.00e+00  psnr=14.0  cos=0.5433
[epoch 4 step 3050]  loss=5.63e-01  l1=5.63e-01  l2=0.00e+00  psnr=15.2  cos=0.5407
[epoch 4 step 3100]  loss=5.55e-01  l1=5.55e-01  l2=0.00e+00  psnr=15.3  cos=0.5485
[epoch 4 step 3150]  loss=5.91e-01  l1=5.91e-01  l2=0.00e+00  psnr=14.9  cos=0.5121
[epoch 4 step 3200]  loss=5.81e-01  l1=5.81e-01  l2=0.00e+00  psnr=14.8  cos=0.5867
[epoch 4 step 3250]  loss=5.24e-01  l1=5.24e-01  l2=0.00e+00  psnr=15.5  cos=0.5789
[epoch 4 step 3300]  loss=5.46e-01  l1=5.46e-01  l2=0.00e+00  psnr=15.3  cos=0.5670
[epoch 4 step 3350]  loss=5.51e-01  l1=5.51e-01  l2=0.00e+00  psnr=15.4  cos=0.5510
[epoch 4 step 3400]  loss=5.98e-01  l1=5.98e-01  l2=0.00e+00  psnr=14.9  cos=0.5093
[epoch 4 step 3450]  loss=5.78e-01  l1=5.78e-01  l2=0.00e+00  psnr=15.2  cos=0.4841
[epoch 4 step 3500]  loss=5.17e-01  l1=5.17e-01  l2=0.00e+00  psnr=15.6  cos=0.5838
[epoch 4 step 3550]  loss=3.72e-01  l1=3.72e-01  l2=0.00e+00  psnr=17.6  cos=0.7609
[epoch 4 step 3600]  loss=5.25e-01  l1=5.25e-01  l2=0.00e+00  psnr=15.3  cos=0.6399
[epoch 4 step 3650]  loss=5.44e-01  l1=5.44e-01  l2=0.00e+00  psnr=15.5  cos=0.5407
[epoch 4 step 3700]  loss=5.45e-01  l1=5.45e-01  l2=0.00e+00  psnr=15.5  cos=0.5446
[epoch 4 step 3750]  loss=5.50e-01  l1=5.50e-01  l2=0.00e+00  psnr=15.4  cos=0.5418
[epoch 4 step 3800]  loss=6.19e-01  l1=6.19e-01  l2=0.00e+00  psnr=14.8  cos=0.4200
[epoch 4 step 3850]  loss=6.42e-01  l1=6.42e-01  l2=0.00e+00  psnr=14.4  cos=0.5230
[epoch 4 step 3900]  loss=5.42e-01  l1=5.42e-01  l2=0.00e+00  psnr=15.4  cos=0.5617
[epoch 4 step 3950]  loss=6.76e-01  l1=6.76e-01  l2=0.00e+00  psnr=13.6  cos=0.5237
[epoch 4 step 4000]  loss=5.37e-01  l1=5.37e-01  l2=0.00e+00  psnr=15.4  cos=0.5914
[epoch 4 step 4050]  loss=5.50e-01  l1=5.50e-01  l2=0.00e+00  psnr=15.5  cos=0.5358
[epoch 4 step 4100]  loss=5.95e-01  l1=5.95e-01  l2=0.00e+00  psnr=14.8  cos=0.5391
[epoch 4 step 4150]  loss=5.90e-01  l1=5.90e-01  l2=0.00e+00  psnr=14.5  cos=0.5903
[epoch 4 step 4200]  loss=6.11e-01  l1=6.11e-01  l2=0.00e+00  psnr=14.7  cos=0.4816
[epoch 4 step 4250]  loss=6.33e-01  l1=6.33e-01  l2=0.00e+00  psnr=14.1  cos=0.5828
[epoch 4 step 4300]  loss=6.33e-01  l1=6.33e-01  l2=0.00e+00  psnr=14.4  cos=0.4918
[epoch 4 step 4350]  loss=5.62e-01  l1=5.62e-01  l2=0.00e+00  psnr=15.3  cos=0.5324
[epoch 4 step 4400]  loss=5.61e-01  l1=5.61e-01  l2=0.00e+00  psnr=15.1  cos=0.6021
[epoch 4 step 4450]  loss=6.53e-01  l1=6.53e-01  l2=0.00e+00  psnr=14.4  cos=0.4495
[epoch 4 step 4500]  loss=5.53e-01  l1=5.53e-01  l2=0.00e+00  psnr=15.4  cos=0.5745
[epoch 4 step 4550]  loss=6.21e-01  l1=6.21e-01  l2=0.00e+00  psnr=14.4  cos=0.5695
[epoch 4 step 4600]  loss=5.65e-01  l1=5.65e-01  l2=0.00e+00  psnr=15.3  cos=0.5066
[epoch 4 step 4650]  loss=5.55e-01  l1=5.55e-01  l2=0.00e+00  psnr=15.4  cos=0.5223
[epoch 4 step 4700]  loss=5.97e-01  l1=5.97e-01  l2=0.00e+00  psnr=14.6  cos=0.5738
[epoch 4 step 4750]  loss=5.71e-01  l1=5.71e-01  l2=0.00e+00  psnr=15.1  cos=0.5339
[epoch 4 step 4800]  loss=6.43e-01  l1=6.43e-01  l2=0.00e+00  psnr=14.1  cos=0.5454
[epoch 4 step 4850]  loss=5.75e-01  l1=5.75e-01  l2=0.00e+00  psnr=15.1  cos=0.5368
[epoch 4 step 4900]  loss=5.72e-01  l1=5.72e-01  l2=0.00e+00  psnr=15.2  cos=0.5020
[epoch 4 step 4950]  loss=6.69e-01  l1=6.69e-01  l2=0.00e+00  psnr=13.7  cos=0.5394
[epoch 4 DONE]  final_loss=5.07e-01  psnr=13.69  cos=0.5394
[checkpoint] /workspace/runs/trial5/checkpoints/epoch_0004.pt
[val epoch 4]  latent_l1=0.5827  latent_l2=0.8279  latent_psnr=26.3657
[best] new best latent_psnr=26.3657 (prev=26.3456) -> /workspace/runs/trial5/checkpoints/best.pt
[epoch 5 step 000]  loss=6.87e-01  l1=6.87e-01  l2=0.00e+00  psnr=13.5  cos=0.5209
[epoch 5 step 050]  loss=5.10e-01  l1=5.10e-01  l2=0.00e+00  psnr=15.6  cos=0.6051
[epoch 5 step 100]  loss=5.74e-01  l1=5.74e-01  l2=0.00e+00  psnr=14.7  cos=0.6242
[epoch 5 step 150]  loss=6.72e-01  l1=6.72e-01  l2=0.00e+00  psnr=13.7  cos=0.5331
[epoch 5 step 200]  loss=5.87e-01  l1=5.87e-01  l2=0.00e+00  psnr=14.7  cos=0.5924
[epoch 5 step 250]  loss=6.53e-01  l1=6.53e-01  l2=0.00e+00  psnr=13.9  cos=0.5532
[epoch 5 step 300]  loss=6.34e-01  l1=6.34e-01  l2=0.00e+00  psnr=14.3  cos=0.5404
[epoch 5 step 350]  loss=6.14e-01  l1=6.14e-01  l2=0.00e+00  psnr=14.7  cos=0.5099
[epoch 5 step 400]  loss=5.64e-01  l1=5.64e-01  l2=0.00e+00  psnr=15.2  cos=0.5415
[epoch 5 step 450]  loss=5.00e-01  l1=5.00e-01  l2=0.00e+00  psnr=16.0  cos=0.6054
[epoch 5 step 500]  loss=5.53e-01  l1=5.53e-01  l2=0.00e+00  psnr=15.5  cos=0.5245
[epoch 5 step 550]  loss=5.61e-01  l1=5.61e-01  l2=0.00e+00  psnr=15.2  cos=0.5514
[epoch 5 step 600]  loss=5.59e-01  l1=5.59e-01  l2=0.00e+00  psnr=15.2  cos=0.5350
[epoch 5 step 650]  loss=5.40e-01  l1=5.40e-01  l2=0.00e+00  psnr=15.4  cos=0.5771
[epoch 5 step 700]  loss=5.67e-01  l1=5.67e-01  l2=0.00e+00  psnr=15.3  cos=0.5068
[epoch 5 step 750]  loss=5.59e-01  l1=5.59e-01  l2=0.00e+00  psnr=15.1  cos=0.5622
[epoch 5 step 800]  loss=5.57e-01  l1=5.57e-01  l2=0.00e+00  psnr=14.9  cos=0.6152
[epoch 5 step 850]  loss=6.46e-01  l1=6.46e-01  l2=0.00e+00  psnr=13.9  cos=0.5421
[epoch 5 step 900]  loss=6.81e-01  l1=6.81e-01  l2=0.00e+00  psnr=13.7  cos=0.5220
[epoch 5 step 950]  loss=5.34e-01  l1=5.34e-01  l2=0.00e+00  psnr=15.5  cos=0.5621
[epoch 5 step 1000]  loss=6.52e-01  l1=6.52e-01  l2=0.00e+00  psnr=13.7  cos=0.5502
[epoch 5 step 1050]  loss=5.64e-01  l1=5.64e-01  l2=0.00e+00  psnr=15.2  cos=0.5308
[epoch 5 step 1100]  loss=5.41e-01  l1=5.41e-01  l2=0.00e+00  psnr=15.5  cos=0.5611
[epoch 5 step 1150]  loss=6.31e-01  l1=6.31e-01  l2=0.00e+00  psnr=14.2  cos=0.5599
[epoch 5 step 1200]  loss=7.01e-01  l1=7.01e-01  l2=0.00e+00  psnr=13.7  cos=0.5025
[epoch 5 step 1250]  loss=6.21e-01  l1=6.21e-01  l2=0.00e+00  psnr=14.3  cos=0.5643
[epoch 5 step 1300]  loss=5.74e-01  l1=5.74e-01  l2=0.00e+00  psnr=15.1  cos=0.5330
[epoch 5 step 1350]  loss=5.18e-01  l1=5.18e-01  l2=0.00e+00  psnr=15.7  cos=0.6356
[epoch 5 step 1400]  loss=4.88e-01  l1=4.88e-01  l2=0.00e+00  psnr=15.8  cos=0.6651
[epoch 5 step 1450]  loss=5.58e-01  l1=5.58e-01  l2=0.00e+00  psnr=15.4  cos=0.5178
[epoch 5 step 1500]  loss=6.36e-01  l1=6.36e-01  l2=0.00e+00  psnr=14.2  cos=0.5754
[epoch 5 step 1550]  loss=6.15e-01  l1=6.15e-01  l2=0.00e+00  psnr=14.7  cos=0.4835
[epoch 5 step 1600]  loss=5.58e-01  l1=5.58e-01  l2=0.00e+00  psnr=15.4  cos=0.5334
[epoch 5 step 1650]  loss=6.69e-01  l1=6.69e-01  l2=0.00e+00  psnr=13.7  cos=0.5322
[epoch 5 step 1700]  loss=6.12e-01  l1=6.12e-01  l2=0.00e+00  psnr=14.8  cos=0.4648
[epoch 5 step 1750]  loss=5.51e-01  l1=5.51e-01  l2=0.00e+00  psnr=15.2  cos=0.5725
[epoch 5 step 1800]  loss=6.04e-01  l1=6.04e-01  l2=0.00e+00  psnr=14.6  cos=0.5807
[epoch 5 step 1850]  loss=5.44e-01  l1=5.44e-01  l2=0.00e+00  psnr=15.3  cos=0.5568
[epoch 5 step 1900]  loss=5.09e-01  l1=5.09e-01  l2=0.00e+00  psnr=16.1  cos=0.5650
[epoch 5 step 1950]  loss=5.36e-01  l1=5.36e-01  l2=0.00e+00  psnr=15.2  cos=0.6395
[epoch 5 step 2000]  loss=5.15e-01  l1=5.15e-01  l2=0.00e+00  psnr=15.8  cos=0.6223
[epoch 5 step 2050]  loss=5.64e-01  l1=5.64e-01  l2=0.00e+00  psnr=15.3  cos=0.5190
[epoch 5 step 2100]  loss=7.20e-01  l1=7.20e-01  l2=0.00e+00  psnr=13.3  cos=0.4610
[epoch 5 step 2150]  loss=5.94e-01  l1=5.94e-01  l2=0.00e+00  psnr=15.0  cos=0.5687
[epoch 5 step 2200]  loss=6.01e-01  l1=6.01e-01  l2=0.00e+00  psnr=14.6  cos=0.5811
[epoch 5 step 2250]  loss=4.26e-01  l1=4.26e-01  l2=0.00e+00  psnr=16.7  cos=0.7126
[epoch 5 step 2300]  loss=5.88e-01  l1=5.88e-01  l2=0.00e+00  psnr=14.8  cos=0.5189
[epoch 5 step 2350]  loss=5.48e-01  l1=5.48e-01  l2=0.00e+00  psnr=15.4  cos=0.5449
[epoch 5 step 2400]  loss=5.73e-01  l1=5.73e-01  l2=0.00e+00  psnr=15.2  cos=0.5038
[epoch 5 step 2450]  loss=6.76e-01  l1=6.76e-01  l2=0.00e+00  psnr=13.7  cos=0.5175
[epoch 5 step 2500]  loss=5.59e-01  l1=5.59e-01  l2=0.00e+00  psnr=15.4  cos=0.5285
[epoch 5 step 2550]  loss=5.52e-01  l1=5.52e-01  l2=0.00e+00  psnr=15.3  cos=0.5498
[epoch 5 step 2600]  loss=6.10e-01  l1=6.10e-01  l2=0.00e+00  psnr=14.7  cos=0.5116
[epoch 5 step 2650]  loss=5.18e-01  l1=5.18e-01  l2=0.00e+00  psnr=15.8  cos=0.6392
[epoch 5 step 2700]  loss=4.91e-01  l1=4.91e-01  l2=0.00e+00  psnr=15.9  cos=0.6628
[epoch 5 step 2750]  loss=6.03e-01  l1=6.03e-01  l2=0.00e+00  psnr=14.8  cos=0.4970
[epoch 5 step 2800]  loss=6.71e-01  l1=6.71e-01  l2=0.00e+00  psnr=13.7  cos=0.5333
[epoch 5 step 2850]  loss=5.37e-01  l1=5.37e-01  l2=0.00e+00  psnr=15.6  cos=0.5553
[epoch 5 step 2900]  loss=5.50e-01  l1=5.50e-01  l2=0.00e+00  psnr=15.4  cos=0.5467
[epoch 5 step 2950]  loss=5.89e-01  l1=5.89e-01  l2=0.00e+00  psnr=15.0  cos=0.5243
[epoch 5 step 3000]  loss=5.64e-01  l1=5.64e-01  l2=0.00e+00  psnr=15.1  cos=0.5704
[epoch 5 step 3050]  loss=5.91e-01  l1=5.91e-01  l2=0.00e+00  psnr=14.9  cos=0.5031
[epoch 5 step 3100]  loss=5.46e-01  l1=5.46e-01  l2=0.00e+00  psnr=15.4  cos=0.5320
[epoch 5 step 3150]  loss=5.87e-01  l1=5.87e-01  l2=0.00e+00  psnr=14.8  cos=0.5799
[epoch 5 step 3200]  loss=7.24e-01  l1=7.24e-01  l2=0.00e+00  psnr=13.3  cos=0.4738
[epoch 5 step 3250]  loss=4.79e-01  l1=4.79e-01  l2=0.00e+00  psnr=15.8  cos=0.6864
[epoch 5 step 3300]  loss=5.40e-01  l1=5.40e-01  l2=0.00e+00  psnr=15.5  cos=0.5392
[epoch 5 step 3350]  loss=6.07e-01  l1=6.07e-01  l2=0.00e+00  psnr=14.6  cos=0.5696
[epoch 5 step 3400]  loss=7.07e-01  l1=7.07e-01  l2=0.00e+00  psnr=13.2  cos=0.5268
[epoch 5 step 3450]  loss=6.35e-01  l1=6.35e-01  l2=0.00e+00  psnr=14.3  cos=0.5531
[epoch 5 step 3500]  loss=6.14e-01  l1=6.14e-01  l2=0.00e+00  psnr=14.7  cos=0.5499
[epoch 5 step 3550]  loss=5.96e-01  l1=5.96e-01  l2=0.00e+00  psnr=14.8  cos=0.5130
[epoch 5 step 3600]  loss=6.46e-01  l1=6.46e-01  l2=0.00e+00  psnr=14.1  cos=0.5432
[epoch 5 step 3650]  loss=5.53e-01  l1=5.53e-01  l2=0.00e+00  psnr=15.3  cos=0.5646
[epoch 5 step 3700]  loss=6.06e-01  l1=6.06e-01  l2=0.00e+00  psnr=14.4  cos=0.5947
[epoch 5 step 3750]  loss=6.00e-01  l1=6.00e-01  l2=0.00e+00  psnr=14.4  cos=0.5948
[epoch 5 step 3800]  loss=5.72e-01  l1=5.72e-01  l2=0.00e+00  psnr=14.8  cos=0.6089
[epoch 5 step 3850]  loss=5.23e-01  l1=5.23e-01  l2=0.00e+00  psnr=15.7  cos=0.5627
[epoch 5 step 3900]  loss=5.47e-01  l1=5.47e-01  l2=0.00e+00  psnr=15.5  cos=0.5546
[epoch 5 step 3950]  loss=5.45e-01  l1=5.45e-01  l2=0.00e+00  psnr=15.5  cos=0.5457
[epoch 5 step 4000]  loss=5.85e-01  l1=5.85e-01  l2=0.00e+00  psnr=14.5  cos=0.5946
[epoch 5 step 4050]  loss=5.91e-01  l1=5.91e-01  l2=0.00e+00  psnr=14.8  cos=0.5771
[epoch 5 step 4100]  loss=7.00e-01  l1=7.00e-01  l2=0.00e+00  psnr=13.6  cos=0.5107
[epoch 5 step 4150]  loss=5.92e-01  l1=5.92e-01  l2=0.00e+00  psnr=14.6  cos=0.5935
[epoch 5 step 4200]  loss=6.03e-01  l1=6.03e-01  l2=0.00e+00  psnr=14.6  cos=0.5889
[epoch 5 step 4250]  loss=5.67e-01  l1=5.67e-01  l2=0.00e+00  psnr=15.1  cos=0.5351
[epoch 5 step 4300]  loss=4.50e-01  l1=4.50e-01  l2=0.00e+00  psnr=16.6  cos=0.7036
[epoch 5 step 4350]  loss=4.28e-01  l1=4.28e-01  l2=0.00e+00  psnr=16.6  cos=0.7086
[epoch 5 step 4400]  loss=6.32e-01  l1=6.32e-01  l2=0.00e+00  psnr=14.3  cos=0.5480
[epoch 5 step 4450]  loss=6.06e-01  l1=6.06e-01  l2=0.00e+00  psnr=14.7  cos=0.5516
[epoch 5 step 4500]  loss=6.03e-01  l1=6.03e-01  l2=0.00e+00  psnr=14.4  cos=0.5837
[epoch 5 step 4550]  loss=5.52e-01  l1=5.52e-01  l2=0.00e+00  psnr=15.4  cos=0.5758
[epoch 5 step 4600]  loss=7.33e-01  l1=7.33e-01  l2=0.00e+00  psnr=13.2  cos=0.4642
[epoch 5 step 4650]  loss=5.30e-01  l1=5.30e-01  l2=0.00e+00  psnr=15.7  cos=0.5818
[epoch 5 step 4700]  loss=5.84e-01  l1=5.84e-01  l2=0.00e+00  psnr=15.0  cos=0.5782
[epoch 5 step 4750]  loss=3.24e-01  l1=3.24e-01  l2=0.00e+00  psnr=18.7  cos=0.7955
[epoch 5 step 4800]  loss=7.19e-01  l1=7.19e-01  l2=0.00e+00  psnr=13.2  cos=0.4922
[epoch 5 step 4850]  loss=5.92e-01  l1=5.92e-01  l2=0.00e+00  psnr=14.9  cos=0.5108
[epoch 5 step 4900]  loss=6.86e-01  l1=6.86e-01  l2=0.00e+00  psnr=13.5  cos=0.5429
[epoch 5 step 4950]  loss=5.90e-01  l1=5.90e-01  l2=0.00e+00  psnr=14.8  cos=0.5338
[epoch 5 DONE]  final_loss=5.63e-01  psnr=14.77  cos=0.5338
[checkpoint] /workspace/runs/trial5/checkpoints/epoch_0005.pt
[val epoch 5]  latent_l1=0.5751  latent_l2=0.8215  latent_psnr=26.4933  gap_to_upper_psnr=13.8423  gap_to_upper_ssim_3d=0.2275  image_psnr_3d=17.0974  image_ssim_3d=0.4920
[best] new best latent_psnr=26.4933 (prev=26.3657) -> /workspace/runs/trial5/checkpoints/best.pt
[epoch 6 step 000]  loss=6.88e-01  l1=6.88e-01  l2=0.00e+00  psnr=13.7  cos=0.5218
[epoch 6 step 050]  loss=6.14e-01  l1=6.14e-01  l2=0.00e+00  psnr=14.6  cos=0.4537
[epoch 6 step 100]  loss=7.15e-01  l1=7.15e-01  l2=0.00e+00  psnr=13.2  cos=0.5041
[epoch 6 step 150]  loss=5.58e-01  l1=5.58e-01  l2=0.00e+00  psnr=15.2  cos=0.5829
[epoch 6 step 200]  loss=5.52e-01  l1=5.52e-01  l2=0.00e+00  psnr=15.4  cos=0.5574
[epoch 6 step 250]  loss=5.88e-01  l1=5.88e-01  l2=0.00e+00  psnr=14.9  cos=0.5538
[epoch 6 step 300]  loss=5.80e-01  l1=5.80e-01  l2=0.00e+00  psnr=15.0  cos=0.5265
[epoch 6 step 350]  loss=5.62e-01  l1=5.62e-01  l2=0.00e+00  psnr=15.2  cos=0.5493
[epoch 6 step 400]  loss=6.09e-01  l1=6.09e-01  l2=0.00e+00  psnr=14.4  cos=0.5759
[epoch 6 step 450]  loss=5.97e-01  l1=5.97e-01  l2=0.00e+00  psnr=14.4  cos=0.5787
[epoch 6 step 500]  loss=6.21e-01  l1=6.21e-01  l2=0.00e+00  psnr=14.5  cos=0.4831
[epoch 6 step 550]  loss=5.98e-01  l1=5.98e-01  l2=0.00e+00  psnr=14.5  cos=0.5941
[epoch 6 step 600]  loss=5.22e-01  l1=5.22e-01  l2=0.00e+00  psnr=15.7  cos=0.5602
[epoch 6 step 650]  loss=5.06e-01  l1=5.06e-01  l2=0.00e+00  psnr=15.8  cos=0.6150
[epoch 6 step 700]  loss=5.54e-01  l1=5.54e-01  l2=0.00e+00  psnr=15.3  cos=0.5406
[epoch 6 step 750]  loss=6.17e-01  l1=6.17e-01  l2=0.00e+00  psnr=14.4  cos=0.5673
[epoch 6 step 800]  loss=5.64e-01  l1=5.64e-01  l2=0.00e+00  psnr=15.0  cos=0.5671
[epoch 6 step 850]  loss=6.01e-01  l1=6.01e-01  l2=0.00e+00  psnr=14.9  cos=0.4998
[epoch 6 step 900]  loss=6.28e-01  l1=6.28e-01  l2=0.00e+00  psnr=14.2  cos=0.5886
[epoch 6 step 950]  loss=5.61e-01  l1=5.61e-01  l2=0.00e+00  psnr=15.1  cos=0.6034
[epoch 6 step 1000]  loss=6.54e-01  l1=6.54e-01  l2=0.00e+00  psnr=13.7  cos=0.5532
[epoch 6 step 1050]  loss=5.95e-01  l1=5.95e-01  l2=0.00e+00  psnr=14.9  cos=0.5199
[epoch 6 step 1100]  loss=5.42e-01  l1=5.42e-01  l2=0.00e+00  psnr=15.6  cos=0.5628
[epoch 6 step 1150]  loss=5.72e-01  l1=5.72e-01  l2=0.00e+00  psnr=15.2  cos=0.5428
[epoch 6 step 1200]  loss=6.47e-01  l1=6.47e-01  l2=0.00e+00  psnr=14.2  cos=0.5390
[epoch 6 step 1250]  loss=5.52e-01  l1=5.52e-01  l2=0.00e+00  psnr=15.1  cos=0.6231
[epoch 6 step 1300]  loss=6.86e-01  l1=6.86e-01  l2=0.00e+00  psnr=14.0  cos=0.4836
[epoch 6 step 1350]  loss=5.21e-01  l1=5.21e-01  l2=0.00e+00  psnr=15.7  cos=0.5934
[epoch 6 step 1400]  loss=4.75e-01  l1=4.75e-01  l2=0.00e+00  psnr=16.1  cos=0.6768
[epoch 6 step 1450]  loss=5.30e-01  l1=5.30e-01  l2=0.00e+00  psnr=15.6  cos=0.6129
[epoch 6 step 1500]  loss=5.93e-01  l1=5.93e-01  l2=0.00e+00  psnr=15.0  cos=0.4833
[epoch 6 step 1550]  loss=6.03e-01  l1=6.03e-01  l2=0.00e+00  psnr=14.3  cos=0.5863
[epoch 6 step 1600]  loss=5.95e-01  l1=5.95e-01  l2=0.00e+00  psnr=14.8  cos=0.5241
[epoch 6 step 1650]  loss=6.12e-01  l1=6.12e-01  l2=0.00e+00  psnr=14.3  cos=0.5831
[epoch 6 step 1700]  loss=6.53e-01  l1=6.53e-01  l2=0.00e+00  psnr=14.3  cos=0.5373
[epoch 6 step 1750]  loss=5.26e-01  l1=5.26e-01  l2=0.00e+00  psnr=15.6  cos=0.6331
[epoch 6 step 1800]  loss=6.13e-01  l1=6.13e-01  l2=0.00e+00  psnr=14.4  cos=0.5768
[epoch 6 step 1850]  loss=5.60e-01  l1=5.60e-01  l2=0.00e+00  psnr=15.2  cos=0.5428
[epoch 6 step 1900]  loss=5.14e-01  l1=5.14e-01  l2=0.00e+00  psnr=15.7  cos=0.6081
[epoch 6 step 1950]  loss=5.86e-01  l1=5.86e-01  l2=0.00e+00  psnr=14.7  cos=0.5939
W0514 07:19:49.547000 2316245 site-packages/torch/distributed/elastic/agent/server/api.py:719] Received 15 death signal, shutting down workers
W0514 07:19:49.548000 2316245 site-packages/torch/distributed/elastic/multiprocessing/api.py:900] Sending process 2316341 closing signal SIGTERM
Traceback (most recent call last):
  File "/opt/conda/bin/torchrun", line 8, in <module>
    sys.exit(main())
             ^^^^^^
  File "/opt/conda/lib/python3.11/site-packages/torch/distributed/elastic/multiprocessing/errors/__init__.py", line 355, in wrapper
    return f(*args, **kwargs)
           ^^^^^^^^^^^^^^^^^^
  File "/opt/conda/lib/python3.11/site-packages/torch/distributed/run.py", line 892, in main
    run(args)
  File "/opt/conda/lib/python3.11/site-packages/torch/distributed/run.py", line 883, in run
    elastic_launch(
  File "/opt/conda/lib/python3.11/site-packages/torch/distributed/launcher/api.py", line 139, in __call__
    return launch_agent(self._config, self._entrypoint, list(args))
           ^^^^^^^^^^^^^^^^^^^^^^^^^^^^^^^^^^^^^^^^^^^^^^^^^^^^^^^^
  File "/opt/conda/lib/python3.11/site-packages/torch/distributed/launcher/api.py", line 261, in launch_agent
    result = agent.run()
             ^^^^^^^^^^^
  File "/opt/conda/lib/python3.11/site-packages/torch/distributed/elastic/metrics/api.py", line 138, in wrapper
    result = f(*args, **kwargs)
             ^^^^^^^^^^^^^^^^^^
  File "/opt/conda/lib/python3.11/site-packages/torch/distributed/elastic/agent/server/api.py", line 711, in run
    result = self._invoke_run(role)
             ^^^^^^^^^^^^^^^^^^^^^^
  File "/opt/conda/lib/python3.11/site-packages/torch/distributed/elastic/agent/server/api.py", line 870, in _invoke_run
    time.sleep(monitor_interval)
  File "/opt/conda/lib/python3.11/site-packages/torch/distributed/elastic/multiprocessing/api.py", line 84, in _terminate_process_handler
    raise SignalException(f"Process {os.getpid()} got signal: {sigval}", sigval=sigval)
torch.distributed.elastic.multiprocessing.api.SignalException: Process 2316245 got signal: 15
